[0.006s][info][gc] Using G1
[0.461s][info][gc] GC(0) Pause Young (Normal) (G1 Evacuation Pause) 61M->14M(500M) 1.798ms
[0.461s][info][safepoint] Safepoint "G1CollectForAllocation", Time since last: 446653100 ns, Reaching safepoint: 1600 ns, At safepoint: 1849300 ns, Leaving safepoint: 6900 ns, Total: 1857800 ns, Threads: 0 runnable, 17 total
[1.165s][info][gc       ] GC(1) Pause Young (Normal) (G1 Evacuation Pause) 252M->41M(500M) 6.498ms
[1.165s][info][safepoint] Safepoint "G1CollectForAllocation", Time since last: 697490900 ns, Reaching safepoint: 2500 ns, At safepoint: 6559300 ns, Leaving safepoint: 8700 ns, Total: 6570500 ns, Threads: 0 runnable, 19 total
[1.479s][info][gc       ] GC(2) Pause Young (Concurrent Start) (Metadata GC Threshold) 236M->62M(500M) 6.453ms
[1.479s][info][gc       ] GC(3) Concurrent Mark Cycle
[1.479s][info][safepoint] Safepoint "CollectForMetadataAllocation", Time since last: 307630500 ns, Reaching safepoint: 2000 ns, At safepoint: 6498800 ns, Leaving safepoint: 5000 ns, Total: 6505800 ns, Threads: 0 runnable, 21 total
[1.487s][info][gc       ] GC(3) Pause Remark 64M->64M(214M) 1.109ms
[1.487s][info][safepoint] Safepoint "G1PauseRemark", Time since last: 6296300 ns, Reaching safepoint: 22100 ns, At safepoint: 1133600 ns, Leaving safepoint: 10000 ns, Total: 1165700 ns, Threads: 1 runnable, 21 total
[1.492s][info][gc       ] GC(3) Pause Cleanup 65M->65M(214M) 0.009ms
[1.492s][info][safepoint] Safepoint "G1PauseCleanup", Time since last: 4776800 ns, Reaching safepoint: 1400 ns, At safepoint: 29400 ns, Leaving safepoint: 2700 ns, Total: 33500 ns, Threads: 1 runnable, 21 total
[1.492s][info][gc       ] GC(3) Concurrent Mark Cycle 12.693ms
[2.004s][info][gc       ] GC(4) Pause Young (Prepare Mixed) (G1 Evacuation Pause) 170M->74M(214M) 6.446ms
[2.005s][info][safepoint] Safepoint "G1CollectForAllocation", Time since last: 506440200 ns, Reaching safepoint: 12300 ns, At safepoint: 6480800 ns, Leaving safepoint: 9400 ns, Total: 6502500 ns, Threads: 1 runnable, 21 total
[2.171s][info][gc       ] GC(5) Pause Young (Mixed) (G1 Evacuation Pause) 174M->102M(214M) 13.029ms
[2.171s][info][safepoint] Safepoint "G1CollectForAllocation", Time since last: 153139500 ns, Reaching safepoint: 3200 ns, At safepoint: 13060700 ns, Leaving safepoint: 14500 ns, Total: 13078400 ns, Threads: 0 runnable, 23 total
[7.254s][info][gc       ] GC(6) Pause Young (Normal) (G1 Evacuation Pause) 172M->113M(214M) 10.219ms
[7.254s][info][safepoint] Safepoint "G1CollectForAllocation", Time since last: 5072927200 ns, Reaching safepoint: 2400 ns, At safepoint: 10255900 ns, Leaving safepoint: 9500 ns, Total: 10267800 ns, Threads: 0 runnable, 16 total
[7.939s][info][gc       ] GC(7) Pause Young (Concurrent Start) (Metadata GC Threshold) 148M->116M(214M) 5.009ms
[7.939s][info][gc       ] GC(8) Concurrent Mark Cycle
[7.939s][info][safepoint] Safepoint "CollectForMetadataAllocation", Time since last: 680212300 ns, Reaching safepoint: 2700 ns, At safepoint: 5061700 ns, Leaving safepoint: 9700 ns, Total: 5074100 ns, Threads: 0 runnable, 17 total
[7.962s][info][safepoint] Safepoint "CollectForMetadataAllocation", Time since last: 22905100 ns, Reaching safepoint: 26300 ns, At safepoint: 7700 ns, Leaving safepoint: 9500 ns, Total: 43500 ns, Threads: 0 runnable, 17 total
[7.981s][info][gc       ] GC(8) Pause Remark 124M->124M(214M) 3.035ms
[7.981s][info][safepoint] Safepoint "G1PauseRemark", Time since last: 16067900 ns, Reaching safepoint: 11700 ns, At safepoint: 3059000 ns, Leaving safepoint: 7400 ns, Total: 3078100 ns, Threads: 1 runnable, 17 total
[7.996s][info][gc       ] GC(8) Pause Cleanup 129M->129M(214M) 0.016ms
[7.996s][info][safepoint] Safepoint "G1PauseCleanup", Time since last: 14134100 ns, Reaching safepoint: 53200 ns, At safepoint: 47400 ns, Leaving safepoint: 3900 ns, Total: 104500 ns, Threads: 1 runnable, 17 total
[7.996s][info][gc       ] GC(8) Concurrent Mark Cycle 56.483ms
[8.202s][info][gc       ] GC(9) Pause Young (Prepare Mixed) (G1 Evacuation Pause) 182M->121M(214M) 2.769ms
[8.202s][info][safepoint] Safepoint "G1CollectForAllocation", Time since last: 203766900 ns, Reaching safepoint: 2800 ns, At safepoint: 2805000 ns, Leaving safepoint: 13700 ns, Total: 2821500 ns, Threads: 0 runnable, 18 total
[8.440s][info][gc       ] GC(10) Pause Young (Mixed) (G1 Evacuation Pause) 185M->119M(214M) 3.884ms
[8.440s][info][safepoint] Safepoint "G1CollectForAllocation", Time since last: 233646100 ns, Reaching safepoint: 2200 ns, At safepoint: 3918500 ns, Leaving safepoint: 8200 ns, Total: 3928900 ns, Threads: 0 runnable, 18 total
[8.725s][info][gc       ] GC(11) Pause Young (Concurrent Start) (G1 Evacuation Pause) 187M->124M(270M) 5.602ms
[8.725s][info][gc       ] GC(12) Concurrent Mark Cycle
[8.725s][info][safepoint] Safepoint "G1CollectForAllocation", Time since last: 279244900 ns, Reaching safepoint: 3300 ns, At safepoint: 5645500 ns, Leaving safepoint: 19100 ns, Total: 5667900 ns, Threads: 0 runnable, 18 total
[8.776s][info][gc       ] GC(12) Pause Remark 142M->142M(270M) 3.303ms
[8.777s][info][safepoint] Safepoint "G1PauseRemark", Time since last: 48474700 ns, Reaching safepoint: 32400 ns, At safepoint: 3340100 ns, Leaving safepoint: 9400 ns, Total: 3381900 ns, Threads: 1 runnable, 18 total
[8.792s][info][gc       ] GC(12) Pause Cleanup 148M->148M(270M) 0.014ms
[8.793s][info][safepoint] Safepoint "G1PauseCleanup", Time since last: 15936000 ns, Reaching safepoint: 12300 ns, At safepoint: 45700 ns, Leaving safepoint: 3500 ns, Total: 61500 ns, Threads: 1 runnable, 18 total
[8.793s][info][gc       ] GC(12) Concurrent Mark Cycle 68.114ms
[8.953s][info][gc       ] GC(13) Pause Young (Prepare Mixed) (G1 Evacuation Pause) 236M->131M(270M) 6.628ms
[8.953s][info][safepoint] Safepoint "G1CollectForAllocation", Time since last: 153787600 ns, Reaching safepoint: 3700 ns, At safepoint: 6664600 ns, Leaving safepoint: 11000 ns, Total: 6679300 ns, Threads: 0 runnable, 18 total
[9.138s][info][gc       ] GC(14) Pause Young (Mixed) (G1 Evacuation Pause) 239M->135M(270M) 9.136ms
[9.138s][info][safepoint] Safepoint "G1CollectForAllocation", Time since last: 175592900 ns, Reaching safepoint: 3100 ns, At safepoint: 9170600 ns, Leaving safepoint: 11200 ns, Total: 9184900 ns, Threads: 0 runnable, 19 total
[9.516s][info][gc       ] GC(15) Pause Young (Concurrent Start) (G1 Evacuation Pause) 243M->138M(270M) 5.588ms
[9.516s][info][gc       ] GC(16) Concurrent Mark Cycle
[9.516s][info][safepoint] Safepoint "G1CollectForAllocation", Time since last: 372670300 ns, Reaching safepoint: 3200 ns, At safepoint: 5635000 ns, Leaving safepoint: 7000 ns, Total: 5645200 ns, Threads: 0 runnable, 22 total
[9.568s][info][gc       ] GC(16) Pause Remark 156M->156M(270M) 2.688ms
[9.568s][info][safepoint] Safepoint "G1PauseRemark", Time since last: 49496200 ns, Reaching safepoint: 13400 ns, At safepoint: 2720800 ns, Leaving safepoint: 10200 ns, Total: 2744400 ns, Threads: 1 runnable, 22 total
[9.585s][info][gc       ] GC(16) Pause Cleanup 161M->161M(270M) 0.017ms
[9.585s][info][safepoint] Safepoint "G1PauseCleanup", Time since last: 16947500 ns, Reaching safepoint: 2500 ns, At safepoint: 54100 ns, Leaving safepoint: 3100 ns, Total: 59700 ns, Threads: 1 runnable, 22 total
[9.585s][info][gc       ] GC(16) Concurrent Mark Cycle 69.426ms
[9.937s][info][gc       ] GC(17) Pause Young (Prepare Mixed) (G1 Evacuation Pause) 246M->141M(270M) 5.106ms
[9.937s][info][safepoint] Safepoint "G1CollectForAllocation", Time since last: 346738600 ns, Reaching safepoint: 105100 ns, At safepoint: 5145900 ns, Leaving safepoint: 11900 ns, Total: 5262900 ns, Threads: 1 runnable, 22 total
[10.079s][info][gc       ] GC(18) Pause Young (Mixed) (G1 Evacuation Pause) 249M->146M(270M) 17.248ms
[10.079s][info][safepoint] Safepoint "G1CollectForAllocation", Time since last: 124115500 ns, Reaching safepoint: 3300 ns, At safepoint: 17287900 ns, Leaving safepoint: 5500 ns, Total: 17296700 ns, Threads: 0 runnable, 22 total
[10.364s][info][gc       ] GC(19) Pause Young (Concurrent Start) (G1 Evacuation Pause) 250M->149M(434M) 6.202ms
[10.364s][info][gc       ] GC(20) Concurrent Mark Cycle
[10.364s][info][safepoint] Safepoint "G1CollectForAllocation", Time since last: 278826700 ns, Reaching safepoint: 3500 ns, At safepoint: 6247800 ns, Leaving safepoint: 5100 ns, Total: 6256400 ns, Threads: 0 runnable, 22 total
[10.428s][info][gc       ] GC(20) Pause Remark 168M->168M(434M) 2.822ms
[10.428s][info][safepoint] Safepoint "G1PauseRemark", Time since last: 61730100 ns, Reaching safepoint: 13100 ns, At safepoint: 2863600 ns, Leaving safepoint: 2700 ns, Total: 2879400 ns, Threads: 1 runnable, 22 total
[10.446s][info][gc       ] GC(20) Pause Cleanup 173M->173M(434M) 0.017ms
[10.446s][info][safepoint] Safepoint "G1PauseCleanup", Time since last: 17898900 ns, Reaching safepoint: 12600 ns, At safepoint: 50500 ns, Leaving safepoint: 3200 ns, Total: 66300 ns, Threads: 1 runnable, 22 total
[10.447s][info][gc       ] GC(20) Concurrent Mark Cycle 83.031ms
[11.084s][info][gc       ] GC(21) Pause Young (Prepare Mixed) (G1 Evacuation Pause) 399M->170M(434M) 7.731ms
[11.084s][info][safepoint] Safepoint "G1CollectForAllocation", Time since last: 629953200 ns, Reaching safepoint: 3200 ns, At safepoint: 7771700 ns, Leaving safepoint: 13400 ns, Total: 7788300 ns, Threads: 0 runnable, 25 total
[12.129s][info][gc       ] GC(22) Pause Young (Mixed) (G1 Evacuation Pause) 394M->178M(434M) 9.000ms
[12.129s][info][safepoint] Safepoint "G1CollectForAllocation", Time since last: 1035990300 ns, Reaching safepoint: 3900 ns, At safepoint: 9037600 ns, Leaving safepoint: 11800 ns, Total: 9053300 ns, Threads: 0 runnable, 22 total
[12.478s][info][gc       ] GC(23) Pause Young (Concurrent Start) (G1 Humongous Allocation) 369M->202M(434M) 7.097ms
[12.478s][info][gc       ] GC(24) Concurrent Mark Cycle
[12.478s][info][safepoint] Safepoint "G1TryInitiateConcMark", Time since last: 339052600 ns, Reaching safepoint: 2474700 ns, At safepoint: 7147700 ns, Leaving safepoint: 24800 ns, Total: 9647200 ns, Threads: 9 runnable, 47 total
[12.573s][info][gc       ] GC(24) Pause Remark 267M->267M(434M) 3.637ms
[12.574s][info][safepoint] Safepoint "G1PauseRemark", Time since last: 91853100 ns, Reaching safepoint: 82500 ns, At safepoint: 3686800 ns, Leaving safepoint: 17400 ns, Total: 3786700 ns, Threads: 5 runnable, 49 total
[12.600s][info][gc       ] GC(24) Pause Cleanup 290M->290M(434M) 0.024ms
[12.600s][info][safepoint] Safepoint "G1PauseCleanup", Time since last: 25860900 ns, Reaching safepoint: 147400 ns, At safepoint: 65000 ns, Leaving safepoint: 23400 ns, Total: 235800 ns, Threads: 9 runnable, 49 total
[12.600s][info][gc       ] GC(24) Concurrent Mark Cycle 122.073ms
[12.678s][info][gc       ] GC(25) Pause Young (Prepare Mixed) (G1 Evacuation Pause) 398M->213M(440M) 7.144ms
[12.678s][info][safepoint] Safepoint "G1CollectForAllocation", Time since last: 71234500 ns, Reaching safepoint: 28800 ns, At safepoint: 7182200 ns, Leaving safepoint: 25200 ns, Total: 7236200 ns, Threads: 4 runnable, 53 total
[12.795s][info][gc       ] GC(26) Pause Young (Mixed) (G1 Evacuation Pause) 397M->225M(440M) 5.021ms
[12.795s][info][safepoint] Safepoint "G1CollectForAllocation", Time since last: 111519800 ns, Reaching safepoint: 14600 ns, At safepoint: 5063200 ns, Leaving safepoint: 20500 ns, Total: 5098300 ns, Threads: 2 runnable, 54 total
[13.246s][info][gc       ] GC(27) Pause Young (Concurrent Start) (G1 Humongous Allocation) 360M->249M(440M) 11.169ms
[13.246s][info][gc       ] GC(28) Concurrent Mark Cycle
[13.246s][info][safepoint] Safepoint "G1TryInitiateConcMark", Time since last: 440111300 ns, Reaching safepoint: 7500 ns, At safepoint: 11207300 ns, Leaving safepoint: 7300 ns, Total: 11222100 ns, Threads: 0 runnable, 54 total
[13.326s][info][gc       ] GC(28) Pause Remark 276M->276M(440M) 7.385ms
[13.326s][info][safepoint] Safepoint "G1PauseRemark", Time since last: 72719000 ns, Reaching safepoint: 15100 ns, At safepoint: 7418000 ns, Leaving safepoint: 6400 ns, Total: 7439500 ns, Threads: 1 runnable, 54 total
[13.354s][info][gc       ] GC(28) Pause Cleanup 284M->284M(440M) 0.019ms
[13.354s][info][safepoint] Safepoint "G1PauseCleanup", Time since last: 27575500 ns, Reaching safepoint: 4400 ns, At safepoint: 50400 ns, Leaving safepoint: 6200 ns, Total: 61000 ns, Threads: 2 runnable, 51 total
[13.354s][info][gc       ] GC(28) Concurrent Mark Cycle 108.084ms
[17.744s][info][gc       ] GC(29) Pause Young (Prepare Mixed) (G1 Evacuation Pause) 397M->260M(440M) 6.366ms
[17.744s][info][safepoint] Safepoint "G1CollectForAllocation", Time since last: 4383605400 ns, Reaching safepoint: 4000 ns, At safepoint: 6398300 ns, Leaving safepoint: 8500 ns, Total: 6410800 ns, Threads: 0 runnable, 49 total
[17.825s][info][gc       ] GC(30) Pause Young (Mixed) (G1 Evacuation Pause) 390M->263M(440M) 3.600ms
[17.825s][info][safepoint] Safepoint "G1CollectForAllocation", Time since last: 77308900 ns, Reaching safepoint: 3600 ns, At safepoint: 3635600 ns, Leaving safepoint: 10400 ns, Total: 3649600 ns, Threads: 0 runnable, 51 total
[17.996s][info][gc       ] GC(31) Pause Young (Concurrent Start) (G1 Evacuation Pause) 395M->266M(440M) 2.445ms
[17.996s][info][gc       ] GC(32) Concurrent Mark Cycle
[17.996s][info][safepoint] Safepoint "G1CollectForAllocation", Time since last: 169081400 ns, Reaching safepoint: 5300 ns, At safepoint: 2479300 ns, Leaving safepoint: 6400 ns, Total: 2491000 ns, Threads: 0 runnable, 51 total
[18.085s][info][gc       ] GC(32) Pause Remark 298M->298M(448M) 7.971ms
[18.085s][info][safepoint] Safepoint "G1PauseRemark", Time since last: 80591100 ns, Reaching safepoint: 3700 ns, At safepoint: 8001700 ns, Leaving safepoint: 7300 ns, Total: 8012700 ns, Threads: 0 runnable, 51 total
[18.114s][info][gc       ] GC(32) Pause Cleanup 303M->303M(448M) 0.020ms
[18.114s][info][safepoint] Safepoint "G1PauseCleanup", Time since last: 29088600 ns, Reaching safepoint: 6300 ns, At safepoint: 50700 ns, Leaving safepoint: 5300 ns, Total: 62300 ns, Threads: 1 runnable, 51 total
[18.114s][info][gc       ] GC(32) Concurrent Mark Cycle 118.103ms
[18.192s][info][gc       ] GC(33) Pause Young (Prepare Mixed) (G1 Evacuation Pause) (Evacuation Failure: Pinned) 402M->274M(448M) 4.163ms
[18.192s][info][safepoint] Safepoint "G1CollectForAllocation", Time since last: 73975500 ns, Reaching safepoint: 5600 ns, At safepoint: 4201200 ns, Leaving safepoint: 15100 ns, Total: 4221900 ns, Threads: 0 runnable, 51 total
[18.314s][info][gc       ] GC(34) Pause Young (Mixed) (G1 Evacuation Pause) 414M->266M(684M) 4.659ms
[18.314s][info][safepoint] Safepoint "G1CollectForAllocation", Time since last: 116957000 ns, Reaching safepoint: 3600 ns, At safepoint: 4692200 ns, Leaving safepoint: 8600 ns, Total: 4704400 ns, Threads: 0 runnable, 51 total
[19.607s][info][gc       ] GC(35) Pause Young (Normal) (G1 Evacuation Pause) (Evacuation Failure: Pinned) 626M->297M(684M) 7.246ms
[19.607s][info][safepoint] Safepoint "G1CollectForAllocation", Time since last: 1285329300 ns, Reaching safepoint: 148100 ns, At safepoint: 7280500 ns, Leaving safepoint: 19200 ns, Total: 7447800 ns, Threads: 3 runnable, 69 total
[19.779s][info][gc       ] GC(36) Pause Young (Concurrent Start) (G1 Humongous Allocation) 406M->311M(684M) 7.025ms
[19.779s][info][gc       ] GC(37) Concurrent Mark Cycle
[19.779s][info][safepoint] Safepoint "G1TryInitiateConcMark", Time since last: 164763900 ns, Reaching safepoint: 7700 ns, At safepoint: 7061000 ns, Leaving safepoint: 15000 ns, Total: 7083700 ns, Threads: 1 runnable, 74 total
[19.924s][info][gc       ] GC(37) Pause Remark 371M->371M(684M) 10.293ms
[19.924s][info][safepoint] Safepoint "G1PauseRemark", Time since last: 135193100 ns, Reaching safepoint: 29500 ns, At safepoint: 10332000 ns, Leaving safepoint: 31100 ns, Total: 10392600 ns, Threads: 7 runnable, 75 total
[19.967s][info][gc       ] GC(37) Pause Cleanup 385M->385M(684M) 0.036ms
[19.968s][info][safepoint] Safepoint "G1PauseCleanup", Time since last: 42431800 ns, Reaching safepoint: 795400 ns, At safepoint: 73500 ns, Leaving safepoint: 47600 ns, Total: 916500 ns, Threads: 17 runnable, 79 total
[19.968s][info][gc       ] GC(37) Concurrent Mark Cycle 189.845ms
[20.351s][info][gc       ] GC(38) Pause Young (Prepare Mixed) (G1 Evacuation Pause) (Evacuation Failure: Pinned) 623M->346M(684M) 6.605ms
[20.351s][info][safepoint] Safepoint "G1CollectForAllocation", Time since last: 376203100 ns, Reaching safepoint: 610200 ns, At safepoint: 6724200 ns, Leaving safepoint: 29500 ns, Total: 7363900 ns, Threads: 6 runnable, 80 total
[20.542s][info][gc       ] GC(39) Pause Young (Mixed) (G1 Evacuation Pause) 614M->368M(692M) 8.792ms
[20.542s][info][safepoint] Safepoint "G1CollectForAllocation", Time since last: 179038900 ns, Reaching safepoint: 2761300 ns, At safepoint: 8828100 ns, Leaving safepoint: 26600 ns, Total: 11616000 ns, Threads: 10 runnable, 80 total
[20.741s][info][gc       ] GC(40) Pause Young (Concurrent Start) (G1 Evacuation Pause) 618M->387M(692M) 6.448ms
[20.741s][info][gc       ] GC(41) Concurrent Mark Cycle
[20.741s][info][safepoint] Safepoint "G1CollectForAllocation", Time since last: 192418500 ns, Reaching safepoint: 50100 ns, At safepoint: 6499100 ns, Leaving safepoint: 25000 ns, Total: 6574200 ns, Threads: 8 runnable, 80 total
[20.909s][info][gc       ] GC(41) Pause Remark 582M->582M(692M) 12.038ms
[20.909s][info][safepoint] Safepoint "G1PauseRemark", Time since last: 155756000 ns, Reaching safepoint: 251500 ns, At safepoint: 12078900 ns, Leaving safepoint: 22300 ns, Total: 12352700 ns, Threads: 5 runnable, 80 total
[20.936s][info][gc       ] GC(42) Pause Young (Normal) (G1 Evacuation Pause) (Evacuation Failure: Pinned) 621M->413M(692M) 6.285ms
[20.936s][info][safepoint] Safepoint "G1CollectForAllocation", Time since last: 20681700 ns, Reaching safepoint: 238300 ns, At safepoint: 6322200 ns, Leaving safepoint: 24300 ns, Total: 6584800 ns, Threads: 3 runnable, 80 total
[20.964s][info][gc       ] GC(41) Pause Cleanup 438M->438M(692M) 0.042ms
[20.964s][info][safepoint] Safepoint "G1PauseCleanup", Time since last: 27871400 ns, Reaching safepoint: 59100 ns, At safepoint: 80100 ns, Leaving safepoint: 11700 ns, Total: 150900 ns, Threads: 4 runnable, 80 total
[20.965s][info][gc       ] GC(41) Concurrent Mark Cycle 223.894ms
[21.059s][info][gc       ] GC(43) Pause Young (Prepare Mixed) (G1 Evacuation Pause) 625M->429M(692M) 5.800ms
[21.059s][info][safepoint] Safepoint "G1CollectForAllocation", Time since last: 88859700 ns, Reaching safepoint: 486200 ns, At safepoint: 5850300 ns, Leaving safepoint: 23800 ns, Total: 6360300 ns, Threads: 4 runnable, 80 total
[21.216s][info][gc       ] GC(44) Pause Young (Mixed) (G1 Evacuation Pause) (Evacuation Failure: Pinned) 625M->435M(940M) 5.126ms
[21.216s][info][safepoint] Safepoint "G1CollectForAllocation", Time since last: 151227100 ns, Reaching safepoint: 49200 ns, At safepoint: 5159400 ns, Leaving safepoint: 18200 ns, Total: 5226800 ns, Threads: 3 runnable, 80 total
[21.877s][info][gc       ] GC(45) Pause Young (Normal) (G1 Evacuation Pause) (Evacuation Failure: Pinned) 825M->433M(940M) 2.573ms
[21.877s][info][safepoint] Safepoint "G1CollectForAllocation", Time since last: 658379400 ns, Reaching safepoint: 5000 ns, At safepoint: 2604300 ns, Leaving safepoint: 7200 ns, Total: 2616500 ns, Threads: 0 runnable, 76 total
[22.803s][info][gc       ] GC(46) Pause Young (Normal) (G1 Evacuation Pause) 837M->430M(940M) 1.897ms
[22.803s][info][safepoint] Safepoint "G1CollectForAllocation", Time since last: 924305200 ns, Reaching safepoint: 5600 ns, At safepoint: 1935600 ns, Leaving safepoint: 10600 ns, Total: 1951800 ns, Threads: 0 runnable, 76 total
[26.066s][info][gc       ] GC(47) Pause Young (Concurrent Start) (G1 Evacuation Pause) 864M->430M(940M) 2.044ms
[26.066s][info][gc       ] GC(48) Concurrent Mark Cycle
[26.066s][info][safepoint] Safepoint "G1CollectForAllocation", Time since last: 3260568300 ns, Reaching safepoint: 8900 ns, At safepoint: 2080100 ns, Leaving safepoint: 12200 ns, Total: 2101200 ns, Threads: 0 runnable, 76 total
[26.229s][info][gc       ] GC(48) Pause Remark 448M->448M(940M) 6.610ms
[26.229s][info][safepoint] Safepoint "G1PauseRemark", Time since last: 157073300 ns, Reaching safepoint: 15600 ns, At safepoint: 6642000 ns, Leaving safepoint: 4000 ns, Total: 6661600 ns, Threads: 1 runnable, 75 total
[26.272s][info][gc       ] GC(48) Pause Cleanup 452M->452M(940M) 0.032ms
[26.272s][info][safepoint] Safepoint "G1PauseCleanup", Time since last: 42278100 ns, Reaching safepoint: 5500 ns, At safepoint: 62600 ns, Leaving safepoint: 3600 ns, Total: 71700 ns, Threads: 0 runnable, 72 total
[26.273s][info][gc       ] GC(48) Concurrent Mark Cycle 207.289ms
[29.616s][info][gc       ] GC(49) Pause Young (Prepare Mixed) (G1 Evacuation Pause) 880M->429M(940M) 2.119ms
[29.616s][info][safepoint] Safepoint "G1CollectForAllocation", Time since last: 3341597200 ns, Reaching safepoint: 5400 ns, At safepoint: 2154500 ns, Leaving safepoint: 5200 ns, Total: 2165100 ns, Threads: 0 runnable, 67 total
[33.120s][info][gc       ] GC(50) Pause Young (Mixed) (G1 Evacuation Pause) 891M->422M(940M) 3.026ms
[33.120s][info][safepoint] Safepoint "G1CollectForAllocation", Time since last: 3501604800 ns, Reaching safepoint: 10600 ns, At safepoint: 3068900 ns, Leaving safepoint: 7600 ns, Total: 3087100 ns, Threads: 0 runnable, 68 total
[36.654s][info][gc       ] GC(51) Pause Young (Concurrent Start) (G1 Evacuation Pause) 890M->422M(940M) 2.007ms
[36.654s][info][gc       ] GC(52) Concurrent Mark Cycle
[36.655s][info][safepoint] Safepoint "G1CollectForAllocation", Time since last: 3532157900 ns, Reaching safepoint: 5600 ns, At safepoint: 2043900 ns, Leaving safepoint: 7600 ns, Total: 2057100 ns, Threads: 1 runnable, 65 total
[36.796s][info][gc       ] GC(52) Pause Remark 442M->442M(940M) 5.933ms
[36.796s][info][safepoint] Safepoint "G1PauseRemark", Time since last: 135809300 ns, Reaching safepoint: 5100 ns, At safepoint: 5964800 ns, Leaving safepoint: 4000 ns, Total: 5973900 ns, Threads: 0 runnable, 65 total
[36.836s][info][gc       ] GC(52) Pause Cleanup 447M->447M(940M) 0.042ms
[36.836s][info][safepoint] Safepoint "G1PauseCleanup", Time since last: 39955800 ns, Reaching safepoint: 7800 ns, At safepoint: 77200 ns, Leaving safepoint: 4200 ns, Total: 89200 ns, Threads: 0 runnable, 65 total
[36.837s][info][gc       ] GC(52) Concurrent Mark Cycle 182.368ms
[40.004s][info][gc       ] GC(53) Pause Young (Prepare Mixed) (G1 Evacuation Pause) 890M->422M(940M) 1.922ms
[40.004s][info][safepoint] Safepoint "G1CollectForAllocation", Time since last: 3166041300 ns, Reaching safepoint: 16300 ns, At safepoint: 1954000 ns, Leaving safepoint: 9000 ns, Total: 1979300 ns, Threads: 2 runnable, 66 total
[43.336s][info][gc       ] GC(54) Pause Young (Mixed) (G1 Evacuation Pause) 890M->417M(940M) 2.530ms
[43.336s][info][safepoint] Safepoint "G1CollectForAllocation", Time since last: 3329007900 ns, Reaching safepoint: 10000 ns, At safepoint: 2566300 ns, Leaving safepoint: 6600 ns, Total: 2582900 ns, Threads: 1 runnable, 65 total
[46.819s][info][gc       ] GC(55) Pause Young (Concurrent Start) (G1 Evacuation Pause) 889M->417M(940M) 2.091ms
[46.819s][info][safepoint] Safepoint "G1CollectForAllocation", Time since last: 3480819400 ns, Reaching safepoint: 6100 ns, At safepoint: 2130200 ns, Leaving safepoint: 5900 ns, Total: 2142200 ns, Threads: 0 runnable, 65 total
[46.819s][info][gc       ] GC(56) Concurrent Mark Cycle
[46.955s][info][gc       ] GC(56) Pause Remark 434M->434M(940M) 3.668ms
[46.955s][info][safepoint] Safepoint "G1PauseRemark", Time since last: 132348400 ns, Reaching safepoint: 16300 ns, At safepoint: 3702100 ns, Leaving safepoint: 5500 ns, Total: 3723900 ns, Threads: 1 runnable, 65 total
[46.994s][info][gc       ] GC(56) Pause Cleanup 440M->440M(940M) 0.031ms
[46.994s][info][safepoint] Safepoint "G1PauseCleanup", Time since last: 39409600 ns, Reaching safepoint: 5000 ns, At safepoint: 64400 ns, Leaving safepoint: 3700 ns, Total: 73100 ns, Threads: 1 runnable, 65 total
[46.995s][info][gc       ] GC(56) Concurrent Mark Cycle 176.027ms
[50.339s][info][gc       ] GC(57) Pause Young (Prepare Mixed) (G1 Evacuation Pause) 889M->417M(940M) 2.021ms
[50.339s][info][safepoint] Safepoint "G1CollectForAllocation", Time since last: 3342426700 ns, Reaching safepoint: 5500 ns, At safepoint: 2059800 ns, Leaving safepoint: 5300 ns, Total: 2070600 ns, Threads: 0 runnable, 65 total
[53.922s][info][gc       ] GC(58) Pause Young (Mixed) (G1 Evacuation Pause) 889M->415M(940M) 2.885ms
[53.922s][info][safepoint] Safepoint "G1CollectForAllocation", Time since last: 3580573800 ns, Reaching safepoint: 5500 ns, At safepoint: 2922800 ns, Leaving safepoint: 6500 ns, Total: 2934800 ns, Threads: 0 runnable, 65 total
[57.527s][info][gc       ] GC(59) Pause Young (Concurrent Start) (G1 Evacuation Pause) 891M->415M(940M) 1.880ms
[57.527s][info][gc       ] GC(60) Concurrent Mark Cycle
[57.527s][info][safepoint] Safepoint "G1CollectForAllocation", Time since last: 3602354900 ns, Reaching safepoint: 5500 ns, At safepoint: 1919100 ns, Leaving safepoint: 6500 ns, Total: 1931100 ns, Threads: 1 runnable, 65 total
[57.660s][info][gc       ] GC(60) Pause Remark 433M->433M(940M) 3.425ms
[57.660s][info][safepoint] Safepoint "G1PauseRemark", Time since last: 130193500 ns, Reaching safepoint: 8900 ns, At safepoint: 3460700 ns, Leaving safepoint: 4100 ns, Total: 3473700 ns, Threads: 1 runnable, 65 total
[57.703s][info][gc       ] GC(60) Pause Cleanup 438M->438M(940M) 0.038ms
[57.703s][info][safepoint] Safepoint "G1PauseCleanup", Time since last: 42434800 ns, Reaching safepoint: 9300 ns, At safepoint: 72400 ns, Leaving safepoint: 7000 ns, Total: 88700 ns, Threads: 1 runnable, 65 total
[57.704s][info][gc       ] GC(60) Concurrent Mark Cycle 176.761ms
[61.128s][info][gc       ] GC(61) Pause Young (Prepare Mixed) (G1 Evacuation Pause) 891M->415M(940M) 1.910ms
[61.128s][info][safepoint] Safepoint "G1CollectForAllocation", Time since last: 3423255700 ns, Reaching safepoint: 16100 ns, At safepoint: 1944100 ns, Leaving safepoint: 6300 ns, Total: 1966500 ns, Threads: 1 runnable, 65 total
[64.756s][info][gc       ] GC(62) Pause Young (Mixed) (G1 Evacuation Pause) 891M->413M(940M) 2.638ms
[64.756s][info][safepoint] Safepoint "G1CollectForAllocation", Time since last: 3624929600 ns, Reaching safepoint: 15800 ns, At safepoint: 2672300 ns, Leaving safepoint: 8300 ns, Total: 2696400 ns, Threads: 1 runnable, 65 total
[68.258s][info][gc       ] GC(63) Pause Young (Concurrent Start) (G1 Evacuation Pause) 889M->414M(940M) 1.856ms
[68.258s][info][gc       ] GC(64) Concurrent Mark Cycle
[68.258s][info][safepoint] Safepoint "G1CollectForAllocation", Time since last: 3499920800 ns, Reaching safepoint: 5900 ns, At safepoint: 1895100 ns, Leaving safepoint: 5100 ns, Total: 1906100 ns, Threads: 0 runnable, 65 total
[68.382s][info][gc       ] GC(64) Pause Remark 431M->431M(940M) 5.873ms
[68.382s][info][safepoint] Safepoint "G1PauseRemark", Time since last: 118841000 ns, Reaching safepoint: 15200 ns, At safepoint: 5912700 ns, Leaving safepoint: 3900 ns, Total: 5931800 ns, Threads: 1 runnable, 65 total
[68.424s][info][gc       ] GC(64) Pause Cleanup 437M->437M(940M) 0.031ms
[68.424s][info][safepoint] Safepoint "G1PauseCleanup", Time since last: 41772000 ns, Reaching safepoint: 15200 ns, At safepoint: 63900 ns, Leaving safepoint: 3700 ns, Total: 82800 ns, Threads: 1 runnable, 65 total
[68.425s][info][gc       ] GC(64) Concurrent Mark Cycle 167.169ms
[71.554s][info][gc       ] GC(65) Pause Young (Prepare Mixed) (G1 Evacuation Pause) 888M->414M(940M) 1.287ms
[71.554s][info][safepoint] Safepoint "G1CollectForAllocation", Time since last: 3128374600 ns, Reaching safepoint: 5700 ns, At safepoint: 1319600 ns, Leaving safepoint: 6300 ns, Total: 1331600 ns, Threads: 0 runnable, 65 total
[74.832s][info][gc       ] GC(66) Pause Young (Mixed) (G1 Evacuation Pause) 890M->413M(940M) 1.589ms
[74.832s][info][safepoint] Safepoint "G1CollectForAllocation", Time since last: 3276743100 ns, Reaching safepoint: 5300 ns, At safepoint: 1621700 ns, Leaving safepoint: 5300 ns, Total: 1632300 ns, Threads: 0 runnable, 65 total
[78.395s][info][gc       ] GC(67) Pause Young (Concurrent Start) (G1 Evacuation Pause) 889M->413M(940M) 1.337ms
[78.395s][info][gc       ] GC(68) Concurrent Mark Cycle
[78.395s][info][safepoint] Safepoint "G1CollectForAllocation", Time since last: 3561596100 ns, Reaching safepoint: 4100 ns, At safepoint: 1370000 ns, Leaving safepoint: 6100 ns, Total: 1380200 ns, Threads: 0 runnable, 65 total
[78.523s][info][gc       ] GC(68) Pause Remark 429M->429M(940M) 3.225ms
[78.523s][info][safepoint] Safepoint "G1PauseRemark", Time since last: 124900500 ns, Reaching safepoint: 6100 ns, At safepoint: 3258700 ns, Leaving safepoint: 5400 ns, Total: 3270200 ns, Threads: 1 runnable, 65 total
[78.565s][info][gc       ] GC(68) Pause Cleanup 435M->435M(940M) 0.033ms
[78.565s][info][safepoint] Safepoint "G1PauseCleanup", Time since last: 41584200 ns, Reaching safepoint: 5600 ns, At safepoint: 67500 ns, Leaving safepoint: 3900 ns, Total: 77000 ns, Threads: 0 runnable, 65 total
[78.566s][info][gc       ] GC(68) Concurrent Mark Cycle 170.319ms
[81.999s][info][gc       ] GC(69) Pause Young (Prepare Mixed) (G1 Evacuation Pause) 889M->414M(940M) 1.213ms
[81.999s][info][safepoint] Safepoint "G1CollectForAllocation", Time since last: 3432977000 ns, Reaching safepoint: 4400 ns, At safepoint: 1250600 ns, Leaving safepoint: 6300 ns, Total: 1261300 ns, Threads: 0 runnable, 54 total
[85.604s][info][gc       ] GC(70) Pause Young (Mixed) (G1 Evacuation Pause) 890M->411M(940M) 1.948ms
[85.604s][info][safepoint] Safepoint "G1CollectForAllocation", Time since last: 3602713700 ns, Reaching safepoint: 15900 ns, At safepoint: 1982100 ns, Leaving safepoint: 7900 ns, Total: 2005900 ns, Threads: 1 runnable, 53 total
[89.151s][info][gc       ] GC(71) Pause Young (Concurrent Start) (G1 Evacuation Pause) 889M->412M(940M) 1.486ms
[89.151s][info][gc       ] GC(72) Concurrent Mark Cycle
[89.151s][info][safepoint] Safepoint "G1CollectForAllocation", Time since last: 3545390900 ns, Reaching safepoint: 4300 ns, At safepoint: 1523000 ns, Leaving safepoint: 6200 ns, Total: 1533500 ns, Threads: 0 runnable, 53 total
[89.281s][info][gc       ] GC(72) Pause Remark 431M->431M(940M) 3.189ms
[89.281s][info][safepoint] Safepoint "G1PauseRemark", Time since last: 126813000 ns, Reaching safepoint: 4600 ns, At safepoint: 3224900 ns, Leaving safepoint: 4800 ns, Total: 3234300 ns, Threads: 0 runnable, 53 total
[89.321s][info][gc       ] GC(72) Pause Cleanup 437M->437M(940M) 0.030ms
[89.321s][info][safepoint] Safepoint "G1PauseCleanup", Time since last: 39859000 ns, Reaching safepoint: 4100 ns, At safepoint: 60900 ns, Leaving safepoint: 3700 ns, Total: 68700 ns, Threads: 0 runnable, 53 total
[89.321s][info][gc       ] GC(72) Concurrent Mark Cycle 170.447ms
[92.504s][info][gc       ] GC(73) Pause Young (Prepare Mixed) (G1 Evacuation Pause) 890M->412M(940M) 1.060ms
[92.504s][info][safepoint] Safepoint "G1CollectForAllocation", Time since last: 3181792600 ns, Reaching safepoint: 15700 ns, At safepoint: 1094700 ns, Leaving safepoint: 7500 ns, Total: 1117900 ns, Threads: 1 runnable, 53 total
[96.112s][info][gc       ] GC(74) Pause Young (Mixed) (G1 Evacuation Pause) 890M->410M(940M) 1.929ms
[96.112s][info][safepoint] Safepoint "G1CollectForAllocation", Time since last: 3606545100 ns, Reaching safepoint: 4200 ns, At safepoint: 1966600 ns, Leaving safepoint: 8800 ns, Total: 1979600 ns, Threads: 0 runnable, 53 total
[99.777s][info][gc       ] GC(75) Pause Young (Concurrent Start) (G1 Evacuation Pause) 890M->410M(940M) 1.406ms
[99.777s][info][gc       ] GC(76) Concurrent Mark Cycle
[99.777s][info][safepoint] Safepoint "G1CollectForAllocation", Time since last: 3663573700 ns, Reaching safepoint: 7200 ns, At safepoint: 1449500 ns, Leaving safepoint: 6200 ns, Total: 1462900 ns, Threads: 0 runnable, 53 total
[99.936s][info][gc       ] GC(76) Pause Remark 429M->429M(940M) 12.577ms
[99.936s][info][safepoint] Safepoint "G1PauseRemark", Time since last: 145685500 ns, Reaching safepoint: 5300 ns, At safepoint: 12609500 ns, Leaving safepoint: 4600 ns, Total: 12619400 ns, Threads: 0 runnable, 53 total
[99.988s][info][gc       ] GC(76) Pause Cleanup 434M->434M(940M) 0.034ms
[99.988s][info][safepoint] Safepoint "G1PauseCleanup", Time since last: 51947600 ns, Reaching safepoint: 25400 ns, At safepoint: 64400 ns, Leaving safepoint: 3800 ns, Total: 93600 ns, Threads: 1 runnable, 53 total
[99.988s][info][gc       ] GC(76) Concurrent Mark Cycle 210.924ms
[103.595s][info][gc       ] GC(77) Pause Young (Prepare Mixed) (G1 Evacuation Pause) 890M->410M(940M) 1.151ms
[103.595s][info][safepoint] Safepoint "G1CollectForAllocation", Time since last: 3606120200 ns, Reaching safepoint: 4300 ns, At safepoint: 1185200 ns, Leaving safepoint: 5200 ns, Total: 1194700 ns, Threads: 0 runnable, 53 total
[107.144s][info][gc       ] GC(78) Pause Young (Mixed) (G1 Evacuation Pause) 890M->408M(940M) 2.117ms
[107.144s][info][safepoint] Safepoint "G1CollectForAllocation", Time since last: 3546743600 ns, Reaching safepoint: 4600 ns, At safepoint: 2154400 ns, Leaving safepoint: 6200 ns, Total: 2165200 ns, Threads: 0 runnable, 53 total
[110.681s][info][gc       ] GC(79) Pause Young (Concurrent Start) (G1 Evacuation Pause) 888M->409M(940M) 1.535ms
[110.681s][info][gc       ] GC(80) Concurrent Mark Cycle
[110.681s][info][safepoint] Safepoint "G1CollectForAllocation", Time since last: 3535395400 ns, Reaching safepoint: 4800 ns, At safepoint: 1572100 ns, Leaving safepoint: 4700 ns, Total: 1581600 ns, Threads: 0 runnable, 53 total
[110.817s][info][gc       ] GC(80) Pause Remark 428M->428M(940M) 1.844ms
[110.817s][info][safepoint] Safepoint "G1PauseRemark", Time since last: 134001900 ns, Reaching safepoint: 7400 ns, At safepoint: 1875900 ns, Leaving safepoint: 3700 ns, Total: 1887000 ns, Threads: 1 runnable, 53 total
[110.866s][info][gc       ] GC(80) Pause Cleanup 435M->435M(940M) 0.032ms
[110.866s][info][safepoint] Safepoint "G1PauseCleanup", Time since last: 49003100 ns, Reaching safepoint: 14700 ns, At safepoint: 73700 ns, Leaving safepoint: 3900 ns, Total: 92300 ns, Threads: 1 runnable, 53 total
[110.867s][info][gc       ] GC(80) Concurrent Mark Cycle 185.504ms
[114.083s][info][gc       ] GC(81) Pause Young (Prepare Mixed) (G1 Evacuation Pause) 889M->409M(940M) 1.162ms
[114.083s][info][safepoint] Safepoint "G1CollectForAllocation", Time since last: 3216221400 ns, Reaching safepoint: 4500 ns, At safepoint: 1197700 ns, Leaving safepoint: 7100 ns, Total: 1209300 ns, Threads: 0 runnable, 53 total
[117.476s][info][gc       ] GC(82) Pause Young (Mixed) (G1 Evacuation Pause) 889M->408M(940M) 1.634ms
[117.476s][info][safepoint] Safepoint "G1CollectForAllocation", Time since last: 3390579700 ns, Reaching safepoint: 4800 ns, At safepoint: 1664200 ns, Leaving safepoint: 4900 ns, Total: 1673900 ns, Threads: 0 runnable, 53 total
[121.173s][info][gc       ] GC(83) Pause Young (Concurrent Start) (G1 Evacuation Pause) 890M->408M(940M) 1.232ms
[121.173s][info][gc       ] GC(84) Concurrent Mark Cycle
[121.173s][info][safepoint] Safepoint "G1CollectForAllocation", Time since last: 3696153700 ns, Reaching safepoint: 4800 ns, At safepoint: 1273000 ns, Leaving safepoint: 6300 ns, Total: 1284100 ns, Threads: 0 runnable, 53 total
[121.313s][info][gc       ] GC(84) Pause Remark 427M->427M(940M) 2.247ms
[121.313s][info][safepoint] Safepoint "G1PauseRemark", Time since last: 137546100 ns, Reaching safepoint: 4800 ns, At safepoint: 2278400 ns, Leaving safepoint: 4000 ns, Total: 2287200 ns, Threads: 0 runnable, 53 total
[121.357s][info][gc       ] GC(84) Pause Cleanup 432M->432M(940M) 0.033ms
[121.357s][info][safepoint] Safepoint "G1PauseCleanup", Time since last: 44093500 ns, Reaching safepoint: 4700 ns, At safepoint: 67400 ns, Leaving safepoint: 2400 ns, Total: 74500 ns, Threads: 0 runnable, 53 total
[121.358s][info][gc       ] GC(84) Concurrent Mark Cycle 184.525ms
[124.832s][info][gc       ] GC(85) Pause Young (Prepare Mixed) (G1 Evacuation Pause) 890M->408M(940M) 1.048ms
[124.832s][info][safepoint] Safepoint "G1CollectForAllocation", Time since last: 3474275800 ns, Reaching safepoint: 4000 ns, At safepoint: 1086900 ns, Leaving safepoint: 5200 ns, Total: 1096100 ns, Threads: 0 runnable, 53 total
[128.388s][info][gc       ] GC(86) Pause Young (Mixed) (G1 Evacuation Pause) 888M->406M(940M) 3.762ms
[128.388s][info][safepoint] Safepoint "G1CollectForAllocation", Time since last: 3551816400 ns, Reaching safepoint: 4600 ns, At safepoint: 3799700 ns, Leaving safepoint: 7400 ns, Total: 3811700 ns, Threads: 0 runnable, 55 total
[132.049s][info][gc       ] GC(87) Pause Young (Concurrent Start) (G1 Evacuation Pause) 890M->406M(940M) 1.448ms
[132.049s][info][gc       ] GC(88) Concurrent Mark Cycle
[132.049s][info][safepoint] Safepoint "G1CollectForAllocation", Time since last: 3658970700 ns, Reaching safepoint: 4900 ns, At safepoint: 1486300 ns, Leaving safepoint: 5400 ns, Total: 1496600 ns, Threads: 0 runnable, 53 total
[132.200s][info][gc       ] GC(88) Pause Remark 424M->424M(940M) 1.668ms
[132.200s][info][safepoint] Safepoint "G1PauseRemark", Time since last: 149572100 ns, Reaching safepoint: 5300 ns, At safepoint: 1703800 ns, Leaving safepoint: 5800 ns, Total: 1714900 ns, Threads: 0 runnable, 53 total
[132.247s][info][gc       ] GC(88) Pause Cleanup 430M->430M(940M) 0.032ms
[132.247s][info][safepoint] Safepoint "G1PauseCleanup", Time since last: 47509100 ns, Reaching safepoint: 4200 ns, At safepoint: 63200 ns, Leaving safepoint: 3900 ns, Total: 71300 ns, Threads: 0 runnable, 53 total
[132.248s][info][gc       ] GC(88) Concurrent Mark Cycle 199.376ms
[135.808s][info][gc       ] GC(89) Pause Young (Prepare Mixed) (G1 Evacuation Pause) 888M->406M(940M) 1.147ms
[135.808s][info][safepoint] Safepoint "G1CollectForAllocation", Time since last: 3559393600 ns, Reaching safepoint: 4100 ns, At safepoint: 1179000 ns, Leaving safepoint: 4900 ns, Total: 1188000 ns, Threads: 0 runnable, 53 total
[139.536s][info][gc       ] GC(90) Pause Young (Mixed) (G1 Evacuation Pause) 888M->406M(940M) 1.708ms
[139.536s][info][safepoint] Safepoint "G1CollectForAllocation", Time since last: 3726332500 ns, Reaching safepoint: 4300 ns, At safepoint: 1740800 ns, Leaving safepoint: 5000 ns, Total: 1750100 ns, Threads: 0 runnable, 53 total
[143.199s][info][gc       ] GC(91) Pause Young (Concurrent Start) (G1 Evacuation Pause) 890M->406M(940M) 1.328ms
[143.199s][info][gc       ] GC(92) Concurrent Mark Cycle
[143.199s][info][safepoint] Safepoint "G1CollectForAllocation", Time since last: 3661317500 ns, Reaching safepoint: 8500 ns, At safepoint: 1372800 ns, Leaving safepoint: 5600 ns, Total: 1386900 ns, Threads: 0 runnable, 53 total
[143.330s][info][gc       ] GC(92) Pause Remark 423M->423M(940M) 1.841ms
[143.330s][info][safepoint] Safepoint "G1PauseRemark", Time since last: 128862000 ns, Reaching safepoint: 15000 ns, At safepoint: 1873400 ns, Leaving safepoint: 3400 ns, Total: 1891800 ns, Threads: 1 runnable, 53 total
[143.373s][info][gc       ] GC(92) Pause Cleanup 429M->429M(940M) 0.035ms
[143.373s][info][safepoint] Safepoint "G1PauseCleanup", Time since last: 43844900 ns, Reaching safepoint: 4400 ns, At safepoint: 66000 ns, Leaving safepoint: 3700 ns, Total: 74100 ns, Threads: 1 runnable, 53 total
[143.374s][info][gc       ] GC(92) Concurrent Mark Cycle 175.206ms
[146.899s][info][gc       ] GC(93) Pause Young (Prepare Mixed) (G1 Evacuation Pause) 890M->406M(940M) 1.217ms
[146.899s][info][safepoint] Safepoint "G1CollectForAllocation", Time since last: 3523974100 ns, Reaching safepoint: 7600 ns, At safepoint: 1251200 ns, Leaving safepoint: 5100 ns, Total: 1263900 ns, Threads: 0 runnable, 53 total
[150.634s][info][gc       ] GC(94) Pause Young (Mixed) (G1 Evacuation Pause) 890M->405M(940M) 1.918ms
[150.634s][info][safepoint] Safepoint "G1CollectForAllocation", Time since last: 3733341200 ns, Reaching safepoint: 4700 ns, At safepoint: 1950800 ns, Leaving safepoint: 5400 ns, Total: 1960900 ns, Threads: 0 runnable, 53 total
[154.441s][info][gc       ] GC(95) Pause Young (Concurrent Start) (G1 Evacuation Pause) 889M->405M(940M) 1.612ms
[154.441s][info][gc       ] GC(96) Concurrent Mark Cycle
[154.441s][info][safepoint] Safepoint "G1CollectForAllocation", Time since last: 3804949800 ns, Reaching safepoint: 4600 ns, At safepoint: 1652200 ns, Leaving safepoint: 4900 ns, Total: 1661700 ns, Threads: 0 runnable, 53 total
[154.593s][info][gc       ] GC(96) Pause Remark 425M->425M(940M) 1.511ms
[154.593s][info][safepoint] Safepoint "G1PauseRemark", Time since last: 150611500 ns, Reaching safepoint: 4800 ns, At safepoint: 1545500 ns, Leaving safepoint: 4000 ns, Total: 1554300 ns, Threads: 0 runnable, 53 total
[154.640s][info][gc       ] GC(96) Pause Cleanup 430M->430M(940M) 0.034ms
[154.640s][info][safepoint] Safepoint "G1PauseCleanup", Time since last: 47316200 ns, Reaching safepoint: 5300 ns, At safepoint: 71200 ns, Leaving safepoint: 3700 ns, Total: 80200 ns, Threads: 0 runnable, 53 total
[154.641s][info][gc       ] GC(96) Concurrent Mark Cycle 200.060ms
[158.118s][info][gc       ] GC(97) Pause Young (Prepare Mixed) (G1 Evacuation Pause) 889M->405M(940M) 1.434ms
[158.119s][info][safepoint] Safepoint "G1CollectForAllocation", Time since last: 3476819400 ns, Reaching safepoint: 4800 ns, At safepoint: 1469600 ns, Leaving safepoint: 5300 ns, Total: 1479700 ns, Threads: 0 runnable, 53 total
[161.804s][info][gc       ] GC(98) Pause Young (Mixed) (G1 Evacuation Pause) 889M->405M(940M) 2.029ms
[161.804s][info][safepoint] Safepoint "G1CollectForAllocation", Time since last: 3683574900 ns, Reaching safepoint: 15300 ns, At safepoint: 2064900 ns, Leaving safepoint: 7700 ns, Total: 2087900 ns, Threads: 2 runnable, 53 total
[165.333s][info][gc       ] GC(99) Pause Young (Concurrent Start) (G1 Evacuation Pause) 889M->405M(940M) 1.311ms
[165.333s][info][gc       ] GC(100) Concurrent Mark Cycle
[165.333s][info][safepoint] Safepoint "G1CollectForAllocation", Time since last: 3527838900 ns, Reaching safepoint: 5600 ns, At safepoint: 1346700 ns, Leaving safepoint: 4700 ns, Total: 1357000 ns, Threads: 0 runnable, 53 total
[165.458s][info][gc       ] GC(100) Pause Remark 424M->424M(940M) 1.541ms
[165.458s][info][safepoint] Safepoint "G1PauseRemark", Time since last: 123246800 ns, Reaching safepoint: 4500 ns, At safepoint: 1580000 ns, Leaving safepoint: 3900 ns, Total: 1588400 ns, Threads: 0 runnable, 53 total
[165.496s][info][gc       ] GC(100) Pause Cleanup 429M->429M(940M) 0.032ms
[165.496s][info][safepoint] Safepoint "G1PauseCleanup", Time since last: 38190900 ns, Reaching safepoint: 4300 ns, At safepoint: 64100 ns, Leaving safepoint: 3800 ns, Total: 72200 ns, Threads: 0 runnable, 53 total
[165.497s][info][gc       ] GC(100) Concurrent Mark Cycle 163.570ms
[168.788s][info][gc       ] GC(101) Pause Young (Prepare Mixed) (G1 Evacuation Pause) 889M->405M(940M) 1.175ms
[168.788s][info][safepoint] Safepoint "G1CollectForAllocation", Time since last: 3290556700 ns, Reaching safepoint: 4600 ns, At safepoint: 1215300 ns, Leaving safepoint: 7100 ns, Total: 1227000 ns, Threads: 0 runnable, 53 total
[170.771s][info][gc       ] GC(102) Pause Young (Mixed) (G1 Evacuation Pause) 897M->405M(940M) 2.384ms
[170.771s][info][safepoint] Safepoint "G1CollectForAllocation", Time since last: 1980198000 ns, Reaching safepoint: 5000 ns, At safepoint: 2421900 ns, Leaving safepoint: 5500 ns, Total: 2432400 ns, Threads: 0 runnable, 65 total
[171.925s][info][gc       ] GC(103) Pause Young (Concurrent Start) (G1 Evacuation Pause) 889M->405M(940M) 1.486ms
[171.925s][info][gc       ] GC(104) Concurrent Mark Cycle
[171.925s][info][safepoint] Safepoint "G1CollectForAllocation", Time since last: 1152313600 ns, Reaching safepoint: 4400 ns, At safepoint: 1520500 ns, Leaving safepoint: 4900 ns, Total: 1529800 ns, Threads: 0 runnable, 60 total
[172.055s][info][gc       ] GC(104) Pause Remark 459M->459M(940M) 1.547ms
[172.055s][info][safepoint] Safepoint "G1PauseRemark", Time since last: 129043700 ns, Reaching safepoint: 5100 ns, At safepoint: 1578000 ns, Leaving safepoint: 4100 ns, Total: 1587200 ns, Threads: 0 runnable, 60 total
[172.101s][info][gc       ] GC(104) Pause Cleanup 479M->479M(940M) 0.035ms
[172.101s][info][safepoint] Safepoint "G1PauseCleanup", Time since last: 45839700 ns, Reaching safepoint: 15600 ns, At safepoint: 80100 ns, Leaving safepoint: 4600 ns, Total: 100300 ns, Threads: 1 runnable, 60 total
[172.102s][info][gc       ] GC(104) Concurrent Mark Cycle 177.050ms
[173.065s][info][gc       ] GC(105) Pause Young (Prepare Mixed) (G1 Evacuation Pause) 889M->405M(940M) 1.304ms
[173.065s][info][safepoint] Safepoint "G1CollectForAllocation", Time since last: 962661800 ns, Reaching safepoint: 7800 ns, At safepoint: 1349300 ns, Leaving safepoint: 6500 ns, Total: 1363600 ns, Threads: 0 runnable, 61 total
[174.198s][info][gc       ] GC(106) Pause Young (Mixed) (G1 Evacuation Pause) 889M->403M(940M) 3.968ms
[174.198s][info][safepoint] Safepoint "G1CollectForAllocation", Time since last: 1128265800 ns, Reaching safepoint: 5500 ns, At safepoint: 4008900 ns, Leaving safepoint: 5700 ns, Total: 4020100 ns, Threads: 0 runnable, 57 total
[174.933s][info][gc       ] GC(107) Pause Young (Concurrent Start) (G1 Humongous Allocation) 716M->404M(940M) 1.409ms
[174.933s][info][gc       ] GC(108) Concurrent Mark Cycle
[174.933s][info][safepoint] Safepoint "G1TryInitiateConcMark", Time since last: 734135100 ns, Reaching safepoint: 5100 ns, At safepoint: 1447600 ns, Leaving safepoint: 6000 ns, Total: 1458700 ns, Threads: 0 runnable, 57 total
[175.069s][info][gc       ] GC(108) Pause Remark 465M->465M(940M) 1.878ms
[175.069s][info][safepoint] Safepoint "G1PauseRemark", Time since last: 133441100 ns, Reaching safepoint: 16400 ns, At safepoint: 1914900 ns, Leaving safepoint: 3500 ns, Total: 1934800 ns, Threads: 1 runnable, 62 total
[175.109s][info][gc       ] GC(108) Pause Cleanup 482M->482M(940M) 0.031ms
[175.109s][info][safepoint] Safepoint "G1PauseCleanup", Time since last: 40308300 ns, Reaching safepoint: 4800 ns, At safepoint: 66100 ns, Leaving safepoint: 2300 ns, Total: 73200 ns, Threads: 0 runnable, 62 total
[175.109s][info][gc       ] GC(108) Concurrent Mark Cycle 176.205ms
[176.145s][info][gc       ] GC(109) Pause Young (Prepare Mixed) (G1 Evacuation Pause) 894M->405M(940M) 1.643ms
[176.145s][info][safepoint] Safepoint "G1CollectForAllocation", Time since last: 1034347300 ns, Reaching safepoint: 17500 ns, At safepoint: 1676000 ns, Leaving safepoint: 16900 ns, Total: 1710400 ns, Threads: 5 runnable, 67 total
