[2026-09-27T02:14:13.798+1000][0.006s][info][gc] Using G1
[2026-09-27T02:14:14.260+1000][0.468s][info][gc] GC(0) Pause Young (Normal) (G1 Evacuation Pause) 61M->14M(500M) 1.897ms
[2026-09-27T02:14:14.260+1000][0.468s][info][safepoint] Safepoint "G1CollectForAllocation", Time since last: 453466700 ns, Reaching safepoint: 1300 ns, At safepoint: 1953600 ns, Leaving safepoint: 4400 ns, Total: 1959300 ns, Threads: 0 runnable, 17 total
[2026-09-27T02:14:16.389+1000][2.598s][info][gc       ] GC(1) Pause Young (Normal) (G1 Evacuation Pause) 254M->40M(500M) 6.594ms
[2026-09-27T02:14:16.389+1000][2.598s][info][safepoint] Safepoint "G1CollectForAllocation", Time since last: 2122997300 ns, Reaching safepoint: 1900 ns, At safepoint: 6672700 ns, Leaving safepoint: 11900 ns, Total: 6686500 ns, Threads: 0 runnable, 20 total
[2026-09-27T02:14:16.755+1000][2.964s][info][gc       ] GC(2) Pause Young (Concurrent Start) (Metadata GC Threshold) 237M->61M(500M) 7.060ms
[2026-09-27T02:14:16.756+1000][2.964s][info][gc       ] GC(3) Concurrent Mark Cycle
[2026-09-27T02:14:16.756+1000][2.964s][info][safepoint] Safepoint "CollectForMetadataAllocation", Time since last: 359155700 ns, Reaching safepoint: 2600 ns, At safepoint: 7122400 ns, Leaving safepoint: 13300 ns, Total: 7138300 ns, Threads: 0 runnable, 20 total
[2026-09-27T02:14:16.766+1000][2.974s][info][gc       ] GC(3) Pause Remark 63M->63M(214M) 1.162ms
[2026-09-27T02:14:16.766+1000][2.974s][info][safepoint] Safepoint "G1PauseRemark", Time since last: 8387300 ns, Reaching safepoint: 13100 ns, At safepoint: 1191300 ns, Leaving safepoint: 7400 ns, Total: 1211800 ns, Threads: 1 runnable, 20 total
[2026-09-27T02:14:16.770+1000][2.979s][info][gc       ] GC(3) Pause Cleanup 63M->63M(214M) 0.009ms
[2026-09-27T02:14:16.770+1000][2.979s][info][safepoint] Safepoint "G1PauseCleanup", Time since last: 4895800 ns, Reaching safepoint: 2000 ns, At safepoint: 30400 ns, Leaving safepoint: 2800 ns, Total: 35200 ns, Threads: 1 runnable, 20 total
[2026-09-27T02:14:16.770+1000][2.979s][info][gc       ] GC(3) Concurrent Mark Cycle 14.949ms
[2026-09-27T02:14:17.426+1000][3.634s][info][gc       ] GC(4) Pause Young (Prepare Mixed) (G1 Evacuation Pause) 169M->74M(214M) 6.747ms
[2026-09-27T02:14:17.426+1000][3.634s][info][safepoint] Safepoint "G1CollectForAllocation", Time since last: 648887100 ns, Reaching safepoint: 2200 ns, At safepoint: 6782800 ns, Leaving safepoint: 10200 ns, Total: 6795200 ns, Threads: 0 runnable, 20 total
[2026-09-27T02:14:17.610+1000][3.819s][info][gc       ] GC(5) Pause Young (Mixed) (G1 Evacuation Pause) 174M->102M(214M) 13.755ms
[2026-09-27T02:14:17.610+1000][3.819s][info][safepoint] Safepoint "G1CollectForAllocation", Time since last: 170319300 ns, Reaching safepoint: 23100 ns, At safepoint: 13787700 ns, Leaving safepoint: 17100 ns, Total: 13827900 ns, Threads: 1 runnable, 22 total
[2026-09-27T02:14:18.674+1000][4.882s][info][gc       ] GC(6) Pause Young (Normal) (G1 Evacuation Pause) 172M->112M(214M) 8.481ms
[2026-09-27T02:14:18.674+1000][4.882s][info][safepoint] Safepoint "G1CollectForAllocation", Time since last: 1055064000 ns, Reaching safepoint: 2100 ns, At safepoint: 8513500 ns, Leaving safepoint: 10900 ns, Total: 8526500 ns, Threads: 0 runnable, 17 total
[2026-09-27T02:14:19.253+1000][5.461s][info][gc       ] GC(7) Pause Young (Concurrent Start) (Metadata GC Threshold) 147M->116M(214M) 3.961ms
[2026-09-27T02:14:19.253+1000][5.461s][info][gc       ] GC(8) Concurrent Mark Cycle
[2026-09-27T02:14:19.253+1000][5.461s][info][safepoint] Safepoint "CollectForMetadataAllocation", Time since last: 574533400 ns, Reaching safepoint: 2900 ns, At safepoint: 4004800 ns, Leaving safepoint: 9300 ns, Total: 4017000 ns, Threads: 0 runnable, 18 total
[2026-09-27T02:14:19.270+1000][5.478s][info][safepoint] Safepoint "CollectForMetadataAllocation", Time since last: 17713900 ns, Reaching safepoint: 24100 ns, At safepoint: 6400 ns, Leaving safepoint: 7300 ns, Total: 37800 ns, Threads: 0 runnable, 18 total
[2026-09-27T02:14:19.287+1000][5.495s][info][safepoint] Safepoint "CollectForMetadataAllocation", Time since last: 16455000 ns, Reaching safepoint: 15600 ns, At safepoint: 7000 ns, Leaving safepoint: 7300 ns, Total: 29900 ns, Threads: 0 runnable, 18 total
[2026-09-27T02:14:19.300+1000][5.509s][info][gc       ] GC(8) Pause Remark 126M->126M(214M) 3.152ms
[2026-09-27T02:14:19.300+1000][5.509s][info][safepoint] Safepoint "G1PauseRemark", Time since last: 10391500 ns, Reaching safepoint: 20900 ns, At safepoint: 3179700 ns, Leaving safepoint: 6800 ns, Total: 3207400 ns, Threads: 1 runnable, 18 total
[2026-09-27T02:14:19.316+1000][5.524s][info][gc       ] GC(8) Pause Cleanup 131M->131M(214M) 0.017ms
[2026-09-27T02:14:19.316+1000][5.524s][info][safepoint] Safepoint "G1PauseCleanup", Time since last: 15565400 ns, Reaching safepoint: 2500 ns, At safepoint: 52400 ns, Leaving safepoint: 6200 ns, Total: 61100 ns, Threads: 0 runnable, 18 total
[2026-09-27T02:14:19.316+1000][5.524s][info][gc       ] GC(8) Concurrent Mark Cycle 63.626ms
[2026-09-27T02:14:19.504+1000][5.712s][info][gc       ] GC(9) Pause Young (Prepare Mixed) (G1 Evacuation Pause) 182M->120M(214M) 2.526ms
[2026-09-27T02:14:19.504+1000][5.712s][info][safepoint] Safepoint "G1CollectForAllocation", Time since last: 185583600 ns, Reaching safepoint: 2000 ns, At safepoint: 2567100 ns, Leaving safepoint: 7700 ns, Total: 2576800 ns, Threads: 0 runnable, 18 total
[2026-09-27T02:14:19.746+1000][5.954s][info][gc       ] GC(10) Pause Young (Mixed) (G1 Evacuation Pause) 186M->119M(214M) 3.408ms
[2026-09-27T02:14:19.746+1000][5.954s][info][safepoint] Safepoint "G1CollectForAllocation", Time since last: 238444900 ns, Reaching safepoint: 3300 ns, At safepoint: 3455400 ns, Leaving safepoint: 11000 ns, Total: 3469700 ns, Threads: 0 runnable, 19 total
[2026-09-27T02:14:20.051+1000][6.260s][info][gc       ] GC(11) Pause Young (Concurrent Start) (G1 Evacuation Pause) 187M->124M(264M) 5.883ms
[2026-09-27T02:14:20.051+1000][6.260s][info][gc       ] GC(12) Concurrent Mark Cycle
[2026-09-27T02:14:20.051+1000][6.260s][info][safepoint] Safepoint "G1CollectForAllocation", Time since last: 299592500 ns, Reaching safepoint: 3100 ns, At safepoint: 5921700 ns, Leaving safepoint: 13800 ns, Total: 5938600 ns, Threads: 0 runnable, 19 total
[2026-09-27T02:14:20.104+1000][6.312s][info][gc       ] GC(12) Pause Remark 142M->142M(264M) 3.163ms
[2026-09-27T02:14:20.104+1000][6.312s][info][safepoint] Safepoint "G1PauseRemark", Time since last: 48971300 ns, Reaching safepoint: 13300 ns, At safepoint: 3199700 ns, Leaving safepoint: 8000 ns, Total: 3221000 ns, Threads: 1 runnable, 19 total
[2026-09-27T02:14:20.117+1000][6.325s][info][gc       ] GC(12) Pause Cleanup 146M->146M(264M) 0.017ms
[2026-09-27T02:14:20.117+1000][6.325s][info][safepoint] Safepoint "G1PauseCleanup", Time since last: 12706700 ns, Reaching safepoint: 12800 ns, At safepoint: 48700 ns, Leaving safepoint: 2800 ns, Total: 64300 ns, Threads: 1 runnable, 19 total
[2026-09-27T02:14:20.117+1000][6.325s][info][gc       ] GC(12) Concurrent Mark Cycle 65.213ms
[2026-09-27T02:14:20.249+1000][6.457s][info][gc       ] GC(13) Pause Young (Prepare Mixed) (G1 Evacuation Pause) 232M->130M(264M) 7.204ms
[2026-09-27T02:14:20.250+1000][6.457s][info][safepoint] Safepoint "G1CollectForAllocation", Time since last: 125446400 ns, Reaching safepoint: 2700 ns, At safepoint: 7246800 ns, Leaving safepoint: 11500 ns, Total: 7261000 ns, Threads: 0 runnable, 19 total
[2026-09-27T02:14:20.426+1000][6.634s][info][gc       ] GC(14) Pause Young (Mixed) (G1 Evacuation Pause) 234M->134M(264M) 8.632ms
[2026-09-27T02:14:20.426+1000][6.635s][info][safepoint] Safepoint "G1CollectForAllocation", Time since last: 168380900 ns, Reaching safepoint: 3800 ns, At safepoint: 8676700 ns, Leaving safepoint: 7600 ns, Total: 8688100 ns, Threads: 0 runnable, 22 total
[2026-09-27T02:14:20.779+1000][6.987s][info][gc       ] GC(15) Pause Young (Concurrent Start) (G1 Evacuation Pause) 238M->136M(264M) 5.568ms
[2026-09-27T02:14:20.779+1000][6.987s][info][gc       ] GC(16) Concurrent Mark Cycle
[2026-09-27T02:14:20.779+1000][6.987s][info][safepoint] Safepoint "G1CollectForAllocation", Time since last: 347324000 ns, Reaching safepoint: 3200 ns, At safepoint: 5617400 ns, Leaving safepoint: 7100 ns, Total: 5627700 ns, Threads: 0 runnable, 22 total
[2026-09-27T02:14:20.828+1000][7.037s][info][gc       ] GC(16) Pause Remark 150M->150M(264M) 2.615ms
[2026-09-27T02:14:20.828+1000][7.037s][info][safepoint] Safepoint "G1PauseRemark", Time since last: 46821600 ns, Reaching safepoint: 13200 ns, At safepoint: 2654400 ns, Leaving safepoint: 3600 ns, Total: 2671200 ns, Threads: 1 runnable, 22 total
[2026-09-27T02:14:20.848+1000][7.057s][info][gc       ] GC(16) Pause Cleanup 157M->157M(264M) 0.013ms
[2026-09-27T02:14:20.848+1000][7.057s][info][safepoint] Safepoint "G1PauseCleanup", Time since last: 19536500 ns, Reaching safepoint: 33400 ns, At safepoint: 46000 ns, Leaving safepoint: 3800 ns, Total: 83200 ns, Threads: 1 runnable, 22 total
[2026-09-27T02:14:20.848+1000][7.057s][info][gc       ] GC(16) Concurrent Mark Cycle 69.277ms
[2026-09-27T02:14:21.216+1000][7.425s][info][gc       ] GC(17) Pause Young (Prepare Mixed) (G1 Evacuation Pause) 242M->140M(264M) 4.638ms
[2026-09-27T02:14:21.216+1000][7.425s][info][safepoint] Safepoint "G1CollectForAllocation", Time since last: 363367700 ns, Reaching safepoint: 3800 ns, At safepoint: 4679400 ns, Leaving safepoint: 9500 ns, Total: 4692700 ns, Threads: 0 runnable, 22 total
[2026-09-27T02:14:21.336+1000][7.544s][info][gc       ] GC(18) Pause Young (Mixed) (G1 Evacuation Pause) 244M->143M(266M) 6.837ms
[2026-09-27T02:14:21.336+1000][7.544s][info][safepoint] Safepoint "G1CollectForAllocation", Time since last: 112591400 ns, Reaching safepoint: 2100 ns, At safepoint: 6872300 ns, Leaving safepoint: 4000 ns, Total: 6878400 ns, Threads: 0 runnable, 22 total
[2026-09-27T02:14:21.573+1000][7.781s][info][gc       ] GC(19) Pause Young (Concurrent Start) (G1 Evacuation Pause) 245M->148M(380M) 6.304ms
[2026-09-27T02:14:21.573+1000][7.781s][info][gc       ] GC(20) Concurrent Mark Cycle
[2026-09-27T02:14:21.573+1000][7.781s][info][safepoint] Safepoint "G1CollectForAllocation", Time since last: 230271900 ns, Reaching safepoint: 2500 ns, At safepoint: 6354400 ns, Leaving safepoint: 5300 ns, Total: 6362200 ns, Threads: 0 runnable, 20 total
[2026-09-27T02:14:21.634+1000][7.842s][info][gc       ] GC(20) Pause Remark 165M->165M(380M) 2.432ms
[2026-09-27T02:14:21.634+1000][7.842s][info][safepoint] Safepoint "G1PauseRemark", Time since last: 59234300 ns, Reaching safepoint: 13100 ns, At safepoint: 2465000 ns, Leaving safepoint: 3100 ns, Total: 2481200 ns, Threads: 1 runnable, 20 total
[2026-09-27T02:14:21.653+1000][7.861s][info][gc       ] GC(20) Pause Cleanup 170M->170M(380M) 0.012ms
[2026-09-27T02:14:21.653+1000][7.861s][info][safepoint] Safepoint "G1PauseCleanup", Time since last: 18757900 ns, Reaching safepoint: 13100 ns, At safepoint: 38500 ns, Leaving safepoint: 2800 ns, Total: 54400 ns, Threads: 1 runnable, 20 total
[2026-09-27T02:14:21.653+1000][7.862s][info][gc       ] GC(20) Concurrent Mark Cycle 80.912ms
[2026-09-27T02:14:22.153+1000][8.362s][info][gc       ] GC(21) Pause Young (Prepare Mixed) (G1 Evacuation Pause) 352M->166M(380M) 6.773ms
[2026-09-27T02:14:22.153+1000][8.362s][info][safepoint] Safepoint "G1CollectForAllocation", Time since last: 493716300 ns, Reaching safepoint: 72700 ns, At safepoint: 6802300 ns, Leaving safepoint: 10300 ns, Total: 6885300 ns, Threads: 1 runnable, 23 total
[2026-09-27T02:14:23.159+1000][9.368s][info][gc       ] GC(22) Pause Young (Mixed) (G1 Evacuation Pause) 346M->172M(382M) 8.569ms
[2026-09-27T02:14:23.160+1000][9.368s][info][safepoint] Safepoint "G1CollectForAllocation", Time since last: 997203100 ns, Reaching safepoint: 1900 ns, At safepoint: 8604700 ns, Leaving safepoint: 9900 ns, Total: 8616500 ns, Threads: 0 runnable, 21 total
[2026-09-27T02:14:23.617+1000][9.825s][info][gc       ] GC(23) Pause Young (Concurrent Start) (G1 Evacuation Pause) 350M->181M(382M) 5.457ms
[2026-09-27T02:14:23.617+1000][9.825s][info][gc       ] GC(24) Concurrent Mark Cycle
[2026-09-27T02:14:23.617+1000][9.825s][info][safepoint] Safepoint "G1CollectForAllocation", Time since last: 451176000 ns, Reaching safepoint: 878600 ns, At safepoint: 5512800 ns, Leaving safepoint: 22800 ns, Total: 6414200 ns, Threads: 9 runnable, 43 total
[2026-09-27T02:14:23.714+1000][9.923s][info][gc       ] GC(24) Pause Remark 225M->225M(382M) 3.560ms
[2026-09-27T02:14:23.714+1000][9.923s][info][safepoint] Safepoint "G1PauseRemark", Time since last: 93941000 ns, Reaching safepoint: 63700 ns, At safepoint: 3606400 ns, Leaving safepoint: 16500 ns, Total: 3686600 ns, Threads: 2 runnable, 43 total
[2026-09-27T02:14:23.741+1000][9.950s][info][gc       ] GC(24) Pause Cleanup 231M->231M(382M) 0.025ms
[2026-09-27T02:14:23.741+1000][9.950s][info][safepoint] Safepoint "G1PauseCleanup", Time since last: 26996500 ns, Reaching safepoint: 18400 ns, At safepoint: 70300 ns, Leaving safepoint: 11300 ns, Total: 100000 ns, Threads: 5 runnable, 43 total
[2026-09-27T02:14:23.743+1000][9.951s][info][gc       ] GC(24) Concurrent Mark Cycle 125.968ms
[2026-09-27T02:14:23.930+1000][10.138s][info][gc       ] GC(25) Pause Young (Prepare Mixed) (G1 Evacuation Pause) 349M->198M(386M) 7.709ms
[2026-09-27T02:14:23.930+1000][10.138s][info][safepoint] Safepoint "G1CollectForAllocation", Time since last: 180079900 ns, Reaching safepoint: 23500 ns, At safepoint: 7755700 ns, Leaving safepoint: 22300 ns, Total: 7801500 ns, Threads: 3 runnable, 50 total
[2026-09-27T02:14:24.093+1000][10.301s][info][gc       ] GC(26) Pause Young (Mixed) (G1 Evacuation Pause) 362M->208M(402M) 6.983ms
[2026-09-27T02:14:24.093+1000][10.301s][info][safepoint] Safepoint "G1CollectForAllocation", Time since last: 155921900 ns, Reaching safepoint: 6100 ns, At safepoint: 7033000 ns, Leaving safepoint: 17600 ns, Total: 7056700 ns, Threads: 1 runnable, 55 total
[2026-09-27T02:14:24.173+1000][10.382s][info][gc       ] GC(27) Pause Young (Concurrent Start) (G1 Evacuation Pause) 364M->218M(402M) 4.541ms
[2026-09-27T02:14:24.173+1000][10.382s][info][gc       ] GC(28) Concurrent Mark Cycle
[2026-09-27T02:14:24.173+1000][10.382s][info][safepoint] Safepoint "G1CollectForAllocation", Time since last: 76378500 ns, Reaching safepoint: 26700 ns, At safepoint: 4597400 ns, Leaving safepoint: 17500 ns, Total: 4641600 ns, Threads: 4 runnable, 55 total
[2026-09-27T02:14:24.271+1000][10.479s][info][gc       ] GC(28) Pause Remark 243M->243M(402M) 6.828ms
[2026-09-27T02:14:24.271+1000][10.479s][info][safepoint] Safepoint "G1PauseRemark", Time since last: 89842700 ns, Reaching safepoint: 16100 ns, At safepoint: 6867200 ns, Leaving safepoint: 19900 ns, Total: 6903200 ns, Threads: 7 runnable, 55 total
[2026-09-27T02:14:24.303+1000][10.511s][info][gc       ] GC(28) Pause Cleanup 252M->252M(402M) 0.025ms
[2026-09-27T02:14:24.303+1000][10.511s][info][safepoint] Safepoint "G1PauseCleanup", Time since last: 32197500 ns, Reaching safepoint: 30100 ns, At safepoint: 65200 ns, Leaving safepoint: 28200 ns, Total: 123500 ns, Threads: 5 runnable, 52 total
[2026-09-27T02:14:24.303+1000][10.511s][info][gc       ] GC(28) Concurrent Mark Cycle 129.387ms
[2026-09-27T02:14:24.654+1000][10.862s][info][gc       ] GC(29) Pause Young (Prepare Mixed) (G1 Evacuation Pause) 370M->242M(418M) 11.929ms
[2026-09-27T02:14:24.654+1000][10.862s][info][safepoint] Safepoint "G1CollectForAllocation", Time since last: 338981400 ns, Reaching safepoint: 7900 ns, At safepoint: 11965500 ns, Leaving safepoint: 14700 ns, Total: 11988100 ns, Threads: 0 runnable, 52 total
[2026-09-27T02:14:26.405+1000][12.614s][info][gc       ] GC(30) Pause Young (Mixed) (G1 Evacuation Pause) 374M->253M(418M) 7.024ms
[2026-09-27T02:14:26.405+1000][12.614s][info][safepoint] Safepoint "G1CollectForAllocation", Time since last: 1745265500 ns, Reaching safepoint: 26200 ns, At safepoint: 7063100 ns, Leaving safepoint: 11900 ns, Total: 7101200 ns, Threads: 2 runnable, 51 total
[2026-09-27T02:14:26.469+1000][12.678s][info][gc       ] GC(31) Pause Young (Concurrent Start) (G1 Evacuation Pause) 373M->259M(418M) 3.188ms
[2026-09-27T02:14:26.469+1000][12.678s][info][gc       ] GC(32) Concurrent Mark Cycle
[2026-09-27T02:14:26.469+1000][12.678s][info][safepoint] Safepoint "G1CollectForAllocation", Time since last: 60144600 ns, Reaching safepoint: 5500 ns, At safepoint: 3226200 ns, Leaving safepoint: 15400 ns, Total: 3247100 ns, Threads: 1 runnable, 53 total
[2026-09-27T02:14:26.571+1000][12.779s][info][gc       ] GC(32) Pause Remark 315M->315M(434M) 7.189ms
[2026-09-27T02:14:26.571+1000][12.779s][info][safepoint] Safepoint "G1PauseRemark", Time since last: 94425400 ns, Reaching safepoint: 15100 ns, At safepoint: 7222100 ns, Leaving safepoint: 11200 ns, Total: 7248400 ns, Threads: 1 runnable, 53 total
[2026-09-27T02:14:26.596+1000][12.805s][info][gc       ] GC(32) Pause Cleanup 326M->326M(434M) 0.015ms
[2026-09-27T02:14:26.596+1000][12.805s][info][safepoint] Safepoint "G1PauseCleanup", Time since last: 25235700 ns, Reaching safepoint: 13600 ns, At safepoint: 46100 ns, Leaving safepoint: 3400 ns, Total: 63100 ns, Threads: 1 runnable, 53 total
[2026-09-27T02:14:26.596+1000][12.805s][info][gc       ] GC(32) Concurrent Mark Cycle 127.230ms
[2026-09-27T02:14:26.633+1000][12.843s][info][gc       ] GC(33) Pause Young (Prepare Mixed) (G1 Evacuation Pause) 379M->260M(434M) 2.325ms
[2026-09-27T02:14:26.633+1000][12.843s][info][safepoint] Safepoint "G1CollectForAllocation", Time since last: 35691500 ns, Reaching safepoint: 3400 ns, At safepoint: 2352300 ns, Leaving safepoint: 7600 ns, Total: 2363300 ns, Threads: 0 runnable, 53 total
[2026-09-27T02:14:26.828+1000][13.037s][info][gc       ] GC(34) Pause Young (Mixed) (G1 Evacuation Pause) 398M->262M(592M) 3.958ms
[2026-09-27T02:14:26.828+1000][13.037s][info][safepoint] Safepoint "G1CollectForAllocation", Time since last: 190085800 ns, Reaching safepoint: 14100 ns, At safepoint: 3992800 ns, Leaving safepoint: 7000 ns, Total: 4013900 ns, Threads: 1 runnable, 53 total
[2026-09-27T02:14:27.574+1000][13.782s][info][gc       ] GC(35) Pause Young (Normal) (G1 Evacuation Pause) 538M->268M(592M) 4.967ms
[2026-09-27T02:14:27.574+1000][13.782s][info][safepoint] Safepoint "G1CollectForAllocation", Time since last: 739607800 ns, Reaching safepoint: 468400 ns, At safepoint: 5015600 ns, Leaving safepoint: 23500 ns, Total: 5507500 ns, Threads: 13 runnable, 56 total
[2026-09-27T02:14:27.991+1000][14.200s][info][gc       ] GC(36) Pause Young (Normal) (G1 Evacuation Pause) 542M->290M(592M) 7.095ms
[2026-09-27T02:14:27.991+1000][14.200s][info][safepoint] Safepoint "G1CollectForAllocation", Time since last: 410630200 ns, Reaching safepoint: 33700 ns, At safepoint: 7137100 ns, Leaving safepoint: 20700 ns, Total: 7191500 ns, Threads: 11 runnable, 59 total
[2026-09-27T02:14:29.147+1000][15.356s][info][gc       ] GC(37) Pause Young (Concurrent Start) (G1 Evacuation Pause) 542M->306M(598M) 7.423ms
[2026-09-27T02:14:29.147+1000][15.356s][info][gc       ] GC(38) Concurrent Mark Cycle
[2026-09-27T02:14:29.147+1000][15.356s][info][safepoint] Safepoint "G1CollectForAllocation", Time since last: 1148744000 ns, Reaching safepoint: 17300 ns, At safepoint: 7463400 ns, Leaving safepoint: 19600 ns, Total: 7500300 ns, Threads: 11 runnable, 66 total
[2026-09-27T02:14:29.267+1000][15.477s][info][gc       ] GC(38) Pause Remark 389M->389M(598M) 5.192ms
[2026-09-27T02:14:29.267+1000][15.477s][info][safepoint] Safepoint "G1PauseRemark", Time since last: 115416200 ns, Reaching safepoint: 8900 ns, At safepoint: 5223800 ns, Leaving safepoint: 6500 ns, Total: 5239200 ns, Threads: 1 runnable, 66 total
[2026-09-27T02:14:29.311+1000][15.519s][info][gc       ] GC(38) Pause Cleanup 395M->395M(598M) 0.030ms
[2026-09-27T02:14:29.311+1000][15.519s][info][safepoint] Safepoint "G1PauseCleanup", Time since last: 42591300 ns, Reaching safepoint: 7800 ns, At safepoint: 69600 ns, Leaving safepoint: 7700 ns, Total: 85100 ns, Threads: 1 runnable, 66 total
[2026-09-27T02:14:29.311+1000][15.520s][info][gc       ] GC(38) Concurrent Mark Cycle 164.014ms
[2026-09-27T02:14:29.667+1000][15.877s][info][gc       ] GC(39) Pause Young (Prepare Mixed) (G1 Evacuation Pause) 552M->314M(598M) 3.308ms
[2026-09-27T02:14:29.667+1000][15.877s][info][safepoint] Safepoint "G1CollectForAllocation", Time since last: 353872300 ns, Reaching safepoint: 4500 ns, At safepoint: 3365100 ns, Leaving safepoint: 6700 ns, Total: 3376300 ns, Threads: 0 runnable, 66 total
[2026-09-27T02:14:30.201+1000][16.409s][info][gc       ] GC(40) Pause Young (Mixed) (G1 Evacuation Pause) 556M->322M(598M) 4.457ms
[2026-09-27T02:14:30.201+1000][16.409s][info][safepoint] Safepoint "G1CollectForAllocation", Time since last: 528263200 ns, Reaching safepoint: 28200 ns, At safepoint: 4495200 ns, Leaving safepoint: 17700 ns, Total: 4541100 ns, Threads: 3 runnable, 66 total
[2026-09-27T02:14:30.652+1000][16.861s][info][gc       ] GC(41) Pause Young (Concurrent Start) (G1 Evacuation Pause) 558M->345M(606M) 6.111ms
[2026-09-27T02:14:30.652+1000][16.861s][info][gc       ] GC(42) Concurrent Mark Cycle
[2026-09-27T02:14:30.652+1000][16.861s][info][safepoint] Safepoint "G1CollectForAllocation", Time since last: 445725900 ns, Reaching safepoint: 24900 ns, At safepoint: 6153500 ns, Leaving safepoint: 10300 ns, Total: 6188700 ns, Threads: 1 runnable, 76 total
[2026-09-27T02:14:30.812+1000][17.021s][info][gc       ] GC(42) Pause Remark 439M->439M(606M) 10.941ms
[2026-09-27T02:14:30.812+1000][17.021s][info][safepoint] Safepoint "G1PauseRemark", Time since last: 149133000 ns, Reaching safepoint: 9800 ns, At safepoint: 10980000 ns, Leaving safepoint: 19900 ns, Total: 11009700 ns, Threads: 2 runnable, 78 total
[2026-09-27T02:14:30.864+1000][17.073s][info][gc       ] GC(42) Pause Cleanup 452M->452M(606M) 0.039ms
[2026-09-27T02:14:30.864+1000][17.073s][info][safepoint] Safepoint "G1PauseCleanup", Time since last: 51190500 ns, Reaching safepoint: 39300 ns, At safepoint: 84200 ns, Leaving safepoint: 13100 ns, Total: 136600 ns, Threads: 4 runnable, 78 total
[2026-09-27T02:14:30.864+1000][17.073s][info][gc       ] GC(42) Concurrent Mark Cycle 211.868ms
[2026-09-27T02:14:31.078+1000][17.287s][info][gc       ] GC(43) Pause Young (Prepare Mixed) (G1 Evacuation Pause) 561M->360M(612M) 5.420ms
[2026-09-27T02:14:31.078+1000][17.287s][info][safepoint] Safepoint "G1CollectForAllocation", Time since last: 208364300 ns, Reaching safepoint: 5400 ns, At safepoint: 5462100 ns, Leaving safepoint: 8500 ns, Total: 5476000 ns, Threads: 1 runnable, 78 total
[2026-09-27T02:14:31.440+1000][17.649s][info][gc       ] GC(44) Pause Young (Mixed) (G1 Evacuation Pause) 566M->366M(612M) 3.262ms
[2026-09-27T02:14:31.440+1000][17.649s][info][safepoint] Safepoint "G1CollectForAllocation", Time since last: 358714600 ns, Reaching safepoint: 5800 ns, At safepoint: 3303300 ns, Leaving safepoint: 10900 ns, Total: 3320000 ns, Threads: 0 runnable, 78 total
[2026-09-27T02:14:31.760+1000][17.970s][info][gc       ] GC(45) Pause Young (Concurrent Start) (G1 Evacuation Pause) 570M->374M(612M) 3.244ms
[2026-09-27T02:14:31.760+1000][17.970s][info][gc       ] GC(46) Concurrent Mark Cycle
[2026-09-27T02:14:31.760+1000][17.970s][info][safepoint] Safepoint "G1CollectForAllocation", Time since last: 317980500 ns, Reaching safepoint: 19200 ns, At safepoint: 3288700 ns, Leaving safepoint: 16700 ns, Total: 3324600 ns, Threads: 9 runnable, 78 total
[2026-09-27T02:14:31.903+1000][18.111s][info][gc       ] GC(46) Pause Remark 442M->442M(628M) 5.042ms
[2026-09-27T02:14:31.903+1000][18.111s][info][safepoint] Safepoint "G1PauseRemark", Time since last: 135861900 ns, Reaching safepoint: 16500 ns, At safepoint: 5076700 ns, Leaving safepoint: 10100 ns, Total: 5103300 ns, Threads: 1 runnable, 78 total
[2026-09-27T02:14:31.949+1000][18.158s][info][gc       ] GC(46) Pause Cleanup 460M->460M(628M) 0.030ms
[2026-09-27T02:14:31.949+1000][18.158s][info][safepoint] Safepoint "G1PauseCleanup", Time since last: 46790500 ns, Reaching safepoint: 15700 ns, At safepoint: 67500 ns, Leaving safepoint: 7200 ns, Total: 90400 ns, Threads: 3 runnable, 78 total
[2026-09-27T02:14:31.949+1000][18.158s][info][gc       ] GC(46) Concurrent Mark Cycle 188.292ms
[2026-09-27T02:14:32.086+1000][18.295s][info][gc       ] GC(47) Pause Young (Prepare Mixed) (G1 Evacuation Pause) 574M->384M(628M) 3.723ms
[2026-09-27T02:14:32.086+1000][18.295s][info][safepoint] Safepoint "G1CollectForAllocation", Time since last: 133702300 ns, Reaching safepoint: 5700 ns, At safepoint: 3808500 ns, Leaving safepoint: 10800 ns, Total: 3825000 ns, Threads: 0 runnable, 78 total
[2026-09-27T02:14:32.425+1000][18.635s][info][gc       ] GC(48) Pause Young (Mixed) (G1 Evacuation Pause) 590M->380M(628M) 3.381ms
[2026-09-27T02:14:32.425+1000][18.635s][info][safepoint] Safepoint "G1CollectForAllocation", Time since last: 336158200 ns, Reaching safepoint: 10700 ns, At safepoint: 3434200 ns, Leaving safepoint: 15600 ns, Total: 3460500 ns, Threads: 1 runnable, 77 total
[2026-09-27T02:14:32.747+1000][18.956s][info][gc       ] GC(49) Pause Young (Concurrent Start) (G1 Evacuation Pause) 592M->382M(628M) 1.953ms
[2026-09-27T02:14:32.747+1000][18.956s][info][gc       ] GC(50) Concurrent Mark Cycle
[2026-09-27T02:14:32.747+1000][18.956s][info][safepoint] Safepoint "G1CollectForAllocation", Time since last: 318695500 ns, Reaching safepoint: 9200 ns, At safepoint: 1998400 ns, Leaving safepoint: 9000 ns, Total: 2016600 ns, Threads: 1 runnable, 77 total
[2026-09-27T02:14:32.904+1000][19.113s][info][gc       ] GC(50) Pause Remark 481M->481M(640M) 10.307ms
[2026-09-27T02:14:32.904+1000][19.113s][info][safepoint] Safepoint "G1PauseRemark", Time since last: 146733400 ns, Reaching safepoint: 16000 ns, At safepoint: 10340600 ns, Leaving safepoint: 8900 ns, Total: 10365500 ns, Threads: 1 runnable, 77 total
[2026-09-27T02:14:32.945+1000][19.153s][info][gc       ] GC(50) Pause Cleanup 501M->501M(640M) 0.030ms
[2026-09-27T02:14:32.945+1000][19.154s][info][safepoint] Safepoint "G1PauseCleanup", Time since last: 40689400 ns, Reaching safepoint: 5700 ns, At safepoint: 69200 ns, Leaving safepoint: 5300 ns, Total: 80200 ns, Threads: 1 runnable, 77 total
[2026-09-27T02:14:32.945+1000][19.154s][info][gc       ] GC(50) Concurrent Mark Cycle 198.244ms
[2026-09-27T02:14:33.085+1000][19.294s][info][gc       ] GC(51) Pause Young (Prepare Mixed) (G1 Evacuation Pause) 594M->399M(640M) 3.687ms
[2026-09-27T02:14:33.085+1000][19.294s][info][safepoint] Safepoint "G1CollectForAllocation", Time since last: 136843000 ns, Reaching safepoint: 20500 ns, At safepoint: 3726800 ns, Leaving safepoint: 18200 ns, Total: 3765500 ns, Threads: 5 runnable, 78 total
[2026-09-27T02:14:33.382+1000][19.591s][info][gc       ] GC(52) Pause Young (Mixed) (G1 Evacuation Pause) 605M->401M(652M) 4.772ms
[2026-09-27T02:14:33.382+1000][19.591s][info][safepoint] Safepoint "G1CollectForAllocation", Time since last: 292091000 ns, Reaching safepoint: 15300 ns, At safepoint: 4811400 ns, Leaving safepoint: 13100 ns, Total: 4839800 ns, Threads: 1 runnable, 78 total
[2026-09-27T02:14:33.761+1000][19.969s][info][gc       ] GC(53) Pause Young (Concurrent Start) (G1 Evacuation Pause) 615M->410M(652M) 3.189ms
[2026-09-27T02:14:33.761+1000][19.969s][info][gc       ] GC(54) Concurrent Mark Cycle
[2026-09-27T02:14:33.761+1000][19.969s][info][safepoint] Safepoint "G1CollectForAllocation", Time since last: 374818900 ns, Reaching safepoint: 20100 ns, At safepoint: 3233500 ns, Leaving safepoint: 19500 ns, Total: 3273100 ns, Threads: 1 runnable, 78 total
[2026-09-27T02:14:33.941+1000][20.150s][info][gc       ] GC(54) Pause Remark 484M->484M(688M) 4.669ms
[2026-09-27T02:14:33.941+1000][20.150s][info][safepoint] Safepoint "G1PauseRemark", Time since last: 175968100 ns, Reaching safepoint: 191100 ns, At safepoint: 4706700 ns, Leaving safepoint: 18700 ns, Total: 4916500 ns, Threads: 8 runnable, 78 total
[2026-09-27T02:14:33.997+1000][20.205s][info][gc       ] GC(54) Pause Cleanup 505M->505M(688M) 0.044ms
[2026-09-27T02:14:33.997+1000][20.205s][info][safepoint] Safepoint "G1PauseCleanup", Time since last: 55140200 ns, Reaching safepoint: 19200 ns, At safepoint: 88100 ns, Leaving safepoint: 16200 ns, Total: 123500 ns, Threads: 2 runnable, 78 total
[2026-09-27T02:14:33.997+1000][20.206s][info][gc       ] GC(54) Concurrent Mark Cycle 236.721ms
[2026-09-27T02:14:34.131+1000][20.339s][info][gc       ] GC(55) Pause Young (Prepare Mixed) (G1 Evacuation Pause) 614M->419M(688M) 4.018ms
[2026-09-27T02:14:34.131+1000][20.339s][info][safepoint] Safepoint "G1CollectForAllocation", Time since last: 129914100 ns, Reaching safepoint: 24300 ns, At safepoint: 4119700 ns, Leaving safepoint: 22700 ns, Total: 4166700 ns, Threads: 7 runnable, 78 total
[2026-09-27T02:14:34.546+1000][20.755s][info][gc       ] GC(56) Pause Young (Mixed) (G1 Evacuation Pause) 649M->418M(826M) 4.393ms
[2026-09-27T02:14:34.546+1000][20.755s][info][safepoint] Safepoint "G1CollectForAllocation", Time since last: 411096600 ns, Reaching safepoint: 10100 ns, At safepoint: 4438000 ns, Leaving safepoint: 12500 ns, Total: 4460600 ns, Threads: 2 runnable, 78 total
[2026-09-27T02:14:35.124+1000][21.333s][info][gc       ] GC(57) Pause Young (Normal) (G1 Evacuation Pause) 766M->434M(826M) 4.068ms
[2026-09-27T02:14:35.124+1000][21.333s][info][safepoint] Safepoint "G1CollectForAllocation", Time since last: 573656900 ns, Reaching safepoint: 19900 ns, At safepoint: 4111100 ns, Leaving safepoint: 18300 ns, Total: 4149300 ns, Threads: 4 runnable, 78 total
[2026-09-27T02:14:35.628+1000][21.836s][info][gc       ] GC(58) Pause Young (Normal) (G1 Evacuation Pause) 762M->445M(826M) 4.589ms
[2026-09-27T02:14:35.628+1000][21.836s][info][safepoint] Safepoint "G1CollectForAllocation", Time since last: 498840700 ns, Reaching safepoint: 10200 ns, At safepoint: 4634000 ns, Leaving safepoint: 12900 ns, Total: 4657100 ns, Threads: 1 runnable, 78 total
[2026-09-27T02:14:36.079+1000][22.287s][info][gc       ] GC(59) Pause Young (Concurrent Start) (G1 Evacuation Pause) 771M->455M(826M) 4.743ms
[2026-09-27T02:14:36.079+1000][22.287s][info][gc       ] GC(60) Concurrent Mark Cycle
[2026-09-27T02:14:36.079+1000][22.287s][info][safepoint] Safepoint "G1CollectForAllocation", Time since last: 446249400 ns, Reaching safepoint: 6100 ns, At safepoint: 4788400 ns, Leaving safepoint: 10200 ns, Total: 4804700 ns, Threads: 1 runnable, 78 total
[2026-09-27T02:14:36.225+1000][22.434s][info][gc       ] GC(60) Pause Remark 527M->527M(826M) 5.698ms
[2026-09-27T02:14:36.225+1000][22.434s][info][safepoint] Safepoint "G1PauseRemark", Time since last: 140660300 ns, Reaching safepoint: 5900 ns, At safepoint: 5736800 ns, Leaving safepoint: 8900 ns, Total: 5751600 ns, Threads: 2 runnable, 78 total
[2026-09-27T02:14:36.267+1000][22.477s][info][gc       ] GC(60) Pause Cleanup 537M->537M(826M) 0.033ms
[2026-09-27T02:14:36.267+1000][22.477s][info][safepoint] Safepoint "G1PauseCleanup", Time since last: 43140400 ns, Reaching safepoint: 5400 ns, At safepoint: 69900 ns, Leaving safepoint: 2600 ns, Total: 77900 ns, Threads: 0 runnable, 78 total
[2026-09-27T02:14:36.269+1000][22.478s][info][gc       ] GC(60) Concurrent Mark Cycle 190.253ms
[2026-09-27T02:14:36.559+1000][22.767s][info][gc       ] GC(61) Pause Young (Prepare Mixed) (G1 Evacuation Pause) 773M->465M(826M) 4.450ms
[2026-09-27T02:14:36.559+1000][22.767s][info][safepoint] Safepoint "G1CollectForAllocation", Time since last: 285687900 ns, Reaching safepoint: 15600 ns, At safepoint: 4489900 ns, Leaving safepoint: 9300 ns, Total: 4514800 ns, Threads: 2 runnable, 77 total
[2026-09-27T02:14:36.938+1000][23.147s][info][gc       ] GC(62) Pause Young (Mixed) (G1 Evacuation Pause) 777M->468M(826M) 4.680ms
[2026-09-27T02:14:36.938+1000][23.147s][info][safepoint] Safepoint "G1CollectForAllocation", Time since last: 375367200 ns, Reaching safepoint: 7700 ns, At safepoint: 4721800 ns, Leaving safepoint: 7000 ns, Total: 4736500 ns, Threads: 0 runnable, 77 total
[2026-09-27T02:14:37.335+1000][23.544s][info][gc       ] GC(63) Pause Young (Concurrent Start) (G1 Evacuation Pause) 778M->479M(826M) 3.995ms
[2026-09-27T02:14:37.335+1000][23.544s][info][gc       ] GC(64) Concurrent Mark Cycle
[2026-09-27T02:14:37.335+1000][23.544s][info][safepoint] Safepoint "G1CollectForAllocation", Time since last: 392280900 ns, Reaching safepoint: 8500 ns, At safepoint: 4035800 ns, Leaving safepoint: 15000 ns, Total: 4059300 ns, Threads: 1 runnable, 75 total
[2026-09-27T02:14:37.522+1000][23.731s][info][gc       ] GC(64) Pause Remark 551M->551M(826M) 4.719ms
[2026-09-27T02:14:37.522+1000][23.731s][info][safepoint] Safepoint "G1PauseRemark", Time since last: 182395000 ns, Reaching safepoint: 16500 ns, At safepoint: 4754300 ns, Leaving safepoint: 6900 ns, Total: 4777700 ns, Threads: 2 runnable, 75 total
[2026-09-27T02:14:37.574+1000][23.782s][info][gc       ] GC(64) Pause Cleanup 582M->582M(826M) 0.033ms
[2026-09-27T02:14:37.574+1000][23.782s][info][safepoint] Safepoint "G1PauseCleanup", Time since last: 51456300 ns, Reaching safepoint: 5200 ns, At safepoint: 67400 ns, Leaving safepoint: 3900 ns, Total: 76500 ns, Threads: 1 runnable, 75 total
[2026-09-27T02:14:37.574+1000][23.783s][info][gc       ] GC(64) Concurrent Mark Cycle 239.183ms
[2026-09-27T02:14:37.786+1000][23.994s][info][gc       ] GC(65) Pause Young (Prepare Mixed) (G1 Evacuation Pause) 779M->491M(826M) 4.419ms
[2026-09-27T02:14:37.786+1000][23.994s][info][safepoint] Safepoint "G1CollectForAllocation", Time since last: 207349000 ns, Reaching safepoint: 5600 ns, At safepoint: 4458700 ns, Leaving safepoint: 12000 ns, Total: 4476300 ns, Threads: 1 runnable, 75 total
[2026-09-27T02:14:38.170+1000][24.380s][info][gc       ] GC(66) Pause Young (Mixed) (G1 Evacuation Pause) 779M->490M(830M) 4.907ms
[2026-09-27T02:14:38.170+1000][24.380s][info][safepoint] Safepoint "G1CollectForAllocation", Time since last: 380634800 ns, Reaching safepoint: 15400 ns, At safepoint: 4943900 ns, Leaving safepoint: 9100 ns, Total: 4968400 ns, Threads: 1 runnable, 75 total
[2026-09-27T02:14:38.566+1000][24.776s][info][gc       ] GC(67) Pause Young (Concurrent Start) (G1 Evacuation Pause) 784M->499M(830M) 3.870ms
[2026-09-27T02:14:38.566+1000][24.776s][info][gc       ] GC(68) Concurrent Mark Cycle
[2026-09-27T02:14:38.566+1000][24.776s][info][safepoint] Safepoint "G1CollectForAllocation", Time since last: 392110300 ns, Reaching safepoint: 5100 ns, At safepoint: 3911300 ns, Leaving safepoint: 7300 ns, Total: 3923700 ns, Threads: 0 runnable, 75 total
[2026-09-27T02:14:38.738+1000][24.947s][info][gc       ] GC(68) Pause Remark 682M->682M(838M) 4.114ms
[2026-09-27T02:14:38.738+1000][24.947s][info][safepoint] Safepoint "G1PauseRemark", Time since last: 166686300 ns, Reaching safepoint: 39400 ns, At safepoint: 4143400 ns, Leaving safepoint: 13600 ns, Total: 4196400 ns, Threads: 5 runnable, 73 total
[2026-09-27T02:14:38.794+1000][25.003s][info][gc       ] GC(68) Pause Cleanup 722M->722M(838M) 0.037ms
[2026-09-27T02:14:38.794+1000][25.003s][info][safepoint] Safepoint "G1PauseCleanup", Time since last: 56530200 ns, Reaching safepoint: 6800 ns, At safepoint: 69500 ns, Leaving safepoint: 7200 ns, Total: 83500 ns, Threads: 1 runnable, 73 total
[2026-09-27T02:14:38.795+1000][25.004s][info][gc       ] GC(68) Concurrent Mark Cycle 227.995ms
[2026-09-27T02:14:38.916+1000][25.125s][info][gc       ] GC(69) Pause Young (Prepare Mixed) (G1 Evacuation Pause) 787M->509M(838M) 15.647ms
[2026-09-27T02:14:38.916+1000][25.125s][info][safepoint] Safepoint "G1CollectForAllocation", Time since last: 105757900 ns, Reaching safepoint: 19700 ns, At safepoint: 15683600 ns, Leaving safepoint: 14800 ns, Total: 15718100 ns, Threads: 5 runnable, 73 total
[2026-09-27T02:14:39.232+1000][25.441s][info][gc       ] GC(70) Pause Young (Mixed) (G1 Evacuation Pause) 791M->507M(860M) 6.641ms
[2026-09-27T02:14:39.232+1000][25.441s][info][safepoint] Safepoint "G1CollectForAllocation", Time since last: 309702200 ns, Reaching safepoint: 8100 ns, At safepoint: 6682400 ns, Leaving safepoint: 11200 ns, Total: 6701700 ns, Threads: 1 runnable, 72 total
[2026-09-27T02:14:39.741+1000][25.951s][info][gc       ] GC(71) Pause Young (Concurrent Start) (G1 Evacuation Pause) 813M->518M(860M) 4.470ms
[2026-09-27T02:14:39.741+1000][25.951s][info][gc       ] GC(72) Concurrent Mark Cycle
[2026-09-27T02:14:39.741+1000][25.951s][info][safepoint] Safepoint "G1CollectForAllocation", Time since last: 505228600 ns, Reaching safepoint: 39800 ns, At safepoint: 4512400 ns, Leaving safepoint: 20700 ns, Total: 4572900 ns, Threads: 13 runnable, 71 total
[2026-09-27T02:14:39.921+1000][26.130s][info][gc       ] GC(72) Pause Remark 653M->653M(868M) 4.624ms
[2026-09-27T02:14:39.921+1000][26.130s][info][safepoint] Safepoint "G1PauseRemark", Time since last: 174092100 ns, Reaching safepoint: 26600 ns, At safepoint: 4660300 ns, Leaving safepoint: 7000 ns, Total: 4693900 ns, Threads: 2 runnable, 71 total
[2026-09-27T02:14:39.967+1000][26.177s][info][gc       ] GC(72) Pause Cleanup 674M->674M(868M) 0.037ms
[2026-09-27T02:14:39.967+1000][26.177s][info][safepoint] Safepoint "G1PauseCleanup", Time since last: 46863100 ns, Reaching safepoint: 15600 ns, At safepoint: 75700 ns, Leaving safepoint: 3700 ns, Total: 95000 ns, Threads: 1 runnable, 71 total
[2026-09-27T02:14:39.969+1000][26.177s][info][gc       ] GC(72) Concurrent Mark Cycle 226.264ms
[2026-09-27T02:14:40.135+1000][26.344s][info][gc       ] GC(73) Pause Young (Prepare Mixed) (G1 Evacuation Pause) 812M->532M(868M) 5.038ms
[2026-09-27T02:14:40.135+1000][26.344s][info][safepoint] Safepoint "G1CollectForAllocation", Time since last: 162031700 ns, Reaching safepoint: 31100 ns, At safepoint: 5075900 ns, Leaving safepoint: 22100 ns, Total: 5129100 ns, Threads: 18 runnable, 71 total
[2026-09-27T02:14:40.464+1000][26.673s][info][gc       ] GC(74) Pause Young (Mixed) (G1 Evacuation Pause) 822M->528M(872M) 5.217ms
[2026-09-27T02:14:40.464+1000][26.673s][info][safepoint] Safepoint "G1CollectForAllocation", Time since last: 324268700 ns, Reaching safepoint: 30000 ns, At safepoint: 5257500 ns, Leaving safepoint: 19200 ns, Total: 5306700 ns, Threads: 14 runnable, 71 total
[2026-09-27T02:14:40.768+1000][26.976s][info][gc       ] GC(75) Pause Young (Concurrent Start) (G1 Evacuation Pause) 824M->534M(872M) 3.709ms
[2026-09-27T02:14:40.768+1000][26.976s][info][gc       ] GC(76) Concurrent Mark Cycle
[2026-09-27T02:14:40.768+1000][26.976s][info][safepoint] Safepoint "G1CollectForAllocation", Time since last: 298985500 ns, Reaching safepoint: 9400 ns, At safepoint: 3749100 ns, Leaving safepoint: 10600 ns, Total: 3769100 ns, Threads: 1 runnable, 71 total
[2026-09-27T02:14:40.950+1000][27.158s][info][gc       ] GC(76) Pause Remark 689M->689M(894M) 3.971ms
[2026-09-27T02:14:40.950+1000][27.158s][info][safepoint] Safepoint "G1PauseRemark", Time since last: 177904200 ns, Reaching safepoint: 18900 ns, At safepoint: 4014600 ns, Leaving safepoint: 13800 ns, Total: 4047300 ns, Threads: 11 runnable, 71 total
[2026-09-27T02:14:41.005+1000][27.214s][info][gc       ] GC(76) Pause Cleanup 724M->724M(894M) 0.037ms
[2026-09-27T02:14:41.005+1000][27.214s][info][safepoint] Safepoint "G1PauseCleanup", Time since last: 55866400 ns, Reaching safepoint: 8400 ns, At safepoint: 72000 ns, Leaving safepoint: 6000 ns, Total: 86400 ns, Threads: 2 runnable, 71 total
[2026-09-27T02:14:41.005+1000][27.215s][info][gc       ] GC(76) Concurrent Mark Cycle 238.538ms
[2026-09-27T02:14:41.181+1000][27.391s][info][gc       ] GC(77) Pause Young (Prepare Mixed) (G1 Evacuation Pause) 824M->545M(894M) 4.920ms
[2026-09-27T02:14:41.181+1000][27.391s][info][safepoint] Safepoint "G1CollectForAllocation", Time since last: 171898300 ns, Reaching safepoint: 16100 ns, At safepoint: 4957900 ns, Leaving safepoint: 12600 ns, Total: 4986600 ns, Threads: 2 runnable, 71 total
[2026-09-27T02:14:41.494+1000][27.703s][info][gc       ] GC(78) Pause Young (Mixed) (G1 Evacuation Pause) 847M->536M(914M) 6.827ms
[2026-09-27T02:14:41.494+1000][27.703s][info][safepoint] Safepoint "G1CollectForAllocation", Time since last: 304769200 ns, Reaching safepoint: 19500 ns, At safepoint: 6864900 ns, Leaving safepoint: 20800 ns, Total: 6905200 ns, Threads: 12 runnable, 71 total
[2026-09-27T02:14:41.885+1000][28.093s][info][gc       ] GC(79) Pause Young (Concurrent Start) (G1 Evacuation Pause) 864M->549M(914M) 4.475ms
[2026-09-27T02:14:41.885+1000][28.093s][info][gc       ] GC(80) Concurrent Mark Cycle
[2026-09-27T02:14:41.885+1000][28.093s][info][safepoint] Safepoint "G1CollectForAllocation", Time since last: 385884500 ns, Reaching safepoint: 20200 ns, At safepoint: 4526900 ns, Leaving safepoint: 23700 ns, Total: 4570800 ns, Threads: 17 runnable, 71 total
[2026-09-27T02:14:42.051+1000][28.260s][info][gc       ] GC(80) Pause Remark 656M->656M(918M) 4.443ms
[2026-09-27T02:14:42.051+1000][28.260s][info][safepoint] Safepoint "G1PauseRemark", Time since last: 162460800 ns, Reaching safepoint: 15500 ns, At safepoint: 4484600 ns, Leaving safepoint: 6700 ns, Total: 4506800 ns, Threads: 2 runnable, 71 total
[2026-09-27T02:14:42.106+1000][28.314s][info][gc       ] GC(80) Pause Cleanup 670M->670M(918M) 0.034ms
[2026-09-27T02:14:42.106+1000][28.314s][info][safepoint] Safepoint "G1PauseCleanup", Time since last: 54239800 ns, Reaching safepoint: 4800 ns, At safepoint: 67100 ns, Leaving safepoint: 4000 ns, Total: 75900 ns, Threads: 0 runnable, 71 total
[2026-09-27T02:14:42.106+1000][28.315s][info][gc       ] GC(80) Concurrent Mark Cycle 221.826ms
[2026-09-27T02:14:42.388+1000][28.597s][info][gc       ] GC(81) Pause Young (Prepare Mixed) (G1 Evacuation Pause) 865M->561M(918M) 5.016ms
[2026-09-27T02:14:42.388+1000][28.597s][info][safepoint] Safepoint "G1CollectForAllocation", Time since last: 277575100 ns, Reaching safepoint: 18700 ns, At safepoint: 5063700 ns, Leaving safepoint: 20700 ns, Total: 5103100 ns, Threads: 9 runnable, 71 total
[2026-09-27T02:14:43.283+1000][29.492s][info][gc       ] GC(82) Pause Young (Mixed) (G1 Evacuation Pause) 869M->558M(920M) 4.960ms
[2026-09-27T02:14:43.283+1000][29.492s][info][safepoint] Safepoint "G1CollectForAllocation", Time since last: 889661900 ns, Reaching safepoint: 15600 ns, At safepoint: 4998400 ns, Leaving safepoint: 12100 ns, Total: 5026100 ns, Threads: 4 runnable, 69 total
[2026-09-27T02:14:45.233+1000][31.442s][info][gc       ] GC(83) Pause Young (Concurrent Start) (G1 Evacuation Pause) 872M->557M(920M) 2.994ms
[2026-09-27T02:14:45.233+1000][31.442s][info][gc       ] GC(84) Concurrent Mark Cycle
[2026-09-27T02:14:45.233+1000][31.442s][info][safepoint] Safepoint "G1CollectForAllocation", Time since last: 1947201900 ns, Reaching safepoint: 4800 ns, At safepoint: 3041200 ns, Leaving safepoint: 5700 ns, Total: 3051700 ns, Threads: 0 runnable, 69 total
[2026-09-27T02:14:45.382+1000][31.591s][info][gc       ] GC(84) Pause Remark 586M->586M(930M) 3.540ms
[2026-09-27T02:14:45.382+1000][31.591s][info][safepoint] Safepoint "G1PauseRemark", Time since last: 145608500 ns, Reaching safepoint: 8500 ns, At safepoint: 3569400 ns, Leaving safepoint: 6500 ns, Total: 3584400 ns, Threads: 0 runnable, 69 total
[2026-09-27T02:14:45.441+1000][31.649s][info][gc       ] GC(84) Pause Cleanup 593M->593M(930M) 0.044ms
[2026-09-27T02:14:45.441+1000][31.649s][info][safepoint] Safepoint "G1PauseCleanup", Time since last: 58151100 ns, Reaching safepoint: 8000 ns, At safepoint: 78800 ns, Leaving safepoint: 2500 ns, Total: 89300 ns, Threads: 0 runnable, 69 total
[2026-09-27T02:14:45.441+1000][31.650s][info][gc       ] GC(84) Concurrent Mark Cycle 207.933ms
[2026-09-27T02:14:47.030+1000][33.239s][info][gc       ] GC(85) Pause Young (Prepare Mixed) (G1 Evacuation Pause) 871M->557M(930M) 2.949ms
[2026-09-27T02:14:47.030+1000][33.239s][info][safepoint] Safepoint "G1CollectForAllocation", Time since last: 1586743600 ns, Reaching safepoint: 15500 ns, At safepoint: 2986100 ns, Leaving safepoint: 9400 ns, Total: 3011000 ns, Threads: 2 runnable, 67 total
[2026-09-27T02:14:48.654+1000][34.864s][info][gc       ] GC(86) Pause Young (Mixed) (G1 Evacuation Pause) 879M->541M(930M) 4.234ms
[2026-09-27T02:14:48.654+1000][34.864s][info][safepoint] Safepoint "G1CollectForAllocation", Time since last: 1620396700 ns, Reaching safepoint: 8200 ns, At safepoint: 4272800 ns, Leaving safepoint: 7500 ns, Total: 4288500 ns, Threads: 1 runnable, 67 total
[2026-09-27T02:14:50.280+1000][36.489s][info][gc       ] GC(87) Pause Young (Concurrent Start) (G1 Evacuation Pause) 879M->542M(930M) 2.593ms
[2026-09-27T02:14:50.280+1000][36.489s][info][gc       ] GC(88) Concurrent Mark Cycle
[2026-09-27T02:14:50.280+1000][36.489s][info][safepoint] Safepoint "G1CollectForAllocation", Time since last: 1622434200 ns, Reaching safepoint: 15200 ns, At safepoint: 2641400 ns, Leaving safepoint: 9500 ns, Total: 2666100 ns, Threads: 3 runnable, 67 total
[2026-09-27T02:14:50.437+1000][36.646s][info][gc       ] GC(88) Pause Remark 570M->570M(930M) 8.310ms
[2026-09-27T02:14:50.437+1000][36.646s][info][safepoint] Safepoint "G1PauseRemark", Time since last: 148488600 ns, Reaching safepoint: 5400 ns, At safepoint: 8343800 ns, Leaving safepoint: 4000 ns, Total: 8353200 ns, Threads: 0 runnable, 67 total
[2026-09-27T02:14:50.488+1000][36.698s][info][gc       ] GC(88) Pause Cleanup 575M->575M(930M) 0.039ms
[2026-09-27T02:14:50.490+1000][36.698s][info][safepoint] Safepoint "G1PauseCleanup", Time since last: 52303200 ns, Reaching safepoint: 6400 ns, At safepoint: 75800 ns, Leaving safepoint: 5100 ns, Total: 87300 ns, Threads: 0 runnable, 67 total
[2026-09-27T02:14:50.490+1000][36.699s][info][gc       ] GC(88) Concurrent Mark Cycle 209.795ms
[2026-09-27T02:14:51.966+1000][38.176s][info][gc       ] GC(89) Pause Young (Prepare Mixed) (G1 Evacuation Pause) 880M->541M(930M) 2.865ms
[2026-09-27T02:14:51.966+1000][38.176s][info][safepoint] Safepoint "G1CollectForAllocation", Time since last: 1474555100 ns, Reaching safepoint: 16000 ns, At safepoint: 2903200 ns, Leaving safepoint: 7100 ns, Total: 2926300 ns, Threads: 1 runnable, 66 total
[2026-09-27T02:14:53.262+1000][39.472s][info][gc       ] GC(90) Pause Young (Mixed) (G1 Evacuation Pause) 881M->548M(932M) 6.008ms
[2026-09-27T02:14:53.262+1000][39.472s][info][safepoint] Safepoint "G1CollectForAllocation", Time since last: 1290307800 ns, Reaching safepoint: 6000 ns, At safepoint: 6046400 ns, Leaving safepoint: 9600 ns, Total: 6062000 ns, Threads: 0 runnable, 72 total
[2026-09-27T02:14:53.404+1000][39.612s][info][gc       ] GC(91) Pause Young (Concurrent Start) (G1 Evacuation Pause) (Evacuation Failure: Pinned) 882M->573M(940M) 8.682ms
[2026-09-27T02:14:53.404+1000][39.612s][info][gc       ] GC(92) Concurrent Mark Cycle
[2026-09-27T02:14:53.404+1000][39.612s][info][safepoint] Safepoint "G1CollectForAllocation", Time since last: 131282200 ns, Reaching safepoint: 35700 ns, At safepoint: 8739200 ns, Leaving safepoint: 26200 ns, Total: 8801100 ns, Threads: 13 runnable, 76 total
[2026-09-27T02:14:53.596+1000][39.806s][info][gc       ] GC(92) Pause Remark 712M->712M(958M) 3.579ms
[2026-09-27T02:14:53.596+1000][39.806s][info][safepoint] Safepoint "G1PauseRemark", Time since last: 189865700 ns, Reaching safepoint: 32600 ns, At safepoint: 3612100 ns, Leaving safepoint: 18100 ns, Total: 3662800 ns, Threads: 11 runnable, 74 total
[2026-09-27T02:14:53.652+1000][39.862s][info][gc       ] GC(92) Pause Cleanup 749M->749M(958M) 0.043ms
[2026-09-27T02:14:53.652+1000][39.862s][info][safepoint] Safepoint "G1PauseCleanup", Time since last: 55935500 ns, Reaching safepoint: 16700 ns, At safepoint: 81700 ns, Leaving safepoint: 6700 ns, Total: 105100 ns, Threads: 2 runnable, 73 total
[2026-09-27T02:14:53.654+1000][39.862s][info][gc       ] GC(92) Concurrent Mark Cycle 250.192ms
[2026-09-27T02:14:53.765+1000][39.974s][info][gc       ] GC(93) Pause Young (Prepare Mixed) (G1 Evacuation Pause) 889M->572M(958M) 5.360ms
[2026-09-27T02:14:53.765+1000][39.974s][info][safepoint] Safepoint "G1CollectForAllocation", Time since last: 107022800 ns, Reaching safepoint: 27300 ns, At safepoint: 5405100 ns, Leaving safepoint: 18700 ns, Total: 5451100 ns, Threads: 10 runnable, 72 total
[2026-09-27T02:14:53.788+1000][39.997s][info][gc       ] GC(94) Pause Young (Mixed) (G1 Evacuation Pause) 906M->575M(988M) 9.747ms
[2026-09-27T02:14:53.788+1000][39.998s][info][safepoint] Safepoint "G1CollectForAllocation", Time since last: 13527200 ns, Reaching safepoint: 31100 ns, At safepoint: 9793200 ns, Leaving safepoint: 19000 ns, Total: 9843300 ns, Threads: 9 runnable, 72 total
[2026-09-27T02:14:53.818+1000][40.026s][info][gc       ] GC(95) Pause Young (Concurrent Start) (G1 Evacuation Pause) 925M->608M(1004M) 9.422ms
[2026-09-27T02:14:53.818+1000][40.026s][info][gc       ] GC(96) Concurrent Mark Cycle
[2026-09-27T02:14:53.818+1000][40.026s][info][safepoint] Safepoint "G1CollectForAllocation", Time since last: 19298500 ns, Reaching safepoint: 81200 ns, At safepoint: 9466000 ns, Leaving safepoint: 19900 ns, Total: 9567100 ns, Threads: 10 runnable, 72 total
[2026-09-27T02:14:53.998+1000][40.207s][info][gc       ] GC(96) Pause Remark 780M->780M(1018M) 4.406ms
[2026-09-27T02:14:53.998+1000][40.207s][info][safepoint] Safepoint "G1PauseRemark", Time since last: 176336100 ns, Reaching safepoint: 8700 ns, At safepoint: 4438700 ns, Leaving safepoint: 10000 ns, Total: 4457400 ns, Threads: 0 runnable, 72 total
[2026-09-27T02:14:54.058+1000][40.267s][info][gc       ] GC(96) Pause Cleanup 815M->815M(1018M) 0.045ms
[2026-09-27T02:14:54.058+1000][40.267s][info][safepoint] Safepoint "G1PauseCleanup", Time since last: 59336200 ns, Reaching safepoint: 4800 ns, At safepoint: 75300 ns, Leaving safepoint: 6600 ns, Total: 86700 ns, Threads: 1 runnable, 72 total
[2026-09-27T02:14:54.058+1000][40.267s][info][gc       ] GC(96) Concurrent Mark Cycle 240.843ms
[2026-09-27T02:14:54.222+1000][40.431s][info][gc       ] GC(97) Pause Young (Prepare Mixed) (G1 Evacuation Pause) 938M->623M(1018M) 6.447ms
[2026-09-27T02:14:54.222+1000][40.431s][info][safepoint] Safepoint "G1CollectForAllocation", Time since last: 157636200 ns, Reaching safepoint: 7500 ns, At safepoint: 6483200 ns, Leaving safepoint: 10900 ns, Total: 6501600 ns, Threads: 0 runnable, 70 total
[2026-09-27T02:14:54.601+1000][40.811s][info][gc       ] GC(98) Pause Young (Mixed) (G1 Evacuation Pause) 957M->574M(1030M) 8.865ms
[2026-09-27T02:14:54.601+1000][40.811s][info][safepoint] Safepoint "G1CollectForAllocation", Time since last: 370974100 ns, Reaching safepoint: 15500 ns, At safepoint: 8911500 ns, Leaving safepoint: 8600 ns, Total: 8935600 ns, Threads: 1 runnable, 70 total
[2026-09-27T02:14:55.114+1000][41.323s][info][gc       ] GC(99) Pause Young (Mixed) (G1 Evacuation Pause) 966M->564M(1030M) 8.753ms
[2026-09-27T02:14:55.114+1000][41.323s][info][safepoint] Safepoint "G1CollectForAllocation", Time since last: 503298000 ns, Reaching safepoint: 4200 ns, At safepoint: 8800000 ns, Leaving safepoint: 6100 ns, Total: 8810300 ns, Threads: 0 runnable, 70 total
[2026-09-27T02:14:55.585+1000][41.794s][info][gc       ] GC(100) Pause Young (Concurrent Start) (G1 Evacuation Pause) 964M->580M(1030M) 7.825ms
[2026-09-27T02:14:55.585+1000][41.794s][info][gc       ] GC(101) Concurrent Mark Cycle
[2026-09-27T02:14:55.585+1000][41.794s][info][safepoint] Safepoint "G1CollectForAllocation", Time since last: 463108200 ns, Reaching safepoint: 18400 ns, At safepoint: 7875700 ns, Leaving safepoint: 16800 ns, Total: 7910900 ns, Threads: 2 runnable, 70 total
[2026-09-27T02:14:55.770+1000][41.980s][info][gc       ] GC(101) Pause Remark 744M->744M(1030M) 3.093ms
[2026-09-27T02:14:55.770+1000][41.980s][info][safepoint] Safepoint "G1PauseRemark", Time since last: 182849800 ns, Reaching safepoint: 15700 ns, At safepoint: 3127700 ns, Leaving safepoint: 5100 ns, Total: 3148500 ns, Threads: 1 runnable, 70 total
[2026-09-27T02:14:55.835+1000][42.044s][info][gc       ] GC(101) Pause Cleanup 778M->778M(1030M) 0.042ms
[2026-09-27T02:14:55.835+1000][42.044s][info][safepoint] Safepoint "G1PauseCleanup", Time since last: 63727200 ns, Reaching safepoint: 15000 ns, At safepoint: 74100 ns, Leaving safepoint: 3800 ns, Total: 92900 ns, Threads: 1 runnable, 70 total
[2026-09-27T02:14:55.835+1000][42.044s][info][gc       ] GC(101) Concurrent Mark Cycle 250.358ms
[2026-09-27T02:14:56.039+1000][42.249s][info][gc       ] GC(102) Pause Young (Prepare Mixed) (G1 Evacuation Pause) 970M->597M(1032M) 7.417ms
[2026-09-27T02:14:56.039+1000][42.249s][info][safepoint] Safepoint "G1CollectForAllocation", Time since last: 197792900 ns, Reaching safepoint: 19100 ns, At safepoint: 7465500 ns, Leaving safepoint: 18200 ns, Total: 7502800 ns, Threads: 10 runnable, 70 total
[2026-09-27T02:14:56.507+1000][42.716s][info][gc       ] GC(103) Pause Young (Mixed) (G1 Evacuation Pause) 977M->550M(1060M) 8.305ms
[2026-09-27T02:14:56.507+1000][42.716s][info][safepoint] Safepoint "G1CollectForAllocation", Time since last: 458503500 ns, Reaching safepoint: 5600 ns, At safepoint: 8347800 ns, Leaving safepoint: 9800 ns, Total: 8363200 ns, Threads: 0 runnable, 70 total
[2026-09-27T02:14:56.727+1000][42.936s][info][gc       ] GC(104) Pause Young (Concurrent Start) (G1 Humongous Allocation) 736M->558M(1060M) 4.282ms
[2026-09-27T02:14:56.727+1000][42.936s][info][gc       ] GC(105) Concurrent Mark Cycle
[2026-09-27T02:14:56.727+1000][42.936s][info][safepoint] Safepoint "G1TryInitiateConcMark", Time since last: 216247600 ns, Reaching safepoint: 8900 ns, At safepoint: 4329500 ns, Leaving safepoint: 15700 ns, Total: 4354100 ns, Threads: 1 runnable, 70 total
[2026-09-27T02:14:56.907+1000][43.116s][info][gc       ] GC(105) Pause Remark 660M->606M(1060M) 3.172ms
[2026-09-27T02:14:56.907+1000][43.116s][info][safepoint] Safepoint "G1PauseRemark", Time since last: 176551200 ns, Reaching safepoint: 18500 ns, At safepoint: 3204800 ns, Leaving safepoint: 7100 ns, Total: 3230400 ns, Threads: 2 runnable, 70 total
[2026-09-27T02:14:56.956+1000][43.166s][info][gc       ] GC(105) Pause Cleanup 637M->637M(1060M) 0.038ms
[2026-09-27T02:14:56.956+1000][43.166s][info][safepoint] Safepoint "G1PauseCleanup", Time since last: 49422200 ns, Reaching safepoint: 5500 ns, At safepoint: 74500 ns, Leaving safepoint: 5000 ns, Total: 85000 ns, Threads: 2 runnable, 70 total
[2026-09-27T02:14:56.956+1000][43.166s][info][gc       ] GC(105) Concurrent Mark Cycle 229.863ms
[2026-09-27T02:14:57.318+1000][43.527s][info][gc       ] GC(106) Pause Young (Prepare Mixed) (G1 Evacuation Pause) 956M->525M(1060M) 6.014ms
[2026-09-27T02:14:57.318+1000][43.527s][info][safepoint] Safepoint "G1CollectForAllocation", Time since last: 354854900 ns, Reaching safepoint: 46200 ns, At safepoint: 6060300 ns, Leaving safepoint: 25400 ns, Total: 6131900 ns, Threads: 9 runnable, 70 total
[2026-09-27T02:14:57.897+1000][44.107s][info][gc       ] GC(107) Pause Young (Mixed) (G1 Evacuation Pause) 997M->508M(1062M) 6.453ms
[2026-09-27T02:14:57.897+1000][44.107s][info][safepoint] Safepoint "G1CollectForAllocation", Time since last: 573787700 ns, Reaching safepoint: 20900 ns, At safepoint: 6497200 ns, Leaving safepoint: 19500 ns, Total: 6537600 ns, Threads: 12 runnable, 70 total
[2026-09-27T02:14:58.459+1000][44.668s][info][gc       ] GC(108) Pause Young (Concurrent Start) (G1 Evacuation Pause) 982M->523M(1062M) 5.796ms
[2026-09-27T02:14:58.459+1000][44.668s][info][gc       ] GC(109) Concurrent Mark Cycle
[2026-09-27T02:14:58.459+1000][44.668s][info][safepoint] Safepoint "G1CollectForAllocation", Time since last: 554773600 ns, Reaching safepoint: 16100 ns, At safepoint: 5838900 ns, Leaving safepoint: 9700 ns, Total: 5864700 ns, Threads: 3 runnable, 70 total
[2026-09-27T02:14:58.625+1000][44.834s][info][gc       ] GC(109) Pause Remark 666M->666M(1062M) 2.871ms
[2026-09-27T02:14:58.625+1000][44.834s][info][safepoint] Safepoint "G1PauseRemark", Time since last: 163824400 ns, Reaching safepoint: 15000 ns, At safepoint: 2902100 ns, Leaving safepoint: 8200 ns, Total: 2925300 ns, Threads: 3 runnable, 70 total
[2026-09-27T02:14:58.669+1000][44.878s][info][gc       ] GC(109) Pause Cleanup 689M->689M(1062M) 0.037ms
[2026-09-27T02:14:58.669+1000][44.878s][info][safepoint] Safepoint "G1PauseCleanup", Time since last: 44003400 ns, Reaching safepoint: 4700 ns, At safepoint: 79200 ns, Leaving safepoint: 3900 ns, Total: 87800 ns, Threads: 0 runnable, 70 total
[2026-09-27T02:14:58.669+1000][44.879s][info][gc       ] GC(109) Concurrent Mark Cycle 211.424ms
[2026-09-27T02:14:58.931+1000][45.140s][info][gc       ] GC(110) Pause Young (Prepare Mixed) (G1 Evacuation Pause) 995M->538M(1062M) 6.623ms
[2026-09-27T02:14:58.931+1000][45.140s][info][safepoint] Safepoint "G1CollectForAllocation", Time since last: 254672900 ns, Reaching safepoint: 26200 ns, At safepoint: 6663700 ns, Leaving safepoint: 20200 ns, Total: 6710100 ns, Threads: 13 runnable, 70 total
[2026-09-27T02:14:59.451+1000][45.661s][info][gc       ] GC(111) Pause Young (Mixed) (G1 Evacuation Pause) 998M->535M(1074M) 6.855ms
[2026-09-27T02:14:59.451+1000][45.661s][info][safepoint] Safepoint "G1CollectForAllocation", Time since last: 513908300 ns, Reaching safepoint: 30100 ns, At safepoint: 6896900 ns, Leaving safepoint: 15400 ns, Total: 6942400 ns, Threads: 10 runnable, 70 total
[2026-09-27T02:14:59.871+1000][46.081s][info][gc       ] GC(112) Pause Young (Concurrent Start) (G1 Evacuation Pause) 1009M->548M(1074M) 5.924ms
[2026-09-27T02:14:59.871+1000][46.081s][info][gc       ] GC(113) Concurrent Mark Cycle
[2026-09-27T02:14:59.871+1000][46.081s][info][safepoint] Safepoint "G1CollectForAllocation", Time since last: 414280800 ns, Reaching safepoint: 15500 ns, At safepoint: 5971300 ns, Leaving safepoint: 13800 ns, Total: 6000600 ns, Threads: 4 runnable, 70 total
[2026-09-27T02:15:00.034+1000][46.243s][info][gc       ] GC(113) Pause Remark 690M->690M(1074M) 3.259ms
[2026-09-27T02:15:00.035+1000][46.243s][info][safepoint] Safepoint "G1PauseRemark", Time since last: 158913800 ns, Reaching safepoint: 40300 ns, At safepoint: 3294300 ns, Leaving safepoint: 11900 ns, Total: 3346500 ns, Threads: 5 runnable, 69 total
[2026-09-27T02:15:00.086+1000][46.295s][info][gc       ] GC(113) Pause Cleanup 719M->719M(1074M) 0.040ms
[2026-09-27T02:15:00.086+1000][46.295s][info][safepoint] Safepoint "G1PauseCleanup", Time since last: 51407700 ns, Reaching safepoint: 15200 ns, At safepoint: 82300 ns, Leaving safepoint: 3700 ns, Total: 101200 ns, Threads: 1 runnable, 69 total
[2026-09-27T02:15:00.086+1000][46.295s][info][gc       ] GC(113) Concurrent Mark Cycle 214.351ms
[2026-09-27T02:15:00.391+1000][46.601s][info][gc       ] GC(114) Pause Young (Prepare Mixed) (G1 Evacuation Pause) 1012M->566M(1078M) 5.958ms
[2026-09-27T02:15:00.391+1000][46.601s][info][safepoint] Safepoint "G1CollectForAllocation", Time since last: 300278100 ns, Reaching safepoint: 14200 ns, At safepoint: 5997900 ns, Leaving safepoint: 8500 ns, Total: 6020600 ns, Threads: 1 runnable, 69 total
[2026-09-27T02:15:00.855+1000][47.065s][info][gc       ] GC(115) Pause Young (Mixed) (G1 Evacuation Pause) 1020M->557M(1106M) 9.242ms
[2026-09-27T02:15:00.855+1000][47.065s][info][safepoint] Safepoint "G1CollectForAllocation", Time since last: 454863400 ns, Reaching safepoint: 9200 ns, At safepoint: 9294600 ns, Leaving safepoint: 8900 ns, Total: 9312700 ns, Threads: 0 runnable, 69 total
[2026-09-27T02:15:01.436+1000][47.646s][info][gc       ] GC(116) Pause Young (Concurrent Start) (G1 Evacuation Pause) 1039M->571M(1106M) 6.361ms
[2026-09-27T02:15:01.436+1000][47.646s][info][gc       ] GC(117) Concurrent Mark Cycle
[2026-09-27T02:15:01.436+1000][47.646s][info][safepoint] Safepoint "G1CollectForAllocation", Time since last: 574386400 ns, Reaching safepoint: 19500 ns, At safepoint: 6407900 ns, Leaving safepoint: 15800 ns, Total: 6443200 ns, Threads: 7 runnable, 69 total
[2026-09-27T02:15:01.595+1000][47.805s][info][gc       ] GC(117) Pause Remark 712M->712M(1106M) 3.008ms
[2026-09-27T02:15:01.595+1000][47.805s][info][safepoint] Safepoint "G1PauseRemark", Time since last: 155648900 ns, Reaching safepoint: 33500 ns, At safepoint: 3041100 ns, Leaving safepoint: 15800 ns, Total: 3090400 ns, Threads: 15 runnable, 69 total
[2026-09-27T02:15:01.655+1000][47.864s][info][gc       ] GC(117) Pause Cleanup 776M->776M(1106M) 0.038ms
[2026-09-27T02:15:01.655+1000][47.864s][info][safepoint] Safepoint "G1PauseCleanup", Time since last: 59355100 ns, Reaching safepoint: 6100 ns, At safepoint: 70200 ns, Leaving safepoint: 5400 ns, Total: 81700 ns, Threads: 2 runnable, 69 total
[2026-09-27T02:15:01.655+1000][47.865s][info][gc       ] GC(117) Concurrent Mark Cycle 218.836ms
[2026-09-27T02:15:01.931+1000][48.141s][info][gc       ] GC(118) Pause Young (Prepare Mixed) (G1 Evacuation Pause) (Evacuation Failure: Pinned) 1045M->592M(1112M) 6.474ms
[2026-09-27T02:15:01.931+1000][48.141s][info][safepoint] Safepoint "G1CollectForAllocation", Time since last: 269779400 ns, Reaching safepoint: 26800 ns, At safepoint: 6518100 ns, Leaving safepoint: 18600 ns, Total: 6563500 ns, Threads: 9 runnable, 71 total
[2026-09-27T02:15:02.535+1000][48.744s][info][gc       ] GC(119) Pause Young (Mixed) (G1 Evacuation Pause) 1050M->580M(1136M) 7.311ms
[2026-09-27T02:15:02.535+1000][48.744s][info][safepoint] Safepoint "G1CollectForAllocation", Time since last: 595663600 ns, Reaching safepoint: 18800 ns, At safepoint: 7362600 ns, Leaving safepoint: 18300 ns, Total: 7399700 ns, Threads: 10 runnable, 69 total
[2026-09-27T02:15:05.150+1000][51.359s][info][gc       ] GC(120) Pause Young (Concurrent Start) (G1 Evacuation Pause) 1072M->584M(1136M) 4.349ms
[2026-09-27T02:15:05.150+1000][51.359s][info][gc       ] GC(121) Concurrent Mark Cycle
[2026-09-27T02:15:05.150+1000][51.359s][info][safepoint] Safepoint "G1CollectForAllocation", Time since last: 2611181700 ns, Reaching safepoint: 5500 ns, At safepoint: 4399200 ns, Leaving safepoint: 6900 ns, Total: 4411600 ns, Threads: 0 runnable, 66 total
[2026-09-27T02:15:05.294+1000][51.503s][info][gc       ] GC(121) Pause Remark 606M->606M(1136M) 2.645ms
[2026-09-27T02:15:05.294+1000][51.503s][info][safepoint] Safepoint "G1PauseRemark", Time since last: 140619200 ns, Reaching safepoint: 5100 ns, At safepoint: 2681100 ns, Leaving safepoint: 3900 ns, Total: 2690100 ns, Threads: 0 runnable, 66 total
[2026-09-27T02:15:05.343+1000][51.552s][info][gc       ] GC(121) Pause Cleanup 614M->614M(1136M) 0.043ms
[2026-09-27T02:15:05.343+1000][51.552s][info][safepoint] Safepoint "G1PauseCleanup", Time since last: 49530400 ns, Reaching safepoint: 7100 ns, At safepoint: 77100 ns, Leaving safepoint: 4200 ns, Total: 88400 ns, Threads: 0 runnable, 66 total
[2026-09-27T02:15:05.343+1000][51.553s][info][gc       ] GC(121) Concurrent Mark Cycle 193.594ms
[2026-09-27T02:15:08.040+1000][54.249s][info][gc       ] GC(122) Pause Young (Prepare Mixed) (G1 Evacuation Pause) 1078M->582M(1136M) 3.364ms
[2026-09-27T02:15:08.040+1000][54.249s][info][safepoint] Safepoint "G1CollectForAllocation", Time since last: 2693666200 ns, Reaching safepoint: 4800 ns, At safepoint: 3408000 ns, Leaving safepoint: 5700 ns, Total: 3418500 ns, Threads: 0 runnable, 66 total
[2026-09-27T02:15:10.427+1000][56.637s][info][gc       ] GC(123) Pause Young (Mixed) (G1 Evacuation Pause) 1076M->564M(1138M) 5.206ms
[2026-09-27T02:15:10.427+1000][56.637s][info][safepoint] Safepoint "G1CollectForAllocation", Time since last: 2382777900 ns, Reaching safepoint: 20400 ns, At safepoint: 5252500 ns, Leaving safepoint: 18700 ns, Total: 5291600 ns, Threads: 9 runnable, 66 total
[2026-09-27T02:15:13.086+1000][59.295s][info][gc       ] GC(124) Pause Young (Concurrent Start) (G1 Evacuation Pause) 1076M->562M(1138M) 3.309ms
[2026-09-27T02:15:13.086+1000][59.295s][info][gc       ] GC(125) Concurrent Mark Cycle
[2026-09-27T02:15:13.086+1000][59.295s][info][safepoint] Safepoint "G1CollectForAllocation", Time since last: 2654808800 ns, Reaching safepoint: 5500 ns, At safepoint: 3352400 ns, Leaving safepoint: 5400 ns, Total: 3363300 ns, Threads: 0 runnable, 66 total
[2026-09-27T02:15:13.249+1000][59.459s][info][gc       ] GC(125) Pause Remark 584M->584M(1138M) 2.918ms
[2026-09-27T02:15:13.249+1000][59.459s][info][safepoint] Safepoint "G1PauseRemark", Time since last: 160150300 ns, Reaching safepoint: 4800 ns, At safepoint: 2947400 ns, Leaving safepoint: 4400 ns, Total: 2956600 ns, Threads: 0 runnable, 66 total
[2026-09-27T02:15:13.295+1000][59.505s][info][gc       ] GC(125) Pause Cleanup 590M->590M(1138M) 0.041ms
[2026-09-27T02:15:13.295+1000][59.505s][info][safepoint] Safepoint "G1PauseCleanup", Time since last: 46221400 ns, Reaching safepoint: 4800 ns, At safepoint: 81600 ns, Leaving safepoint: 5100 ns, Total: 91500 ns, Threads: 0 runnable, 66 total
[2026-09-27T02:15:13.295+1000][59.505s][info][gc       ] GC(125) Concurrent Mark Cycle 209.962ms
[2026-09-27T02:15:16.877+1000][63.086s][info][gc       ] GC(126) Pause Young (Prepare Mixed) (G1 Evacuation Pause) 1076M->562M(1138M) 3.733ms
[2026-09-27T02:15:16.877+1000][63.086s][info][safepoint] Safepoint "G1CollectForAllocation", Time since last: 3577459700 ns, Reaching safepoint: 5000 ns, At safepoint: 3784800 ns, Leaving safepoint: 9300 ns, Total: 3799100 ns, Threads: 0 runnable, 66 total
[2026-09-27T02:15:20.356+1000][66.565s][info][gc       ] GC(127) Pause Young (Mixed) (G1 Evacuation Pause) 1078M->552M(1138M) 4.396ms
[2026-09-27T02:15:20.356+1000][66.565s][info][safepoint] Safepoint "G1CollectForAllocation", Time since last: 3474374100 ns, Reaching safepoint: 5000 ns, At safepoint: 4435500 ns, Leaving safepoint: 6800 ns, Total: 4447300 ns, Threads: 0 runnable, 66 total
[2026-09-27T02:15:23.813+1000][70.023s][info][gc       ] GC(128) Pause Young (Concurrent Start) (G1 Evacuation Pause) 1078M->552M(1138M) 3.537ms
[2026-09-27T02:15:23.813+1000][70.023s][info][gc       ] GC(129) Concurrent Mark Cycle
[2026-09-27T02:15:23.813+1000][70.023s][info][safepoint] Safepoint "G1CollectForAllocation", Time since last: 3454206300 ns, Reaching safepoint: 5000 ns, At safepoint: 3582800 ns, Leaving safepoint: 6700 ns, Total: 3594500 ns, Threads: 1 runnable, 67 total
[2026-09-27T02:15:23.948+1000][70.157s][info][gc       ] GC(129) Pause Remark 573M->573M(1138M) 2.773ms
[2026-09-27T02:15:23.948+1000][70.157s][info][safepoint] Safepoint "G1PauseRemark", Time since last: 131569200 ns, Reaching safepoint: 26300 ns, At safepoint: 2814600 ns, Leaving safepoint: 3800 ns, Total: 2844700 ns, Threads: 1 runnable, 67 total
[2026-09-27T02:15:23.992+1000][70.203s][info][gc       ] GC(129) Pause Cleanup 580M->580M(1138M) 0.038ms
[2026-09-27T02:15:23.992+1000][70.203s][info][safepoint] Safepoint "G1PauseCleanup", Time since last: 45267200 ns, Reaching safepoint: 5200 ns, At safepoint: 70000 ns, Leaving safepoint: 3900 ns, Total: 79100 ns, Threads: 0 runnable, 67 total
[2026-09-27T02:15:23.994+1000][70.203s][info][gc       ] GC(129) Concurrent Mark Cycle 180.270ms
[2026-09-27T02:15:27.526+1000][73.735s][info][gc       ] GC(130) Pause Young (Prepare Mixed) (G1 Evacuation Pause) 1078M->551M(1138M) 3.553ms
[2026-09-27T02:15:27.526+1000][73.735s][info][safepoint] Safepoint "G1CollectForAllocation", Time since last: 3529316600 ns, Reaching safepoint: 3800 ns, At safepoint: 3595500 ns, Leaving safepoint: 7000 ns, Total: 3606300 ns, Threads: 0 runnable, 66 total
[2026-09-27T02:15:31.276+1000][77.486s][info][gc       ] GC(131) Pause Young (Mixed) (G1 Evacuation Pause) 1077M->543M(1138M) 4.640ms
[2026-09-27T02:15:31.276+1000][77.486s][info][safepoint] Safepoint "G1CollectForAllocation", Time since last: 3745497000 ns, Reaching safepoint: 4600 ns, At safepoint: 4683400 ns, Leaving safepoint: 7400 ns, Total: 4695400 ns, Threads: 0 runnable, 63 total
[2026-09-27T02:15:33.010+1000][79.220s][info][gc       ] GC(132) Pause Young (Concurrent Start) (G1 Humongous Allocation) 781M->543M(1138M) 3.175ms
[2026-09-27T02:15:33.010+1000][79.220s][info][gc       ] GC(133) Concurrent Mark Cycle
[2026-09-27T02:15:33.010+1000][79.220s][info][safepoint] Safepoint "G1TryInitiateConcMark", Time since last: 1731122200 ns, Reaching safepoint: 3600 ns, At safepoint: 3213000 ns, Leaving safepoint: 6300 ns, Total: 3222900 ns, Threads: 0 runnable, 63 total
[2026-09-27T02:15:33.189+1000][79.400s][info][gc       ] GC(133) Pause Remark 584M->584M(1138M) 5.657ms
[2026-09-27T02:15:33.190+1000][79.400s][info][safepoint] Safepoint "G1PauseRemark", Time since last: 173991500 ns, Reaching safepoint: 5600 ns, At safepoint: 5691800 ns, Leaving safepoint: 7900 ns, Total: 5705300 ns, Threads: 0 runnable, 75 total
[2026-09-27T02:15:33.230+1000][79.440s][info][gc       ] GC(134) Pause Young (Normal) (G1 Evacuation Pause) 1085M->580M(1160M) 10.940ms
[2026-09-27T02:15:33.230+1000][79.440s][info][safepoint] Safepoint "G1CollectForAllocation", Time since last: 29383100 ns, Reaching safepoint: 387300 ns, At safepoint: 10980800 ns, Leaving safepoint: 22500 ns, Total: 11390600 ns, Threads: 2 runnable, 75 total
[2026-09-27T02:15:33.270+1000][79.480s][info][gc       ] GC(133) Pause Cleanup 999M->999M(1160M) 0.050ms
[2026-09-27T02:15:33.270+1000][79.480s][info][safepoint] Safepoint "G1PauseCleanup", Time since last: 39724500 ns, Reaching safepoint: 7900 ns, At safepoint: 84200 ns, Leaving safepoint: 6300 ns, Total: 98400 ns, Threads: 0 runnable, 75 total
[2026-09-27T02:15:33.271+1000][79.481s][info][gc       ] GC(133) Concurrent Mark Cycle 261.093ms
