[0.006s][info][gc] Using G1
[0.446s][info][gc] GC(0) Pause Young (Normal) (G1 Evacuation Pause) 61M->14M(500M) 1.936ms
[0.446s][info][safepoint] Safepoint "G1CollectForAllocation", Time since last: 430975200 ns, Reaching safepoint: 1500 ns, At safepoint: 1987400 ns, Leaving safepoint: 4000 ns, Total: 1992900 ns, Threads: 0 runnable, 17 total
[1.146s][info][gc       ] GC(1) Pause Young (Normal) (G1 Evacuation Pause) 254M->40M(500M) 6.228ms
[1.146s][info][safepoint] Safepoint "G1CollectForAllocation", Time since last: 693869900 ns, Reaching safepoint: 3500 ns, At safepoint: 6286500 ns, Leaving safepoint: 10100 ns, Total: 6300100 ns, Threads: 0 runnable, 18 total
[1.474s][info][gc       ] GC(2) Pause Young (Concurrent Start) (Metadata GC Threshold) 237M->62M(500M) 6.431ms
[1.474s][info][gc       ] GC(3) Concurrent Mark Cycle
[1.474s][info][safepoint] Safepoint "CollectForMetadataAllocation", Time since last: 322022800 ns, Reaching safepoint: 1900 ns, At safepoint: 6478000 ns, Leaving safepoint: 7900 ns, Total: 6487800 ns, Threads: 0 runnable, 20 total
[1.481s][info][gc       ] GC(3) Pause Remark 64M->64M(214M) 1.012ms
[1.481s][info][safepoint] Safepoint "G1PauseRemark", Time since last: 5908900 ns, Reaching safepoint: 12200 ns, At safepoint: 1033900 ns, Leaving safepoint: 4900 ns, Total: 1051000 ns, Threads: 1 runnable, 20 total
[1.486s][info][gc       ] GC(3) Pause Cleanup 65M->65M(214M) 0.007ms
[1.486s][info][safepoint] Safepoint "G1PauseCleanup", Time since last: 3844100 ns, Reaching safepoint: 293500 ns, At safepoint: 23200 ns, Leaving safepoint: 2000 ns, Total: 318700 ns, Threads: 1 runnable, 20 total
[1.486s][info][gc       ] GC(3) Concurrent Mark Cycle 11.578ms
[1.983s][info][gc       ] GC(4) Pause Young (Prepare Mixed) (G1 Evacuation Pause) 170M->72M(214M) 6.155ms
[1.983s][info][safepoint] Safepoint "G1CollectForAllocation", Time since last: 491228000 ns, Reaching safepoint: 2500 ns, At safepoint: 6186700 ns, Leaving safepoint: 9200 ns, Total: 6198400 ns, Threads: 0 runnable, 20 total
[2.142s][info][gc       ] GC(5) Pause Young (Mixed) (G1 Evacuation Pause) 172M->101M(214M) 11.802ms
[2.142s][info][safepoint] Safepoint "G1CollectForAllocation", Time since last: 147331700 ns, Reaching safepoint: 2600 ns, At safepoint: 11832900 ns, Leaving safepoint: 11800 ns, Total: 11847300 ns, Threads: 2 runnable, 22 total
[7.104s][info][gc       ] GC(6) Pause Young (Normal) (G1 Evacuation Pause) 171M->111M(214M) 9.703ms
[7.104s][info][safepoint] Safepoint "G1CollectForAllocation", Time since last: 4951730000 ns, Reaching safepoint: 1900 ns, At safepoint: 9743200 ns, Leaving safepoint: 9500 ns, Total: 9754600 ns, Threads: 0 runnable, 16 total
[7.667s][info][gc       ] GC(7) Pause Young (Concurrent Start) (Metadata GC Threshold) 147M->114M(214M) 4.023ms
[7.667s][info][gc       ] GC(8) Concurrent Mark Cycle
[7.667s][info][safepoint] Safepoint "CollectForMetadataAllocation", Time since last: 559707300 ns, Reaching safepoint: 2500 ns, At safepoint: 4061700 ns, Leaving safepoint: 10500 ns, Total: 4074700 ns, Threads: 1 runnable, 17 total
[7.689s][info][safepoint] Safepoint "CollectForMetadataAllocation", Time since last: 21553600 ns, Reaching safepoint: 26500 ns, At safepoint: 7800 ns, Leaving safepoint: 10900 ns, Total: 45200 ns, Threads: 0 runnable, 17 total
[7.707s][info][safepoint] Safepoint "CollectForMetadataAllocation", Time since last: 17611900 ns, Reaching safepoint: 2200 ns, At safepoint: 6400 ns, Leaving safepoint: 4600 ns, Total: 13200 ns, Threads: 0 runnable, 17 total
[7.710s][info][gc       ] GC(8) Pause Remark 122M->122M(214M) 2.757ms
[7.710s][info][safepoint] Safepoint "G1PauseRemark", Time since last: 94000 ns, Reaching safepoint: 41600 ns, At safepoint: 2781300 ns, Leaving safepoint: 6500 ns, Total: 2829400 ns, Threads: 1 runnable, 17 total
[7.723s][info][gc       ] GC(8) Pause Cleanup 127M->127M(214M) 0.013ms
[7.724s][info][safepoint] Safepoint "G1PauseCleanup", Time since last: 13832300 ns, Reaching safepoint: 1700 ns, At safepoint: 42100 ns, Leaving safepoint: 3900 ns, Total: 47700 ns, Threads: 1 runnable, 17 total
[7.724s][info][gc       ] GC(8) Concurrent Mark Cycle 56.224ms
[7.935s][info][gc       ] GC(9) Pause Young (Prepare Mixed) (G1 Evacuation Pause) 182M->115M(214M) 1.966ms
[7.935s][info][safepoint] Safepoint "G1CollectForAllocation", Time since last: 209184800 ns, Reaching safepoint: 3100 ns, At safepoint: 2004400 ns, Leaving safepoint: 11100 ns, Total: 2018600 ns, Threads: 0 runnable, 19 total
[8.192s][info][gc       ] GC(10) Pause Young (Mixed) (G1 Evacuation Pause) 185M->117M(214M) 3.169ms
[8.192s][info][safepoint] Safepoint "G1CollectForAllocation", Time since last: 254486700 ns, Reaching safepoint: 2900 ns, At safepoint: 3199500 ns, Leaving safepoint: 8700 ns, Total: 3211100 ns, Threads: 0 runnable, 19 total
[8.464s][info][gc       ] GC(11) Pause Young (Concurrent Start) (G1 Evacuation Pause) 189M->122M(214M) 5.977ms
[8.464s][info][gc       ] GC(12) Concurrent Mark Cycle
[8.464s][info][safepoint] Safepoint "G1CollectForAllocation", Time since last: 265832100 ns, Reaching safepoint: 2500 ns, At safepoint: 6021500 ns, Leaving safepoint: 16200 ns, Total: 6040200 ns, Threads: 0 runnable, 19 total
[8.511s][info][gc       ] GC(12) Pause Remark 136M->136M(214M) 3.003ms
[8.511s][info][safepoint] Safepoint "G1PauseRemark", Time since last: 44041200 ns, Reaching safepoint: 3000 ns, At safepoint: 3041100 ns, Leaving safepoint: 10500 ns, Total: 3054600 ns, Threads: 1 runnable, 19 total
[8.526s][info][gc       ] GC(12) Pause Cleanup 145M->145M(214M) 0.015ms
[8.526s][info][safepoint] Safepoint "G1PauseCleanup", Time since last: 14094400 ns, Reaching safepoint: 63600 ns, At safepoint: 48200 ns, Leaving safepoint: 5600 ns, Total: 117400 ns, Threads: 1 runnable, 19 total
[8.526s][info][gc       ] GC(12) Concurrent Mark Cycle 61.451ms
[8.592s][info][gc       ] GC(13) Pause Young (Prepare Mixed) (G1 Evacuation Pause) 192M->127M(214M) 6.785ms
[8.592s][info][safepoint] Safepoint "G1CollectForAllocation", Time since last: 59562600 ns, Reaching safepoint: 2600 ns, At safepoint: 6827400 ns, Leaving safepoint: 11400 ns, Total: 6841400 ns, Threads: 0 runnable, 19 total
[8.690s][info][gc       ] GC(14) Pause Young (Mixed) (G1 Evacuation Pause) 195M->129M(326M) 5.971ms
[8.690s][info][safepoint] Safepoint "G1CollectForAllocation", Time since last: 91767000 ns, Reaching safepoint: 2700 ns, At safepoint: 6010100 ns, Leaving safepoint: 11200 ns, Total: 6024000 ns, Threads: 0 runnable, 20 total
[9.112s][info][gc       ] GC(15) Pause Young (Normal) (G1 Evacuation Pause) 287M->135M(326M) 4.710ms
[9.112s][info][safepoint] Safepoint "G1CollectForAllocation", Time since last: 417437700 ns, Reaching safepoint: 2600 ns, At safepoint: 4744100 ns, Leaving safepoint: 11500 ns, Total: 4758200 ns, Threads: 0 runnable, 22 total
[9.619s][info][gc       ] GC(16) Pause Young (Normal) (G1 Evacuation Pause) 291M->141M(326M) 6.395ms
[9.619s][info][safepoint] Safepoint "G1CollectForAllocation", Time since last: 500625700 ns, Reaching safepoint: 2400 ns, At safepoint: 6432200 ns, Leaving safepoint: 6300 ns, Total: 6440900 ns, Threads: 0 runnable, 22 total
[9.872s][info][gc       ] GC(17) Pause Young (Concurrent Start) (G1 Evacuation Pause) 297M->147M(326M) 6.815ms
[9.872s][info][gc       ] GC(18) Concurrent Mark Cycle
[9.872s][info][safepoint] Safepoint "G1CollectForAllocation", Time since last: 245854700 ns, Reaching safepoint: 3400 ns, At safepoint: 6860700 ns, Leaving safepoint: 10900 ns, Total: 6875000 ns, Threads: 0 runnable, 21 total
[9.928s][info][gc       ] GC(18) Pause Remark 162M->162M(326M) 2.613ms
[9.928s][info][safepoint] Safepoint "G1PauseRemark", Time since last: 53417700 ns, Reaching safepoint: 12400 ns, At safepoint: 2645400 ns, Leaving safepoint: 3200 ns, Total: 2661000 ns, Threads: 1 runnable, 21 total
[9.945s][info][gc       ] GC(18) Pause Cleanup 168M->168M(326M) 0.010ms
[9.945s][info][safepoint] Safepoint "G1PauseCleanup", Time since last: 16632900 ns, Reaching safepoint: 1500 ns, At safepoint: 35000 ns, Leaving safepoint: 4500 ns, Total: 41000 ns, Threads: 1 runnable, 21 total
[9.945s][info][gc       ] GC(18) Concurrent Mark Cycle 73.082ms
[10.297s][info][gc       ] GC(19) Pause Young (Prepare Mixed) (G1 Evacuation Pause) 301M->153M(328M) 8.543ms
[10.297s][info][safepoint] Safepoint "G1CollectForAllocation", Time since last: 344016700 ns, Reaching safepoint: 2700 ns, At safepoint: 8579100 ns, Leaving safepoint: 9400 ns, Total: 8591200 ns, Threads: 0 runnable, 20 total
[10.734s][info][gc       ] GC(20) Pause Young (Mixed) (G1 Evacuation Pause) 307M->170M(338M) 7.593ms
[10.734s][info][safepoint] Safepoint "G1CollectForAllocation", Time since last: 429384000 ns, Reaching safepoint: 2000 ns, At safepoint: 7623600 ns, Leaving safepoint: 5300 ns, Total: 7630900 ns, Threads: 0 runnable, 27 total
[11.546s][info][gc       ] GC(21) Pause Young (Concurrent Start) (G1 Evacuation Pause) 308M->176M(408M) 6.465ms
[11.546s][info][gc       ] GC(22) Concurrent Mark Cycle
[11.546s][info][safepoint] Safepoint "G1CollectForAllocation", Time since last: 805162400 ns, Reaching safepoint: 3700 ns, At safepoint: 6504000 ns, Leaving safepoint: 7500 ns, Total: 6515200 ns, Threads: 0 runnable, 23 total
[11.613s][info][gc       ] GC(22) Pause Remark 198M->198M(408M) 3.055ms
[11.613s][info][safepoint] Safepoint "G1PauseRemark", Time since last: 63554800 ns, Reaching safepoint: 63900 ns, At safepoint: 3084300 ns, Leaving safepoint: 7500 ns, Total: 3155700 ns, Threads: 1 runnable, 23 total
[11.637s][info][gc       ] GC(22) Pause Cleanup 204M->204M(408M) 0.014ms
[11.637s][info][safepoint] Safepoint "G1PauseCleanup", Time since last: 24125000 ns, Reaching safepoint: 2100 ns, At safepoint: 44000 ns, Leaving safepoint: 2800 ns, Total: 48900 ns, Threads: 1 runnable, 23 total
[11.637s][info][gc       ] GC(22) Concurrent Mark Cycle 91.244ms
[11.990s][info][gc       ] GC(23) Pause Young (Prepare Mixed) (G1 Evacuation Pause) 374M->191M(408M) 6.669ms
[11.990s][info][safepoint] Safepoint "G1CollectForAllocation", Time since last: 343930700 ns, Reaching safepoint: 2365800 ns, At safepoint: 6736400 ns, Leaving safepoint: 24400 ns, Total: 9126600 ns, Threads: 4 runnable, 49 total
[12.166s][info][gc       ] GC(24) Pause Young (Mixed) (G1 Evacuation Pause) 379M->215M(422M) 7.613ms
[12.166s][info][safepoint] Safepoint "G1CollectForAllocation", Time since last: 168546200 ns, Reaching safepoint: 25100 ns, At safepoint: 7654000 ns, Leaving safepoint: 20700 ns, Total: 7699800 ns, Threads: 3 runnable, 53 total
[12.177s][info][gc       ] GC(25) Pause Young (Concurrent Start) (G1 Humongous Allocation) 225M->213M(422M) 2.719ms
[12.177s][info][gc       ] GC(26) Concurrent Mark Cycle
[12.177s][info][safepoint] Safepoint "G1TryInitiateConcMark", Time since last: 8154600 ns, Reaching safepoint: 25300 ns, At safepoint: 2757600 ns, Leaving safepoint: 18700 ns, Total: 2801600 ns, Threads: 6 runnable, 53 total
[12.275s][info][gc       ] GC(26) Pause Remark 377M->377M(422M) 6.859ms
[12.275s][info][safepoint] Safepoint "G1PauseRemark", Time since last: 91185000 ns, Reaching safepoint: 26800 ns, At safepoint: 6891700 ns, Leaving safepoint: 22000 ns, Total: 6940500 ns, Threads: 4 runnable, 53 total
[12.280s][info][gc       ] GC(27) Pause Young (Normal) (G1 Evacuation Pause) 381M->216M(422M) 1.982ms
[12.280s][info][safepoint] Safepoint "G1CollectForAllocation", Time since last: 2521100 ns, Reaching safepoint: 146300 ns, At safepoint: 2009500 ns, Leaving safepoint: 23000 ns, Total: 2178800 ns, Threads: 2 runnable, 53 total
[12.309s][info][gc       ] GC(26) Pause Cleanup 261M->261M(422M) 0.028ms
[12.309s][info][safepoint] Safepoint "G1PauseCleanup", Time since last: 29143400 ns, Reaching safepoint: 26700 ns, At safepoint: 65500 ns, Leaving safepoint: 16200 ns, Total: 108400 ns, Threads: 5 runnable, 53 total
[12.309s][info][gc       ] GC(26) Concurrent Mark Cycle 132.402ms
[12.542s][info][gc       ] GC(28) Pause Young (Prepare Mixed) (G1 Evacuation Pause) 382M->240M(422M) 8.698ms
[12.542s][info][safepoint] Safepoint "G1CollectForAllocation", Time since last: 224094700 ns, Reaching safepoint: 58100 ns, At safepoint: 8741000 ns, Leaving safepoint: 15800 ns, Total: 8814900 ns, Threads: 1 runnable, 55 total
[15.700s][info][gc       ] GC(29) Pause Young (Mixed) (G1 Evacuation Pause) 388M->260M(582M) 8.684ms
[15.700s][info][safepoint] Safepoint "G1CollectForAllocation", Time since last: 3149574200 ns, Reaching safepoint: 3900 ns, At safepoint: 8728500 ns, Leaving safepoint: 10900 ns, Total: 8743300 ns, Threads: 0 runnable, 50 total
[15.930s][info][gc       ] GC(30) Pause Young (Concurrent Start) (G1 Evacuation Pause) 512M->267M(582M) 4.305ms
[15.930s][info][gc       ] GC(31) Concurrent Mark Cycle
[15.930s][info][safepoint] Safepoint "G1CollectForAllocation", Time since last: 225523200 ns, Reaching safepoint: 4600 ns, At safepoint: 4343200 ns, Leaving safepoint: 9100 ns, Total: 4356900 ns, Threads: 0 runnable, 55 total
[16.016s][info][gc       ] GC(31) Pause Remark 315M->311M(582M) 7.260ms
[16.016s][info][safepoint] Safepoint "G1PauseRemark", Time since last: 78780200 ns, Reaching safepoint: 3200 ns, At safepoint: 7289900 ns, Leaving safepoint: 5400 ns, Total: 7298500 ns, Threads: 0 runnable, 55 total
[16.040s][info][gc       ] GC(31) Pause Cleanup 320M->320M(582M) 0.018ms
[16.040s][info][safepoint] Safepoint "G1PauseCleanup", Time since last: 23864300 ns, Reaching safepoint: 34500 ns, At safepoint: 48200 ns, Leaving safepoint: 13000 ns, Total: 95700 ns, Threads: 1 runnable, 52 total
[16.041s][info][gc       ] GC(31) Concurrent Mark Cycle 110.685ms
[16.196s][info][gc       ] GC(32) Pause Young (Prepare Mixed) (G1 Evacuation Pause) 519M->271M(582M) 3.673ms
[16.196s][info][safepoint] Safepoint "G1CollectForAllocation", Time since last: 152374700 ns, Reaching safepoint: 4100 ns, At safepoint: 3706100 ns, Leaving safepoint: 10200 ns, Total: 3720400 ns, Threads: 0 runnable, 52 total
[17.016s][info][gc       ] GC(33) Pause Young (Mixed) (G1 Evacuation Pause) 531M->276M(582M) 5.009ms
[17.016s][info][safepoint] Safepoint "G1CollectForAllocation", Time since last: 815101300 ns, Reaching safepoint: 14300 ns, At safepoint: 5038300 ns, Leaving safepoint: 9500 ns, Total: 5062100 ns, Threads: 2 runnable, 58 total
[17.465s][info][gc       ] GC(34) Pause Young (Concurrent Start) (G1 Evacuation Pause) (Evacuation Failure: Pinned) 532M->304M(588M) 7.596ms
[17.465s][info][gc       ] GC(35) Concurrent Mark Cycle
[17.465s][info][safepoint] Safepoint "G1CollectForAllocation", Time since last: 440869400 ns, Reaching safepoint: 25600 ns, At safepoint: 7635700 ns, Leaving safepoint: 17800 ns, Total: 7679100 ns, Threads: 2 runnable, 71 total
[17.588s][info][gc       ] GC(35) Pause Remark 374M->374M(588M) 4.892ms
[17.588s][info][safepoint] Safepoint "G1PauseRemark", Time since last: 118478400 ns, Reaching safepoint: 15200 ns, At safepoint: 4922400 ns, Leaving safepoint: 13500 ns, Total: 4951100 ns, Threads: 2 runnable, 73 total
[17.629s][info][gc       ] GC(35) Pause Cleanup 410M->410M(588M) 0.034ms
[17.629s][info][safepoint] Safepoint "G1PauseCleanup", Time since last: 40423200 ns, Reaching safepoint: 24500 ns, At safepoint: 72600 ns, Leaving safepoint: 14800 ns, Total: 111900 ns, Threads: 1 runnable, 73 total
[17.630s][info][gc       ] GC(35) Concurrent Mark Cycle 164.524ms
[17.835s][info][gc       ] GC(36) Pause Young (Prepare Mixed) (G1 Evacuation Pause) 530M->328M(592M) 7.261ms
[17.835s][info][safepoint] Safepoint "G1CollectForAllocation", Time since last: 198469100 ns, Reaching safepoint: 96400 ns, At safepoint: 7293600 ns, Leaving safepoint: 15100 ns, Total: 7405100 ns, Threads: 2 runnable, 73 total
[17.953s][info][gc       ] GC(37) Pause Young (Mixed) (G1 Evacuation Pause) (Evacuation Failure: Pinned) 532M->346M(592M) 5.105ms
[17.953s][info][safepoint] Safepoint "G1CollectForAllocation", Time since last: 113434000 ns, Reaching safepoint: 18200 ns, At safepoint: 5138200 ns, Leaving safepoint: 15300 ns, Total: 5171700 ns, Threads: 5 runnable, 73 total
[18.144s][info][gc       ] GC(38) Pause Young (Concurrent Start) (G1 Evacuation Pause) (Evacuation Failure: Pinned) 534M->361M(592M) 4.201ms
[18.144s][info][gc       ] GC(39) Concurrent Mark Cycle
[18.144s][info][safepoint] Safepoint "G1CollectForAllocation", Time since last: 186348900 ns, Reaching safepoint: 38800 ns, At safepoint: 4238400 ns, Leaving safepoint: 18900 ns, Total: 4296100 ns, Threads: 5 runnable, 73 total
[18.302s][info][gc       ] GC(39) Pause Remark 514M->514M(608M) 11.287ms
[18.302s][info][safepoint] Safepoint "G1PauseRemark", Time since last: 146899400 ns, Reaching safepoint: 20300 ns, At safepoint: 11328700 ns, Leaving safepoint: 19100 ns, Total: 11368100 ns, Threads: 4 runnable, 73 total
[18.341s][info][gc       ] GC(40) Pause Young (Normal) (G1 Evacuation Pause) 537M->374M(768M) 4.624ms
[18.341s][info][safepoint] Safepoint "G1CollectForAllocation", Time since last: 33556000 ns, Reaching safepoint: 219000 ns, At safepoint: 4659200 ns, Leaving safepoint: 24400 ns, Total: 4902600 ns, Threads: 6 runnable, 73 total
[18.356s][info][gc       ] GC(39) Pause Cleanup 385M->385M(768M) 0.035ms
[18.356s][info][safepoint] Safepoint "G1PauseCleanup", Time since last: 15345900 ns, Reaching safepoint: 27600 ns, At safepoint: 69000 ns, Leaving safepoint: 16500 ns, Total: 113100 ns, Threads: 5 runnable, 73 total
[18.357s][info][gc       ] GC(39) Concurrent Mark Cycle 213.041ms
[18.579s][info][gc       ] GC(41) Pause Young (Prepare Mixed) (G1 Evacuation Pause) (Evacuation Failure: Pinned) 662M->391M(768M) 5.129ms
[18.579s][info][safepoint] Safepoint "G1CollectForAllocation", Time since last: 216985500 ns, Reaching safepoint: 382800 ns, At safepoint: 5166100 ns, Leaving safepoint: 22600 ns, Total: 5571500 ns, Threads: 12 runnable, 73 total
[18.835s][info][gc       ] GC(42) Pause Young (Mixed) (G1 Evacuation Pause) 665M->401M(768M) 6.748ms
[18.836s][info][safepoint] Safepoint "G1CollectForAllocation", Time since last: 249846100 ns, Reaching safepoint: 20500 ns, At safepoint: 6787300 ns, Leaving safepoint: 15400 ns, Total: 6823200 ns, Threads: 3 runnable, 73 total
[18.963s][info][gc       ] GC(43) Pause Young (Concurrent Start) (G1 Evacuation Pause) 677M->423M(768M) 7.090ms
[18.963s][info][gc       ] GC(44) Concurrent Mark Cycle
[18.963s][info][safepoint] Safepoint "G1CollectForAllocation", Time since last: 120626000 ns, Reaching safepoint: 18500 ns, At safepoint: 7133500 ns, Leaving safepoint: 19900 ns, Total: 7171900 ns, Threads: 6 runnable, 73 total
[19.128s][info][gc       ] GC(44) Pause Remark 644M->644M(768M) 6.163ms
[19.128s][info][safepoint] Safepoint "G1PauseRemark", Time since last: 158734600 ns, Reaching safepoint: 18900 ns, At safepoint: 6194900 ns, Leaving safepoint: 14700 ns, Total: 6228500 ns, Threads: 4 runnable, 73 total
[19.168s][info][gc       ] GC(45) Pause Young (Normal) (G1 Evacuation Pause) 685M->443M(768M) 6.014ms
[19.168s][info][safepoint] Safepoint "G1CollectForAllocation", Time since last: 33242800 ns, Reaching safepoint: 532300 ns, At safepoint: 6052200 ns, Leaving safepoint: 23100 ns, Total: 6607600 ns, Threads: 6 runnable, 73 total
[19.193s][info][gc       ] GC(44) Pause Cleanup 468M->468M(768M) 0.046ms
[19.193s][info][safepoint] Safepoint "G1PauseCleanup", Time since last: 24285200 ns, Reaching safepoint: 35600 ns, At safepoint: 89900 ns, Leaving safepoint: 11800 ns, Total: 137300 ns, Threads: 3 runnable, 73 total
[19.193s][info][gc       ] GC(44) Concurrent Mark Cycle 229.898ms
[19.292s][info][gc       ] GC(46) Pause Young (Prepare Mixed) (G1 Evacuation Pause) 693M->456M(768M) 4.848ms
[19.292s][info][safepoint] Safepoint "G1CollectForAllocation", Time since last: 94753700 ns, Reaching safepoint: 8600 ns, At safepoint: 4883000 ns, Leaving safepoint: 14400 ns, Total: 4906000 ns, Threads: 1 runnable, 73 total
[19.733s][info][gc       ] GC(47) Pause Young (Mixed) (G1 Evacuation Pause) 696M->444M(768M) 3.077ms
[19.733s][info][safepoint] Safepoint "G1CollectForAllocation", Time since last: 437996000 ns, Reaching safepoint: 19400 ns, At safepoint: 3119700 ns, Leaving safepoint: 17400 ns, Total: 3156500 ns, Threads: 9 runnable, 73 total
[20.231s][info][gc       ] GC(48) Pause Young (Concurrent Start) (G1 Evacuation Pause) 704M->442M(768M) 1.497ms
[20.231s][info][gc       ] GC(49) Concurrent Mark Cycle
[20.231s][info][safepoint] Safepoint "G1CollectForAllocation", Time since last: 496159500 ns, Reaching safepoint: 8800 ns, At safepoint: 1535100 ns, Leaving safepoint: 14100 ns, Total: 1558000 ns, Threads: 4 runnable, 73 total
[20.373s][info][gc       ] GC(49) Pause Remark 515M->515M(768M) 4.420ms
[20.373s][info][safepoint] Safepoint "G1PauseRemark", Time since last: 137661500 ns, Reaching safepoint: 5700 ns, At safepoint: 4450700 ns, Leaving safepoint: 6700 ns, Total: 4463100 ns, Threads: 0 runnable, 73 total
[20.419s][info][gc       ] GC(49) Pause Cleanup 536M->536M(768M) 0.031ms
[20.419s][info][safepoint] Safepoint "G1PauseCleanup", Time since last: 45298300 ns, Reaching safepoint: 5600 ns, At safepoint: 62600 ns, Leaving safepoint: 3900 ns, Total: 72100 ns, Threads: 0 runnable, 73 total
[20.419s][info][gc       ] GC(49) Concurrent Mark Cycle 187.918ms
[21.009s][info][gc       ] GC(50) Pause Young (Prepare Mixed) (G1 Evacuation Pause) 712M->441M(768M) 1.390ms
[21.009s][info][safepoint] Safepoint "G1CollectForAllocation", Time since last: 589102400 ns, Reaching safepoint: 5700 ns, At safepoint: 1425200 ns, Leaving safepoint: 6800 ns, Total: 1437700 ns, Threads: 1 runnable, 73 total
[22.896s][info][gc       ] GC(51) Pause Young (Mixed) (G1 Evacuation Pause) 719M->433M(768M) 2.264ms
[22.896s][info][safepoint] Safepoint "G1CollectForAllocation", Time since last: 1884151100 ns, Reaching safepoint: 5100 ns, At safepoint: 2311100 ns, Leaving safepoint: 6000 ns, Total: 2322200 ns, Threads: 0 runnable, 73 total
[24.629s][info][gc       ] GC(52) Pause Young (Concurrent Start) (G1 Evacuation Pause) 725M->432M(768M) 1.556ms
[24.629s][info][gc       ] GC(53) Concurrent Mark Cycle
[24.629s][info][safepoint] Safepoint "G1CollectForAllocation", Time since last: 1731716600 ns, Reaching safepoint: 4600 ns, At safepoint: 1593200 ns, Leaving safepoint: 6400 ns, Total: 1604200 ns, Threads: 0 runnable, 68 total
[24.763s][info][gc       ] GC(53) Pause Remark 455M->455M(768M) 4.728ms
[24.763s][info][safepoint] Safepoint "G1PauseRemark", Time since last: 129594600 ns, Reaching safepoint: 5200 ns, At safepoint: 4758600 ns, Leaving safepoint: 4600 ns, Total: 4768400 ns, Threads: 0 runnable, 69 total
[24.807s][info][gc       ] GC(53) Pause Cleanup 462M->462M(768M) 0.030ms
[24.807s][info][safepoint] Safepoint "G1PauseCleanup", Time since last: 43375000 ns, Reaching safepoint: 4600 ns, At safepoint: 60800 ns, Leaving safepoint: 2700 ns, Total: 68100 ns, Threads: 0 runnable, 68 total
[24.807s][info][gc       ] GC(53) Concurrent Mark Cycle 178.202ms
[26.464s][info][gc       ] GC(54) Pause Young (Prepare Mixed) (G1 Evacuation Pause) 726M->432M(768M) 1.603ms
[26.464s][info][safepoint] Safepoint "G1CollectForAllocation", Time since last: 1655322700 ns, Reaching safepoint: 6900 ns, At safepoint: 1636600 ns, Leaving safepoint: 5400 ns, Total: 1648900 ns, Threads: 0 runnable, 65 total
[28.319s][info][gc       ] GC(55) Pause Young (Mixed) (G1 Evacuation Pause) 726M->427M(768M) 2.261ms
[28.319s][info][safepoint] Safepoint "G1CollectForAllocation", Time since last: 1853053300 ns, Reaching safepoint: 4900 ns, At safepoint: 2294900 ns, Leaving safepoint: 5600 ns, Total: 2305400 ns, Threads: 0 runnable, 66 total
[29.851s][info][gc       ] GC(56) Pause Young (Concurrent Start) (G1 Evacuation Pause) 725M->427M(768M) 1.911ms
[29.851s][info][gc       ] GC(57) Concurrent Mark Cycle
[29.851s][info][safepoint] Safepoint "G1CollectForAllocation", Time since last: 1529567200 ns, Reaching safepoint: 4800 ns, At safepoint: 1948700 ns, Leaving safepoint: 5100 ns, Total: 1958600 ns, Threads: 0 runnable, 64 total
[29.966s][info][gc       ] GC(57) Pause Remark 443M->443M(768M) 4.083ms
[29.966s][info][safepoint] Safepoint "G1PauseRemark", Time since last: 111452500 ns, Reaching safepoint: 7900 ns, At safepoint: 4120100 ns, Leaving safepoint: 4600 ns, Total: 4132600 ns, Threads: 0 runnable, 64 total
[30.005s][info][gc       ] GC(57) Pause Cleanup 449M->449M(768M) 0.042ms
[30.005s][info][safepoint] Safepoint "G1PauseCleanup", Time since last: 38778700 ns, Reaching safepoint: 7800 ns, At safepoint: 83300 ns, Leaving safepoint: 5200 ns, Total: 96300 ns, Threads: 0 runnable, 64 total
[30.005s][info][gc       ] GC(57) Concurrent Mark Cycle 154.849ms
[31.845s][info][gc       ] GC(58) Pause Young (Prepare Mixed) (G1 Evacuation Pause) 725M->427M(768M) 1.514ms
[31.845s][info][safepoint] Safepoint "G1CollectForAllocation", Time since last: 1838102800 ns, Reaching safepoint: 4400 ns, At safepoint: 1550100 ns, Leaving safepoint: 5100 ns, Total: 1559600 ns, Threads: 0 runnable, 63 total
[33.822s][info][gc       ] GC(59) Pause Young (Mixed) (G1 Evacuation Pause) 725M->424M(768M) 2.731ms
[33.822s][info][safepoint] Safepoint "G1CollectForAllocation", Time since last: 1974530700 ns, Reaching safepoint: 9400 ns, At safepoint: 2771100 ns, Leaving safepoint: 5400 ns, Total: 2785900 ns, Threads: 0 runnable, 62 total
[35.979s][info][gc       ] GC(60) Pause Young (Concurrent Start) (G1 Evacuation Pause) 724M->424M(768M) 1.686ms
[35.979s][info][gc       ] GC(61) Concurrent Mark Cycle
[35.979s][info][safepoint] Safepoint "G1CollectForAllocation", Time since last: 2155675200 ns, Reaching safepoint: 25900 ns, At safepoint: 1723800 ns, Leaving safepoint: 7700 ns, Total: 1757400 ns, Threads: 1 runnable, 62 total
[36.110s][info][gc       ] GC(61) Pause Remark 443M->443M(768M) 3.666ms
[36.110s][info][safepoint] Safepoint "G1PauseRemark", Time since last: 126739100 ns, Reaching safepoint: 15700 ns, At safepoint: 3705400 ns, Leaving safepoint: 4200 ns, Total: 3725300 ns, Threads: 1 runnable, 62 total
[36.149s][info][gc       ] GC(61) Pause Cleanup 448M->448M(768M) 0.031ms
[36.149s][info][safepoint] Safepoint "G1PauseCleanup", Time since last: 38906000 ns, Reaching safepoint: 4400 ns, At safepoint: 63100 ns, Leaving safepoint: 4300 ns, Total: 71800 ns, Threads: 0 runnable, 62 total
[36.149s][info][gc       ] GC(61) Concurrent Mark Cycle 169.827ms
[38.136s][info][gc       ] GC(62) Pause Young (Prepare Mixed) (G1 Evacuation Pause) 724M->424M(768M) 1.381ms
[38.136s][info][safepoint] Safepoint "G1CollectForAllocation", Time since last: 1985229600 ns, Reaching safepoint: 4700 ns, At safepoint: 1413500 ns, Leaving safepoint: 5200 ns, Total: 1423400 ns, Threads: 0 runnable, 63 total
[40.094s][info][gc       ] GC(63) Pause Young (Mixed) (G1 Evacuation Pause) 724M->421M(768M) 2.451ms
[40.094s][info][safepoint] Safepoint "G1CollectForAllocation", Time since last: 1956357000 ns, Reaching safepoint: 16200 ns, At safepoint: 2490700 ns, Leaving safepoint: 8900 ns, Total: 2515800 ns, Threads: 1 runnable, 62 total
[42.278s][info][gc       ] GC(64) Pause Young (Concurrent Start) (G1 Evacuation Pause) 725M->421M(768M) 1.534ms
[42.278s][info][gc       ] GC(65) Concurrent Mark Cycle
[42.278s][info][safepoint] Safepoint "G1CollectForAllocation", Time since last: 2181834700 ns, Reaching safepoint: 5700 ns, At safepoint: 1569400 ns, Leaving safepoint: 7600 ns, Total: 1582700 ns, Threads: 0 runnable, 62 total
[42.401s][info][gc       ] GC(65) Pause Remark 438M->438M(768M) 3.520ms
[42.401s][info][safepoint] Safepoint "G1PauseRemark", Time since last: 119361900 ns, Reaching safepoint: 5500 ns, At safepoint: 3550700 ns, Leaving safepoint: 3700 ns, Total: 3559900 ns, Threads: 1 runnable, 62 total
[42.441s][info][gc       ] GC(65) Pause Cleanup 443M->443M(768M) 0.035ms
[42.441s][info][safepoint] Safepoint "G1PauseCleanup", Time since last: 40139600 ns, Reaching safepoint: 5300 ns, At safepoint: 68900 ns, Leaving safepoint: 3000 ns, Total: 77200 ns, Threads: 0 runnable, 62 total
[42.441s][info][gc       ] GC(65) Concurrent Mark Cycle 163.562ms
[44.475s][info][gc       ] GC(66) Pause Young (Prepare Mixed) (G1 Evacuation Pause) 725M->421M(768M) 1.492ms
[44.475s][info][safepoint] Safepoint "G1CollectForAllocation", Time since last: 2032296900 ns, Reaching safepoint: 4300 ns, At safepoint: 1522000 ns, Leaving safepoint: 5100 ns, Total: 1531400 ns, Threads: 0 runnable, 64 total
[46.630s][info][gc       ] GC(67) Pause Young (Mixed) (G1 Evacuation Pause) 725M->420M(768M) 2.244ms
[46.630s][info][safepoint] Safepoint "G1CollectForAllocation", Time since last: 2153286000 ns, Reaching safepoint: 8400 ns, At safepoint: 2278100 ns, Leaving safepoint: 7900 ns, Total: 2294400 ns, Threads: 1 runnable, 62 total
[48.811s][info][gc       ] GC(68) Pause Young (Concurrent Start) (G1 Evacuation Pause) 726M->421M(768M) 1.417ms
[48.811s][info][gc       ] GC(69) Concurrent Mark Cycle
[48.811s][info][safepoint] Safepoint "G1CollectForAllocation", Time since last: 2179378700 ns, Reaching safepoint: 5600 ns, At safepoint: 1452300 ns, Leaving safepoint: 4700 ns, Total: 1462600 ns, Threads: 0 runnable, 62 total
[48.941s][info][gc       ] GC(69) Pause Remark 440M->440M(768M) 8.176ms
[48.941s][info][safepoint] Safepoint "G1PauseRemark", Time since last: 121356900 ns, Reaching safepoint: 5000 ns, At safepoint: 8207300 ns, Leaving safepoint: 4100 ns, Total: 8216400 ns, Threads: 0 runnable, 62 total
[48.980s][info][gc       ] GC(69) Pause Cleanup 445M->445M(768M) 0.031ms
[48.980s][info][safepoint] Safepoint "G1PauseCleanup", Time since last: 39031700 ns, Reaching safepoint: 4800 ns, At safepoint: 71200 ns, Leaving safepoint: 2200 ns, Total: 78200 ns, Threads: 0 runnable, 62 total
[48.980s][info][gc       ] GC(69) Concurrent Mark Cycle 169.055ms
[50.990s][info][gc       ] GC(70) Pause Young (Prepare Mixed) (G1 Evacuation Pause) 725M->421M(768M) 1.506ms
[50.990s][info][safepoint] Safepoint "G1CollectForAllocation", Time since last: 2009035800 ns, Reaching safepoint: 4600 ns, At safepoint: 1538200 ns, Leaving safepoint: 7100 ns, Total: 1549900 ns, Threads: 0 runnable, 62 total
[53.230s][info][gc       ] GC(71) Pause Young (Mixed) (G1 Evacuation Pause) 725M->419M(768M) 1.973ms
[53.230s][info][safepoint] Safepoint "G1CollectForAllocation", Time since last: 2237950200 ns, Reaching safepoint: 16100 ns, At safepoint: 2007100 ns, Leaving safepoint: 8600 ns, Total: 2031800 ns, Threads: 1 runnable, 62 total
[55.468s][info][gc       ] GC(72) Pause Young (Concurrent Start) (G1 Evacuation Pause) 725M->420M(768M) 1.469ms
[55.468s][info][gc       ] GC(73) Concurrent Mark Cycle
[55.468s][info][safepoint] Safepoint "G1CollectForAllocation", Time since last: 2236234600 ns, Reaching safepoint: 4500 ns, At safepoint: 1505100 ns, Leaving safepoint: 5100 ns, Total: 1514700 ns, Threads: 0 runnable, 62 total
[55.602s][info][gc       ] GC(73) Pause Remark 438M->438M(768M) 2.727ms
[55.602s][info][safepoint] Safepoint "G1PauseRemark", Time since last: 130859700 ns, Reaching safepoint: 8000 ns, At safepoint: 2757100 ns, Leaving safepoint: 4000 ns, Total: 2769100 ns, Threads: 0 runnable, 62 total
[55.650s][info][gc       ] GC(73) Pause Cleanup 445M->445M(768M) 0.032ms
[55.650s][info][safepoint] Safepoint "G1PauseCleanup", Time since last: 48163800 ns, Reaching safepoint: 5000 ns, At safepoint: 71100 ns, Leaving safepoint: 3700 ns, Total: 79800 ns, Threads: 0 runnable, 62 total
[55.650s][info][gc       ] GC(73) Concurrent Mark Cycle 182.273ms
[57.715s][info][gc       ] GC(74) Pause Young (Prepare Mixed) (G1 Evacuation Pause) 726M->420M(768M) 1.169ms
[57.715s][info][safepoint] Safepoint "G1CollectForAllocation", Time since last: 2063968200 ns, Reaching safepoint: 15800 ns, At safepoint: 1206300 ns, Leaving safepoint: 7500 ns, Total: 1229600 ns, Threads: 1 runnable, 62 total
[59.960s][info][gc       ] GC(75) Pause Young (Mixed) (G1 Evacuation Pause) 726M->417M(768M) 2.251ms
[59.960s][info][safepoint] Safepoint "G1CollectForAllocation", Time since last: 2242579800 ns, Reaching safepoint: 4100 ns, At safepoint: 2285100 ns, Leaving safepoint: 7700 ns, Total: 2296900 ns, Threads: 0 runnable, 62 total
[62.211s][info][gc       ] GC(76) Pause Young (Concurrent Start) (G1 Evacuation Pause) 727M->418M(768M) 1.407ms
[62.211s][info][gc       ] GC(77) Concurrent Mark Cycle
[62.211s][info][safepoint] Safepoint "G1CollectForAllocation", Time since last: 2249586800 ns, Reaching safepoint: 5200 ns, At safepoint: 1440700 ns, Leaving safepoint: 4900 ns, Total: 1450800 ns, Threads: 0 runnable, 62 total
[62.332s][info][gc       ] GC(77) Pause Remark 434M->434M(768M) 2.717ms
[62.332s][info][safepoint] Safepoint "G1PauseRemark", Time since last: 118315900 ns, Reaching safepoint: 5100 ns, At safepoint: 2795300 ns, Leaving safepoint: 4600 ns, Total: 2805000 ns, Threads: 0 runnable, 62 total
[62.371s][info][gc       ] GC(77) Pause Cleanup 440M->440M(768M) 0.032ms
[62.371s][info][safepoint] Safepoint "G1PauseCleanup", Time since last: 38305900 ns, Reaching safepoint: 5000 ns, At safepoint: 65100 ns, Leaving safepoint: 3500 ns, Total: 73600 ns, Threads: 1 runnable, 62 total
[62.371s][info][gc       ] GC(77) Concurrent Mark Cycle 160.085ms
[64.427s][info][gc       ] GC(78) Pause Young (Prepare Mixed) (G1 Evacuation Pause) 726M->418M(768M) 1.207ms
[64.427s][info][safepoint] Safepoint "G1CollectForAllocation", Time since last: 2054870400 ns, Reaching safepoint: 15700 ns, At safepoint: 1245500 ns, Leaving safepoint: 8200 ns, Total: 1269400 ns, Threads: 1 runnable, 62 total
[66.677s][info][gc       ] GC(79) Pause Young (Mixed) (G1 Evacuation Pause) 726M->415M(768M) 1.783ms
[66.677s][info][safepoint] Safepoint "G1CollectForAllocation", Time since last: 2248606300 ns, Reaching safepoint: 5500 ns, At safepoint: 1821100 ns, Leaving safepoint: 11300 ns, Total: 1837900 ns, Threads: 1 runnable, 62 total
[68.742s][info][gc       ] GC(80) Pause Young (Concurrent Start) (G1 Evacuation Pause) 725M->415M(768M) 1.460ms
[68.742s][info][gc       ] GC(81) Concurrent Mark Cycle
[68.742s][info][safepoint] Safepoint "G1CollectForAllocation", Time since last: 2063228500 ns, Reaching safepoint: 14700 ns, At safepoint: 1502500 ns, Leaving safepoint: 7300 ns, Total: 1524500 ns, Threads: 1 runnable, 62 total
[68.874s][info][gc       ] GC(81) Pause Remark 436M->436M(768M) 8.701ms
[68.874s][info][safepoint] Safepoint "G1PauseRemark", Time since last: 123146200 ns, Reaching safepoint: 5500 ns, At safepoint: 8739100 ns, Leaving safepoint: 4100 ns, Total: 8748700 ns, Threads: 0 runnable, 62 total
[68.913s][info][gc       ] GC(81) Pause Cleanup 441M->441M(768M) 0.035ms
[68.913s][info][safepoint] Safepoint "G1PauseCleanup", Time since last: 38993400 ns, Reaching safepoint: 5100 ns, At safepoint: 81000 ns, Leaving safepoint: 4800 ns, Total: 90900 ns, Threads: 0 runnable, 62 total
[68.913s][info][gc       ] GC(81) Concurrent Mark Cycle 171.368ms
[70.907s][info][gc       ] GC(82) Pause Young (Prepare Mixed) (G1 Evacuation Pause) 725M->416M(768M) 0.975ms
[70.907s][info][safepoint] Safepoint "G1CollectForAllocation", Time since last: 1993250000 ns, Reaching safepoint: 4700 ns, At safepoint: 1009600 ns, Leaving safepoint: 5300 ns, Total: 1019600 ns, Threads: 0 runnable, 62 total
[73.130s][info][gc       ] GC(83) Pause Young (Mixed) (G1 Evacuation Pause) 726M->413M(768M) 1.875ms
[73.130s][info][safepoint] Safepoint "G1CollectForAllocation", Time since last: 2220751400 ns, Reaching safepoint: 4900 ns, At safepoint: 1909100 ns, Leaving safepoint: 6400 ns, Total: 1920400 ns, Threads: 0 runnable, 60 total
[75.362s][info][gc       ] GC(84) Pause Young (Concurrent Start) (G1 Evacuation Pause) 725M->414M(768M) 1.311ms
[75.362s][info][gc       ] GC(85) Concurrent Mark Cycle
[75.362s][info][safepoint] Safepoint "G1CollectForAllocation", Time since last: 2230370200 ns, Reaching safepoint: 4900 ns, At safepoint: 1351200 ns, Leaving safepoint: 4900 ns, Total: 1361000 ns, Threads: 0 runnable, 60 total
[75.477s][info][gc       ] GC(85) Pause Remark 430M->430M(768M) 1.519ms
[75.477s][info][safepoint] Safepoint "G1PauseRemark", Time since last: 113782000 ns, Reaching safepoint: 4900 ns, At safepoint: 1546700 ns, Leaving safepoint: 5400 ns, Total: 1557000 ns, Threads: 0 runnable, 60 total
[75.514s][info][gc       ] GC(85) Pause Cleanup 435M->435M(768M) 0.031ms
[75.514s][info][safepoint] Safepoint "G1PauseCleanup", Time since last: 37306300 ns, Reaching safepoint: 4800 ns, At safepoint: 72000 ns, Leaving safepoint: 2100 ns, Total: 78900 ns, Threads: 0 runnable, 60 total
[75.515s][info][gc       ] GC(85) Concurrent Mark Cycle 153.128ms
[77.597s][info][gc       ] GC(86) Pause Young (Prepare Mixed) (G1 Evacuation Pause) 726M->414M(768M) 1.221ms
[77.597s][info][safepoint] Safepoint "G1CollectForAllocation", Time since last: 2081017600 ns, Reaching safepoint: 3900 ns, At safepoint: 1256000 ns, Leaving safepoint: 5000 ns, Total: 1264900 ns, Threads: 0 runnable, 58 total
[79.831s][info][gc       ] GC(87) Pause Young (Mixed) (G1 Evacuation Pause) 726M->412M(768M) 2.114ms
[79.831s][info][safepoint] Safepoint "G1CollectForAllocation", Time since last: 2232388900 ns, Reaching safepoint: 4800 ns, At safepoint: 2144300 ns, Leaving safepoint: 7400 ns, Total: 2156500 ns, Threads: 0 runnable, 54 total
[82.130s][info][gc       ] GC(88) Pause Young (Concurrent Start) (G1 Evacuation Pause) 726M->413M(768M) 1.351ms
[82.130s][info][gc       ] GC(89) Concurrent Mark Cycle
[82.130s][info][safepoint] Safepoint "G1CollectForAllocation", Time since last: 2297326800 ns, Reaching safepoint: 5100 ns, At safepoint: 1393000 ns, Leaving safepoint: 7700 ns, Total: 1405800 ns, Threads: 0 runnable, 54 total
[82.282s][info][gc       ] GC(89) Pause Remark 433M->433M(768M) 2.588ms
[82.282s][info][safepoint] Safepoint "G1PauseRemark", Time since last: 149761100 ns, Reaching safepoint: 4900 ns, At safepoint: 2615700 ns, Leaving safepoint: 4000 ns, Total: 2624600 ns, Threads: 0 runnable, 54 total
[82.329s][info][gc       ] GC(89) Pause Cleanup 438M->438M(768M) 0.033ms
[82.329s][info][safepoint] Safepoint "G1PauseCleanup", Time since last: 46319800 ns, Reaching safepoint: 15400 ns, At safepoint: 65200 ns, Leaving safepoint: 5500 ns, Total: 86100 ns, Threads: 2 runnable, 54 total
[82.329s][info][gc       ] GC(89) Concurrent Mark Cycle 199.252ms
[84.440s][info][gc       ] GC(90) Pause Young (Prepare Mixed) (G1 Evacuation Pause) 725M->413M(768M) 0.975ms
[84.440s][info][safepoint] Safepoint "G1CollectForAllocation", Time since last: 2109837600 ns, Reaching safepoint: 4800 ns, At safepoint: 1007300 ns, Leaving safepoint: 4800 ns, Total: 1016900 ns, Threads: 0 runnable, 54 total
[86.781s][info][gc       ] GC(91) Pause Young (Mixed) (G1 Evacuation Pause) 725M->412M(768M) 1.973ms
[86.781s][info][safepoint] Safepoint "G1CollectForAllocation", Time since last: 2339262200 ns, Reaching safepoint: 15700 ns, At safepoint: 2005300 ns, Leaving safepoint: 8400 ns, Total: 2029400 ns, Threads: 1 runnable, 54 total
[89.095s][info][gc       ] GC(92) Pause Young (Concurrent Start) (G1 Evacuation Pause) 726M->412M(768M) 1.233ms
[89.095s][info][gc       ] GC(93) Concurrent Mark Cycle
[89.095s][info][safepoint] Safepoint "G1CollectForAllocation", Time since last: 2312601700 ns, Reaching safepoint: 5000 ns, At safepoint: 1269100 ns, Leaving safepoint: 4800 ns, Total: 1278900 ns, Threads: 0 runnable, 54 total
[89.225s][info][gc       ] GC(93) Pause Remark 429M->429M(768M) 1.561ms
[89.225s][info][safepoint] Safepoint "G1PauseRemark", Time since last: 128473500 ns, Reaching safepoint: 5100 ns, At safepoint: 1599400 ns, Leaving safepoint: 4100 ns, Total: 1608600 ns, Threads: 0 runnable, 54 total
[89.273s][info][gc       ] GC(93) Pause Cleanup 435M->435M(768M) 0.032ms
[89.273s][info][safepoint] Safepoint "G1PauseCleanup", Time since last: 47654400 ns, Reaching safepoint: 4600 ns, At safepoint: 63100 ns, Leaving safepoint: 3800 ns, Total: 71500 ns, Threads: 0 runnable, 54 total
[89.273s][info][gc       ] GC(93) Concurrent Mark Cycle 178.238ms
[91.447s][info][gc       ] GC(94) Pause Young (Prepare Mixed) (G1 Evacuation Pause) 726M->412M(768M) 1.210ms
[91.447s][info][safepoint] Safepoint "G1CollectForAllocation", Time since last: 2172760700 ns, Reaching safepoint: 4700 ns, At safepoint: 1241600 ns, Leaving safepoint: 5000 ns, Total: 1251300 ns, Threads: 0 runnable, 53 total
[93.777s][info][gc       ] GC(95) Pause Young (Mixed) (G1 Evacuation Pause) 726M->410M(768M) 1.746ms
[93.777s][info][safepoint] Safepoint "G1CollectForAllocation", Time since last: 2328615600 ns, Reaching safepoint: 17700 ns, At safepoint: 1780800 ns, Leaving safepoint: 8000 ns, Total: 1806500 ns, Threads: 1 runnable, 53 total
[96.102s][info][gc       ] GC(96) Pause Young (Concurrent Start) (G1 Evacuation Pause) 726M->411M(768M) 1.452ms
[96.102s][info][gc       ] GC(97) Concurrent Mark Cycle
[96.102s][info][safepoint] Safepoint "G1CollectForAllocation", Time since last: 2323727000 ns, Reaching safepoint: 4100 ns, At safepoint: 1491500 ns, Leaving safepoint: 4700 ns, Total: 1500300 ns, Threads: 0 runnable, 53 total
[96.222s][info][gc       ] GC(97) Pause Remark 427M->427M(768M) 1.835ms
[96.222s][info][safepoint] Safepoint "G1PauseRemark", Time since last: 117859500 ns, Reaching safepoint: 25300 ns, At safepoint: 1865100 ns, Leaving safepoint: 3700 ns, Total: 1894100 ns, Threads: 1 runnable, 53 total
[96.262s][info][gc       ] GC(97) Pause Cleanup 432M->432M(768M) 0.033ms
[96.262s][info][safepoint] Safepoint "G1PauseCleanup", Time since last: 39742200 ns, Reaching safepoint: 4400 ns, At safepoint: 77000 ns, Leaving safepoint: 2600 ns, Total: 84000 ns, Threads: 0 runnable, 53 total
[96.262s][info][gc       ] GC(97) Concurrent Mark Cycle 159.975ms
[98.413s][info][gc       ] GC(98) Pause Young (Prepare Mixed) (G1 Evacuation Pause) 725M->411M(768M) 0.916ms
[98.413s][info][safepoint] Safepoint "G1CollectForAllocation", Time since last: 2150662300 ns, Reaching safepoint: 4800 ns, At safepoint: 960400 ns, Leaving safepoint: 7200 ns, Total: 972400 ns, Threads: 0 runnable, 53 total
[100.691s][info][gc       ] GC(99) Pause Young (Mixed) (G1 Evacuation Pause) 725M->409M(768M) 2.524ms
[100.691s][info][safepoint] Safepoint "G1CollectForAllocation", Time since last: 2275436100 ns, Reaching safepoint: 15600 ns, At safepoint: 2559000 ns, Leaving safepoint: 6400 ns, Total: 2581000 ns, Threads: 1 runnable, 53 total
[102.945s][info][gc       ] GC(100) Pause Young (Concurrent Start) (G1 Evacuation Pause) 725M->410M(768M) 1.331ms
[102.945s][info][gc       ] GC(101) Concurrent Mark Cycle
[102.945s][info][safepoint] Safepoint "G1CollectForAllocation", Time since last: 2252464500 ns, Reaching safepoint: 7100 ns, At safepoint: 1366800 ns, Leaving safepoint: 6400 ns, Total: 1380300 ns, Threads: 0 runnable, 53 total
[103.059s][info][gc       ] GC(101) Pause Remark 425M->425M(768M) 1.398ms
[103.059s][info][safepoint] Safepoint "G1PauseRemark", Time since last: 111922900 ns, Reaching safepoint: 4400 ns, At safepoint: 1435900 ns, Leaving safepoint: 3600 ns, Total: 1443900 ns, Threads: 0 runnable, 53 total
[103.098s][info][gc       ] GC(101) Pause Cleanup 431M->431M(768M) 0.030ms
[103.098s][info][safepoint] Safepoint "G1PauseCleanup", Time since last: 38859300 ns, Reaching safepoint: 14600 ns, At safepoint: 63000 ns, Leaving safepoint: 3900 ns, Total: 81500 ns, Threads: 1 runnable, 53 total
[103.098s][info][gc       ] GC(101) Concurrent Mark Cycle 152.713ms
[105.215s][info][gc       ] GC(102) Pause Young (Prepare Mixed) (G1 Evacuation Pause) 726M->410M(768M) 1.038ms
[105.215s][info][safepoint] Safepoint "G1CollectForAllocation", Time since last: 2116489800 ns, Reaching safepoint: 4700 ns, At safepoint: 1069100 ns, Leaving safepoint: 5000 ns, Total: 1078800 ns, Threads: 0 runnable, 55 total
[107.496s][info][gc       ] GC(103) Pause Young (Mixed) (G1 Evacuation Pause) 726M->409M(768M) 2.384ms
[107.496s][info][safepoint] Safepoint "G1CollectForAllocation", Time since last: 2278741900 ns, Reaching safepoint: 4300 ns, At safepoint: 2426000 ns, Leaving safepoint: 5000 ns, Total: 2435300 ns, Threads: 0 runnable, 53 total
[109.749s][info][gc       ] GC(104) Pause Young (Concurrent Start) (G1 Evacuation Pause) 725M->409M(768M) 1.444ms
[109.749s][info][gc       ] GC(105) Concurrent Mark Cycle
[109.749s][info][safepoint] Safepoint "G1CollectForAllocation", Time since last: 2250808000 ns, Reaching safepoint: 4800 ns, At safepoint: 1481900 ns, Leaving safepoint: 4700 ns, Total: 1491400 ns, Threads: 0 runnable, 53 total
[109.872s][info][gc       ] GC(105) Pause Remark 426M->426M(768M) 1.872ms
[109.872s][info][safepoint] Safepoint "G1PauseRemark", Time since last: 121661400 ns, Reaching safepoint: 15600 ns, At safepoint: 1904800 ns, Leaving safepoint: 5100 ns, Total: 1925500 ns, Threads: 1 runnable, 53 total
[109.912s][info][gc       ] GC(105) Pause Cleanup 432M->432M(768M) 0.030ms
[109.912s][info][safepoint] Safepoint "G1PauseCleanup", Time since last: 39531900 ns, Reaching safepoint: 4300 ns, At safepoint: 75400 ns, Leaving safepoint: 3900 ns, Total: 83600 ns, Threads: 0 runnable, 53 total
[109.912s][info][gc       ] GC(105) Concurrent Mark Cycle 163.573ms
[111.974s][info][gc       ] GC(106) Pause Young (Prepare Mixed) (G1 Evacuation Pause) 725M->409M(768M) 1.014ms
[111.974s][info][safepoint] Safepoint "G1CollectForAllocation", Time since last: 2060693400 ns, Reaching safepoint: 4700 ns, At safepoint: 1047300 ns, Leaving safepoint: 5200 ns, Total: 1057200 ns, Threads: 0 runnable, 53 total
[114.202s][info][gc       ] GC(107) Pause Young (Mixed) (G1 Evacuation Pause) 725M->408M(768M) 2.403ms
[114.202s][info][safepoint] Safepoint "G1CollectForAllocation", Time since last: 2226172800 ns, Reaching safepoint: 6600 ns, At safepoint: 2439000 ns, Leaving safepoint: 5100 ns, Total: 2450700 ns, Threads: 0 runnable, 56 total
[116.405s][info][gc       ] GC(108) Pause Young (Concurrent Start) (G1 Evacuation Pause) 724M->409M(768M) 1.508ms
[116.405s][info][gc       ] GC(109) Concurrent Mark Cycle
[116.405s][info][safepoint] Safepoint "G1CollectForAllocation", Time since last: 2200905700 ns, Reaching safepoint: 3400 ns, At safepoint: 1543200 ns, Leaving safepoint: 6200 ns, Total: 1552800 ns, Threads: 1 runnable, 53 total
[116.516s][info][gc       ] GC(109) Pause Remark 425M->425M(768M) 1.299ms
[116.516s][info][safepoint] Safepoint "G1PauseRemark", Time since last: 109801200 ns, Reaching safepoint: 25500 ns, At safepoint: 1340200 ns, Leaving safepoint: 3900 ns, Total: 1369600 ns, Threads: 1 runnable, 53 total
[116.554s][info][gc       ] GC(109) Pause Cleanup 430M->430M(768M) 0.032ms
[116.554s][info][safepoint] Safepoint "G1PauseCleanup", Time since last: 38374000 ns, Reaching safepoint: 4500 ns, At safepoint: 72100 ns, Leaving safepoint: 2600 ns, Total: 79200 ns, Threads: 0 runnable, 53 total
[116.555s][info][gc       ] GC(109) Concurrent Mark Cycle 149.996ms
[118.143s][info][gc       ] GC(110) Pause Young (Prepare Mixed) (G1 Evacuation Pause) 725M->418M(768M) 3.127ms
[118.143s][info][safepoint] Safepoint "G1CollectForAllocation", Time since last: 1585424800 ns, Reaching safepoint: 8600 ns, At safepoint: 3169500 ns, Leaving safepoint: 12600 ns, Total: 3190700 ns, Threads: 1 runnable, 67 total
[118.842s][info][gc       ] GC(111) Pause Young (Mixed) (G1 Evacuation Pause) 724M->429M(768M) 4.722ms
[118.842s][info][safepoint] Safepoint "G1CollectForAllocation", Time since last: 693980100 ns, Reaching safepoint: 105300 ns, At safepoint: 4758600 ns, Leaving safepoint: 18600 ns, Total: 4882500 ns, Threads: 14 runnable, 67 total
[119.242s][info][gc       ] GC(112) Pause Young (Concurrent Start) (G1 Evacuation Pause) 727M->442M(768M) 4.406ms
[119.242s][info][gc       ] GC(113) Concurrent Mark Cycle
[119.242s][info][safepoint] Safepoint "G1CollectForAllocation", Time since last: 396020700 ns, Reaching safepoint: 5400 ns, At safepoint: 4456600 ns, Leaving safepoint: 13700 ns, Total: 4475700 ns, Threads: 1 runnable, 67 total
[119.384s][info][gc       ] GC(113) Pause Remark 488M->488M(768M) 2.299ms
[119.384s][info][safepoint] Safepoint "G1PauseRemark", Time since last: 139535000 ns, Reaching safepoint: 15500 ns, At safepoint: 2332600 ns, Leaving safepoint: 6000 ns, Total: 2354100 ns, Threads: 2 runnable, 67 total
[119.430s][info][gc       ] GC(113) Pause Cleanup 507M->507M(768M) 0.053ms
[119.430s][info][safepoint] Safepoint "G1PauseCleanup", Time since last: 45687100 ns, Reaching safepoint: 91500 ns, At safepoint: 102000 ns, Leaving safepoint: 20200 ns, Total: 213700 ns, Threads: 5 runnable, 67 total
[119.431s][info][gc       ] GC(113) Concurrent Mark Cycle 188.278ms
[119.761s][info][gc       ] GC(114) Pause Young (Prepare Mixed) (G1 Evacuation Pause) 728M->448M(768M) 4.196ms
[119.761s][info][safepoint] Safepoint "G1CollectForAllocation", Time since last: 326991300 ns, Reaching safepoint: 5000 ns, At safepoint: 4234700 ns, Leaving safepoint: 9100 ns, Total: 4248800 ns, Threads: 1 runnable, 67 total
[120.195s][info][gc       ] GC(115) Pause Young (Mixed) (G1 Evacuation Pause) 726M->404M(782M) 5.514ms
[120.196s][info][safepoint] Safepoint "G1CollectForAllocation", Time since last: 428616100 ns, Reaching safepoint: 4300 ns, At safepoint: 5558300 ns, Leaving safepoint: 8300 ns, Total: 5570900 ns, Threads: 0 runnable, 67 total
[120.714s][info][gc       ] GC(116) Pause Young (Concurrent Start) (G1 Evacuation Pause) 738M->418M(786M) 4.659ms
[120.714s][info][gc       ] GC(117) Concurrent Mark Cycle
[120.714s][info][safepoint] Safepoint "G1CollectForAllocation", Time since last: 514184900 ns, Reaching safepoint: 7300 ns, At safepoint: 4698800 ns, Leaving safepoint: 14100 ns, Total: 4720200 ns, Threads: 2 runnable, 67 total
[120.864s][info][gc       ] GC(117) Pause Remark 502M->502M(786M) 3.022ms
[120.864s][info][safepoint] Safepoint "G1PauseRemark", Time since last: 146263400 ns, Reaching safepoint: 15000 ns, At safepoint: 3058700 ns, Leaving safepoint: 7200 ns, Total: 3080900 ns, Threads: 1 runnable, 67 total
[120.910s][info][gc       ] GC(117) Pause Cleanup 522M->522M(786M) 0.042ms
[120.910s][info][safepoint] Safepoint "G1PauseCleanup", Time since last: 45978000 ns, Reaching safepoint: 8300 ns, At safepoint: 82000 ns, Leaving safepoint: 7000 ns, Total: 97300 ns, Threads: 2 runnable, 67 total
[120.910s][info][gc       ] GC(117) Concurrent Mark Cycle 195.884ms
[121.268s][info][gc       ] GC(118) Pause Young (Prepare Mixed) (G1 Evacuation Pause) 742M->433M(796M) 5.795ms
[121.268s][info][safepoint] Safepoint "G1CollectForAllocation", Time since last: 352656700 ns, Reaching safepoint: 13800 ns, At safepoint: 5830000 ns, Leaving safepoint: 13200 ns, Total: 5857000 ns, Threads: 1 runnable, 67 total
[121.670s][info][gc       ] GC(119) Pause Young (Mixed) (G1 Evacuation Pause) 753M->430M(798M) 4.202ms
[121.670s][info][safepoint] Safepoint "G1CollectForAllocation", Time since last: 397624300 ns, Reaching safepoint: 4300 ns, At safepoint: 4243200 ns, Leaving safepoint: 7200 ns, Total: 4254700 ns, Threads: 0 runnable, 65 total
[122.225s][info][gc       ] GC(120) Pause Young (Concurrent Start) (G1 Evacuation Pause) 754M->439M(798M) 3.755ms
[122.225s][info][gc       ] GC(121) Concurrent Mark Cycle
[122.225s][info][safepoint] Safepoint "G1CollectForAllocation", Time since last: 550888900 ns, Reaching safepoint: 25100 ns, At safepoint: 3800500 ns, Leaving safepoint: 6500 ns, Total: 3832100 ns, Threads: 1 runnable, 64 total
[122.371s][info][gc       ] GC(121) Pause Remark 510M->510M(798M) 2.583ms
[122.371s][info][safepoint] Safepoint "G1PauseRemark", Time since last: 143170300 ns, Reaching safepoint: 15600 ns, At safepoint: 2621000 ns, Leaving safepoint: 10200 ns, Total: 2646800 ns, Threads: 2 runnable, 64 total
[122.421s][info][gc       ] GC(121) Pause Cleanup 577M->577M(798M) 0.037ms
[122.421s][info][safepoint] Safepoint "G1PauseCleanup", Time since last: 50166800 ns, Reaching safepoint: 18800 ns, At safepoint: 71500 ns, Leaving safepoint: 13600 ns, Total: 103900 ns, Threads: 12 runnable, 64 total
[122.422s][info][gc       ] GC(121) Concurrent Mark Cycle 196.564ms
[122.734s][info][gc       ] GC(122) Pause Young (Prepare Mixed) (G1 Evacuation Pause) 753M->455M(802M) 5.722ms
[122.734s][info][safepoint] Safepoint "G1CollectForAllocation", Time since last: 307382600 ns, Reaching safepoint: 14800 ns, At safepoint: 5753900 ns, Leaving safepoint: 10500 ns, Total: 5779200 ns, Threads: 1 runnable, 63 total
[123.095s][info][gc       ] GC(123) Pause Young (Mixed) (G1 Evacuation Pause) 759M->451M(820M) 6.363ms
[123.095s][info][safepoint] Safepoint "G1CollectForAllocation", Time since last: 354714100 ns, Reaching safepoint: 4800 ns, At safepoint: 6408900 ns, Leaving safepoint: 10400 ns, Total: 6424100 ns, Threads: 0 runnable, 63 total
[123.551s][info][gc       ] GC(124) Pause Young (Concurrent Start) (G1 Evacuation Pause) 773M->465M(820M) 4.801ms
[123.552s][info][gc       ] GC(125) Concurrent Mark Cycle
[123.552s][info][safepoint] Safepoint "G1CollectForAllocation", Time since last: 451304900 ns, Reaching safepoint: 4600 ns, At safepoint: 4850500 ns, Leaving safepoint: 6700 ns, Total: 4861800 ns, Threads: 0 runnable, 63 total
[123.700s][info][gc       ] GC(125) Pause Remark 565M->565M(820M) 2.220ms
[123.700s][info][safepoint] Safepoint "G1PauseRemark", Time since last: 146283000 ns, Reaching safepoint: 14900 ns, At safepoint: 2251000 ns, Leaving safepoint: 8600 ns, Total: 2274500 ns, Threads: 1 runnable, 63 total
[123.750s][info][gc       ] GC(125) Pause Cleanup 587M->587M(820M) 0.031ms
[123.750s][info][safepoint] Safepoint "G1PauseCleanup", Time since last: 49479500 ns, Reaching safepoint: 4300 ns, At safepoint: 63400 ns, Leaving safepoint: 2100 ns, Total: 69800 ns, Threads: 0 runnable, 63 total
[123.750s][info][gc       ] GC(125) Concurrent Mark Cycle 198.576ms
[123.954s][info][gc       ] GC(126) Pause Young (Prepare Mixed) (G1 Evacuation Pause) 773M->477M(820M) 4.539ms
[123.954s][info][safepoint] Safepoint "G1CollectForAllocation", Time since last: 199793500 ns, Reaching safepoint: 23600 ns, At safepoint: 4572600 ns, Leaving safepoint: 17700 ns, Total: 4613900 ns, Threads: 12 runnable, 67 total
[124.317s][info][gc       ] GC(127) Pause Young (Mixed) (G1 Evacuation Pause) 775M->477M(828M) 4.894ms
[124.317s][info][safepoint] Safepoint "G1CollectForAllocation", Time since last: 358152200 ns, Reaching safepoint: 4500 ns, At safepoint: 4937000 ns, Leaving safepoint: 8100 ns, Total: 4949600 ns, Threads: 0 runnable, 66 total
[124.746s][info][gc       ] GC(128) Pause Young (Concurrent Start) (G1 Evacuation Pause) 783M->488M(828M) 3.681ms
[124.746s][info][gc       ] GC(129) Concurrent Mark Cycle
[124.746s][info][safepoint] Safepoint "G1CollectForAllocation", Time since last: 425191900 ns, Reaching safepoint: 4100 ns, At safepoint: 3723900 ns, Leaving safepoint: 6700 ns, Total: 3734700 ns, Threads: 0 runnable, 65 total
[124.901s][info][gc       ] GC(129) Pause Remark 584M->584M(828M) 2.043ms
[124.901s][info][safepoint] Safepoint "G1PauseRemark", Time since last: 153261200 ns, Reaching safepoint: 25100 ns, At safepoint: 2079900 ns, Leaving safepoint: 9800 ns, Total: 2114800 ns, Threads: 7 runnable, 65 total
[124.952s][info][gc       ] GC(129) Pause Cleanup 633M->633M(828M) 0.044ms
[124.952s][info][safepoint] Safepoint "G1PauseCleanup", Time since last: 50545700 ns, Reaching safepoint: 7000 ns, At safepoint: 79200 ns, Leaving safepoint: 6800 ns, Total: 93000 ns, Threads: 1 runnable, 65 total
[124.953s][info][gc       ] GC(129) Concurrent Mark Cycle 206.496ms
[125.147s][info][gc       ] GC(130) Pause Young (Prepare Mixed) (G1 Evacuation Pause) 782M->500M(828M) 4.406ms
[125.147s][info][safepoint] Safepoint "G1CollectForAllocation", Time since last: 190184600 ns, Reaching safepoint: 26100 ns, At safepoint: 4443300 ns, Leaving safepoint: 22200 ns, Total: 4491600 ns, Threads: 18 runnable, 65 total
[125.424s][info][gc       ] GC(131) Pause Young (Mixed) (G1 Evacuation Pause) 782M->492M(838M) 5.501ms
[125.424s][info][safepoint] Safepoint "G1CollectForAllocation", Time since last: 271431100 ns, Reaching safepoint: 25100 ns, At safepoint: 5539400 ns, Leaving safepoint: 13900 ns, Total: 5578400 ns, Threads: 3 runnable, 64 total
[125.830s][info][gc       ] GC(132) Pause Young (Concurrent Start) (G1 Evacuation Pause) 792M->501M(838M) 3.876ms
[125.830s][info][gc       ] GC(133) Concurrent Mark Cycle
[125.830s][info][safepoint] Safepoint "G1CollectForAllocation", Time since last: 401936700 ns, Reaching safepoint: 15000 ns, At safepoint: 3919900 ns, Leaving safepoint: 9700 ns, Total: 3944600 ns, Threads: 1 runnable, 64 total
[125.986s][info][gc       ] GC(133) Pause Remark 603M->603M(840M) 2.174ms
[125.986s][info][safepoint] Safepoint "G1PauseRemark", Time since last: 154165300 ns, Reaching safepoint: 19200 ns, At safepoint: 2206300 ns, Leaving safepoint: 6400 ns, Total: 2231900 ns, Threads: 3 runnable, 64 total
[126.040s][info][gc       ] GC(133) Pause Cleanup 659M->659M(840M) 0.037ms
[126.040s][info][safepoint] Safepoint "G1PauseCleanup", Time since last: 53722400 ns, Reaching safepoint: 17300 ns, At safepoint: 67100 ns, Leaving safepoint: 12800 ns, Total: 97200 ns, Threads: 9 runnable, 64 total
[126.040s][info][gc       ] GC(133) Concurrent Mark Cycle 210.732ms
[126.181s][info][gc       ] GC(134) Pause Young (Prepare Mixed) (G1 Evacuation Pause) 793M->513M(840M) 4.989ms
[126.181s][info][safepoint] Safepoint "G1CollectForAllocation", Time since last: 135700700 ns, Reaching safepoint: 27200 ns, At safepoint: 5027400 ns, Leaving safepoint: 17100 ns, Total: 5071700 ns, Threads: 11 runnable, 64 total
[126.518s][info][gc       ] GC(135) Pause Young (Mixed) (G1 Evacuation Pause) 797M->509M(856M) 6.233ms
[126.518s][info][safepoint] Safepoint "G1CollectForAllocation", Time since last: 330607500 ns, Reaching safepoint: 20000 ns, At safepoint: 6268300 ns, Leaving safepoint: 17800 ns, Total: 6306100 ns, Threads: 12 runnable, 61 total
[126.869s][info][gc       ] GC(136) Pause Young (Concurrent Start) (G1 Evacuation Pause) 811M->519M(856M) 4.282ms
[126.869s][info][gc       ] GC(137) Concurrent Mark Cycle
[126.869s][info][safepoint] Safepoint "G1CollectForAllocation", Time since last: 347019800 ns, Reaching safepoint: 7700 ns, At safepoint: 4319100 ns, Leaving safepoint: 7500 ns, Total: 4334300 ns, Threads: 1 runnable, 62 total
[127.048s][info][gc       ] GC(137) Pause Remark 670M->670M(870M) 2.290ms
[127.048s][info][safepoint] Safepoint "G1PauseRemark", Time since last: 177058200 ns, Reaching safepoint: 27800 ns, At safepoint: 2316100 ns, Leaving safepoint: 10600 ns, Total: 2354500 ns, Threads: 4 runnable, 62 total
[127.103s][info][gc       ] GC(137) Pause Cleanup 719M->719M(870M) 0.046ms
[127.103s][info][safepoint] Safepoint "G1PauseCleanup", Time since last: 54918600 ns, Reaching safepoint: 17700 ns, At safepoint: 81000 ns, Leaving safepoint: 8800 ns, Total: 107500 ns, Threads: 4 runnable, 62 total
[127.104s][info][gc       ] GC(137) Concurrent Mark Cycle 235.066ms
[127.202s][info][gc       ] GC(138) Pause Young (Prepare Mixed) (G1 Evacuation Pause) 807M->529M(870M) 3.937ms
[127.202s][info][safepoint] Safepoint "G1CollectForAllocation", Time since last: 94682600 ns, Reaching safepoint: 38700 ns, At safepoint: 3982400 ns, Leaving safepoint: 18700 ns, Total: 4039800 ns, Threads: 16 runnable, 62 total
[127.584s][info][gc       ] GC(139) Pause Young (Mixed) (G1 Evacuation Pause) 823M->524M(876M) 5.451ms
[127.584s][info][safepoint] Safepoint "G1CollectForAllocation", Time since last: 376165500 ns, Reaching safepoint: 18200 ns, At safepoint: 5491100 ns, Leaving safepoint: 14300 ns, Total: 5523600 ns, Threads: 3 runnable, 62 total
[127.973s][info][gc       ] GC(140) Pause Young (Concurrent Start) (G1 Evacuation Pause) 830M->534M(876M) 4.435ms
[127.973s][info][gc       ] GC(141) Concurrent Mark Cycle
[127.973s][info][safepoint] Safepoint "G1CollectForAllocation", Time since last: 384700100 ns, Reaching safepoint: 14900 ns, At safepoint: 4479500 ns, Leaving safepoint: 9900 ns, Total: 4504300 ns, Threads: 1 runnable, 62 total
[128.150s][info][gc       ] GC(141) Pause Remark 713M->713M(894M) 2.480ms
[128.150s][info][safepoint] Safepoint "G1PauseRemark", Time since last: 174707100 ns, Reaching safepoint: 99200 ns, At safepoint: 2515300 ns, Leaving safepoint: 11500 ns, Total: 2626000 ns, Threads: 4 runnable, 62 total
[128.209s][info][gc       ] GC(141) Pause Cleanup 752M->752M(894M) 0.070ms
[128.209s][info][safepoint] Safepoint "G1PauseCleanup", Time since last: 58858000 ns, Reaching safepoint: 18300 ns, At safepoint: 131500 ns, Leaving safepoint: 8700 ns, Total: 158500 ns, Threads: 1 runnable, 62 total
[128.210s][info][gc       ] GC(141) Concurrent Mark Cycle 237.090ms
[128.301s][info][gc       ] GC(142) Pause Young (Prepare Mixed) (G1 Evacuation Pause) 828M->545M(894M) 4.523ms
[128.301s][info][safepoint] Safepoint "G1CollectForAllocation", Time since last: 86710300 ns, Reaching safepoint: 33000 ns, At safepoint: 4568200 ns, Leaving safepoint: 18800 ns, Total: 4620000 ns, Threads: 13 runnable, 62 total
[128.689s][info][gc       ] GC(143) Pause Young (Mixed) (G1 Evacuation Pause) 847M->542M(916M) 6.703ms
[128.690s][info][safepoint] Safepoint "G1CollectForAllocation", Time since last: 382039100 ns, Reaching safepoint: 34000 ns, At safepoint: 6755300 ns, Leaving safepoint: 21400 ns, Total: 6810700 ns, Threads: 13 runnable, 62 total
[129.046s][info][gc       ] GC(144) Pause Young (Concurrent Start) (G1 Evacuation Pause) 866M->553M(916M) 4.677ms
[129.046s][info][gc       ] GC(145) Concurrent Mark Cycle
[129.046s][info][safepoint] Safepoint "G1CollectForAllocation", Time since last: 351976400 ns, Reaching safepoint: 18200 ns, At safepoint: 4722000 ns, Leaving safepoint: 20600 ns, Total: 4760800 ns, Threads: 8 runnable, 62 total
[129.208s][info][gc       ] GC(145) Pause Remark 644M->644M(924M) 2.292ms
[129.208s][info][safepoint] Safepoint "G1PauseRemark", Time since last: 159001800 ns, Reaching safepoint: 15300 ns, At safepoint: 2322400 ns, Leaving safepoint: 5300 ns, Total: 2343000 ns, Threads: 1 runnable, 62 total
[129.266s][info][gc       ] GC(145) Pause Cleanup 680M->680M(924M) 0.035ms
[129.266s][info][safepoint] Safepoint "G1PauseCleanup", Time since last: 58210800 ns, Reaching safepoint: 6200 ns, At safepoint: 70600 ns, Leaving safepoint: 8600 ns, Total: 85400 ns, Threads: 2 runnable, 62 total
[129.266s][info][gc       ] GC(145) Concurrent Mark Cycle 220.177ms
[129.451s][info][gc       ] GC(146) Pause Young (Prepare Mixed) (G1 Evacuation Pause) 867M->566M(924M) 4.805ms
[129.451s][info][safepoint] Safepoint "G1CollectForAllocation", Time since last: 180352200 ns, Reaching safepoint: 37600 ns, At safepoint: 4841500 ns, Leaving safepoint: 19200 ns, Total: 4898300 ns, Threads: 13 runnable, 62 total
[129.842s][info][gc       ] GC(147) Pause Young (Mixed) (G1 Evacuation Pause) 874M->559M(932M) 5.500ms
[129.842s][info][safepoint] Safepoint "G1CollectForAllocation", Time since last: 385466300 ns, Reaching safepoint: 19200 ns, At safepoint: 5544500 ns, Leaving safepoint: 19300 ns, Total: 5583000 ns, Threads: 11 runnable, 62 total
[130.256s][info][gc       ] GC(148) Pause Young (Concurrent Start) (G1 Evacuation Pause) 881M->569M(932M) 3.808ms
[130.256s][info][gc       ] GC(149) Concurrent Mark Cycle
[130.256s][info][safepoint] Safepoint "G1CollectForAllocation", Time since last: 409941200 ns, Reaching safepoint: 14800 ns, At safepoint: 3852100 ns, Leaving safepoint: 9900 ns, Total: 3876800 ns, Threads: 3 runnable, 60 total
[130.433s][info][gc       ] GC(149) Pause Remark 680M->680M(954M) 2.206ms
[130.433s][info][safepoint] Safepoint "G1PauseRemark", Time since last: 175041100 ns, Reaching safepoint: 25800 ns, At safepoint: 2237700 ns, Leaving safepoint: 8500 ns, Total: 2272000 ns, Threads: 4 runnable, 60 total
[130.500s][info][gc       ] GC(149) Pause Cleanup 737M->737M(954M) 0.041ms
[130.500s][info][safepoint] Safepoint "G1PauseCleanup", Time since last: 66493100 ns, Reaching safepoint: 18200 ns, At safepoint: 71000 ns, Leaving safepoint: 11400 ns, Total: 100600 ns, Threads: 7 runnable, 60 total
[130.500s][info][gc       ] GC(149) Concurrent Mark Cycle 244.476ms
[130.816s][info][gc       ] GC(150) Pause Young (Prepare Mixed) (G1 Evacuation Pause) 879M->576M(954M) 4.265ms
[130.816s][info][safepoint] Safepoint "G1CollectForAllocation", Time since last: 311491000 ns, Reaching safepoint: 14900 ns, At safepoint: 4307000 ns, Leaving safepoint: 7000 ns, Total: 4328900 ns, Threads: 1 runnable, 60 total
[132.923s][info][gc       ] GC(151) Pause Young (Mixed) (G1 Evacuation Pause) 902M->557M(966M) 5.406ms
[132.923s][info][safepoint] Safepoint "G1CollectForAllocation", Time since last: 2101966600 ns, Reaching safepoint: 5000 ns, At safepoint: 5445900 ns, Leaving safepoint: 5900 ns, Total: 5456800 ns, Threads: 0 runnable, 57 total
[134.770s][info][gc       ] GC(152) Pause Young (Concurrent Start) (G1 Evacuation Pause) 913M->557M(966M) 2.572ms
[134.770s][info][gc       ] GC(153) Concurrent Mark Cycle
[134.770s][info][safepoint] Safepoint "G1CollectForAllocation", Time since last: 1843789300 ns, Reaching safepoint: 4300 ns, At safepoint: 2609700 ns, Leaving safepoint: 5400 ns, Total: 2619400 ns, Threads: 0 runnable, 57 total
[134.921s][info][gc       ] GC(153) Pause Remark 586M->586M(966M) 2.298ms
[134.921s][info][safepoint] Safepoint "G1PauseRemark", Time since last: 148784700 ns, Reaching safepoint: 6300 ns, At safepoint: 2329500 ns, Leaving safepoint: 3900 ns, Total: 2339700 ns, Threads: 0 runnable, 57 total
[134.970s][info][gc       ] GC(153) Pause Cleanup 594M->594M(966M) 0.038ms
[134.970s][info][safepoint] Safepoint "G1PauseCleanup", Time since last: 49722200 ns, Reaching safepoint: 3700 ns, At safepoint: 70000 ns, Leaving safepoint: 3800 ns, Total: 77500 ns, Threads: 0 runnable, 57 total
[134.971s][info][gc       ] GC(153) Concurrent Mark Cycle 201.379ms
[136.471s][info][gc       ] GC(154) Pause Young (Prepare Mixed) (G1 Evacuation Pause) 913M->556M(966M) 2.448ms
[136.471s][info][safepoint] Safepoint "G1CollectForAllocation", Time since last: 1497767500 ns, Reaching safepoint: 4200 ns, At safepoint: 2483200 ns, Leaving safepoint: 7100 ns, Total: 2494500 ns, Threads: 0 runnable, 57 total
[137.958s][info][gc       ] GC(155) Pause Young (Mixed) (G1 Evacuation Pause) 914M->547M(966M) 3.743ms
[137.958s][info][safepoint] Safepoint "G1CollectForAllocation", Time since last: 1483078500 ns, Reaching safepoint: 4600 ns, At safepoint: 3776800 ns, Leaving safepoint: 5800 ns, Total: 3787200 ns, Threads: 0 runnable, 58 total
[139.480s][info][gc       ] GC(156) Pause Young (Concurrent Start) (G1 Evacuation Pause) 915M->547M(966M) 2.272ms
[139.480s][info][gc       ] GC(157) Concurrent Mark Cycle
[139.480s][info][safepoint] Safepoint "G1CollectForAllocation", Time since last: 1520183300 ns, Reaching safepoint: 4100 ns, At safepoint: 2309900 ns, Leaving safepoint: 7700 ns, Total: 2321700 ns, Threads: 0 runnable, 58 total
[139.621s][info][gc       ] GC(157) Pause Remark 570M->570M(966M) 2.044ms
[139.621s][info][safepoint] Safepoint "G1PauseRemark", Time since last: 138642800 ns, Reaching safepoint: 15900 ns, At safepoint: 2078600 ns, Leaving safepoint: 4000 ns, Total: 2098500 ns, Threads: 1 runnable, 58 total
[139.671s][info][gc       ] GC(157) Pause Cleanup 578M->578M(966M) 0.042ms
[139.671s][info][safepoint] Safepoint "G1PauseCleanup", Time since last: 49815500 ns, Reaching safepoint: 14500 ns, At safepoint: 89100 ns, Leaving safepoint: 5300 ns, Total: 108900 ns, Threads: 1 runnable, 58 total
[139.671s][info][gc       ] GC(157) Concurrent Mark Cycle 191.130ms
[141.639s][info][gc       ] GC(158) Pause Young (Prepare Mixed) (G1 Evacuation Pause) 915M->547M(966M) 2.325ms
[141.639s][info][safepoint] Safepoint "G1CollectForAllocation", Time since last: 1966005300 ns, Reaching safepoint: 16300 ns, At safepoint: 2361400 ns, Leaving safepoint: 6500 ns, Total: 2384200 ns, Threads: 1 runnable, 58 total
[143.981s][info][gc       ] GC(159) Pause Young (Mixed) (G1 Evacuation Pause) 915M->543M(966M) 3.664ms
[143.981s][info][safepoint] Safepoint "G1CollectForAllocation", Time since last: 2338590600 ns, Reaching safepoint: 25500 ns, At safepoint: 3697200 ns, Leaving safepoint: 14300 ns, Total: 3737000 ns, Threads: 7 runnable, 57 total
[146.196s][info][gc       ] GC(160) Pause Young (Concurrent Start) (G1 Evacuation Pause) 913M->541M(966M) 2.411ms
[146.196s][info][gc       ] GC(161) Concurrent Mark Cycle
[146.196s][info][safepoint] Safepoint "G1CollectForAllocation", Time since last: 2211726300 ns, Reaching safepoint: 4700 ns, At safepoint: 2448600 ns, Leaving safepoint: 5000 ns, Total: 2458300 ns, Threads: 0 runnable, 57 total
[146.357s][info][gc       ] GC(161) Pause Remark 564M->564M(966M) 2.451ms
[146.357s][info][safepoint] Safepoint "G1PauseRemark", Time since last: 158978300 ns, Reaching safepoint: 8500 ns, At safepoint: 2479900 ns, Leaving safepoint: 4600 ns, Total: 2493000 ns, Threads: 0 runnable, 57 total
[146.410s][info][gc       ] GC(161) Pause Cleanup 572M->572M(966M) 0.038ms
[146.410s][info][safepoint] Safepoint "G1PauseCleanup", Time since last: 52409400 ns, Reaching safepoint: 15000 ns, At safepoint: 74000 ns, Leaving safepoint: 3700 ns, Total: 92700 ns, Threads: 1 runnable, 57 total
[146.410s][info][gc       ] GC(161) Concurrent Mark Cycle 214.504ms
[148.315s][info][gc       ] GC(162) Pause Young (Prepare Mixed) (G1 Evacuation Pause) 913M->542M(966M) 2.364ms
[148.316s][info][safepoint] Safepoint "G1CollectForAllocation", Time since last: 1903458300 ns, Reaching safepoint: 4300 ns, At safepoint: 2401700 ns, Leaving safepoint: 5100 ns, Total: 2411100 ns, Threads: 0 runnable, 57 total
[150.697s][info][gc       ] GC(163) Pause Young (Mixed) (G1 Evacuation Pause) 914M->537M(966M) 3.684ms
[150.697s][info][safepoint] Safepoint "G1CollectForAllocation", Time since last: 2378124600 ns, Reaching safepoint: 4500 ns, At safepoint: 3729700 ns, Leaving safepoint: 7000 ns, Total: 3741200 ns, Threads: 0 runnable, 57 total
[153.171s][info][gc       ] GC(164) Pause Young (Concurrent Start) (G1 Evacuation Pause) 915M->537M(966M) 2.328ms
[153.171s][info][gc       ] GC(165) Concurrent Mark Cycle
[153.171s][info][safepoint] Safepoint "G1CollectForAllocation", Time since last: 2471462600 ns, Reaching safepoint: 15100 ns, At safepoint: 2366500 ns, Leaving safepoint: 6400 ns, Total: 2388000 ns, Threads: 1 runnable, 57 total
[153.307s][info][gc       ] GC(165) Pause Remark 558M->558M(966M) 2.095ms
[153.307s][info][safepoint] Safepoint "G1PauseRemark", Time since last: 133661000 ns, Reaching safepoint: 4700 ns, At safepoint: 2132500 ns, Leaving safepoint: 4200 ns, Total: 2141400 ns, Threads: 0 runnable, 57 total
[153.359s][info][gc       ] GC(165) Pause Cleanup 566M->566M(966M) 0.040ms
[153.359s][info][safepoint] Safepoint "G1PauseCleanup", Time since last: 52009400 ns, Reaching safepoint: 15000 ns, At safepoint: 82000 ns, Leaving safepoint: 4300 ns, Total: 101300 ns, Threads: 1 runnable, 57 total
[153.360s][info][gc       ] GC(165) Concurrent Mark Cycle 188.409ms
[155.429s][info][gc       ] GC(166) Pause Young (Prepare Mixed) (G1 Evacuation Pause) 913M->537M(966M) 2.589ms
[155.429s][info][safepoint] Safepoint "G1CollectForAllocation", Time since last: 2067704600 ns, Reaching safepoint: 4400 ns, At safepoint: 2628000 ns, Leaving safepoint: 7200 ns, Total: 2639600 ns, Threads: 0 runnable, 57 total
[157.831s][info][gc       ] GC(167) Pause Young (Mixed) (G1 Evacuation Pause) 915M->534M(966M) 3.513ms
[157.831s][info][safepoint] Safepoint "G1CollectForAllocation", Time since last: 2397997900 ns, Reaching safepoint: 3900 ns, At safepoint: 3550200 ns, Leaving safepoint: 6600 ns, Total: 3560700 ns, Threads: 0 runnable, 57 total
[157.948s][info][gc       ] GC(168) Pause Young (Concurrent Start) (G1 Humongous Allocation) 554M->535M(966M) 2.191ms
[157.948s][info][gc       ] GC(169) Concurrent Mark Cycle
[157.948s][info][safepoint] Safepoint "G1TryInitiateConcMark", Time since last: 114279700 ns, Reaching safepoint: 3500 ns, At safepoint: 2223600 ns, Leaving safepoint: 6200 ns, Total: 2233300 ns, Threads: 0 runnable, 57 total
[158.132s][info][gc       ] GC(169) Pause Remark 616M->616M(966M) 2.334ms
[158.132s][info][safepoint] Safepoint "G1PauseRemark", Time since last: 182371400 ns, Reaching safepoint: 106200 ns, At safepoint: 2370600 ns, Leaving safepoint: 11000 ns, Total: 2487800 ns, Threads: 1 runnable, 67 total
[158.178s][info][gc       ] GC(169) Pause Cleanup 635M->635M(966M) 0.033ms
[158.178s][info][safepoint] Safepoint "G1PauseCleanup", Time since last: 45332400 ns, Reaching safepoint: 4400 ns, At safepoint: 63000 ns, Leaving safepoint: 6300 ns, Total: 73700 ns, Threads: 0 runnable, 67 total
[158.178s][info][gc       ] GC(169) Concurrent Mark Cycle 230.768ms
[158.715s][info][gc       ] GC(170) Pause Young (Prepare Mixed) (G1 Evacuation Pause) 923M->535M(966M) 1.802ms
[158.715s][info][safepoint] Safepoint "G1CollectForAllocation", Time since last: 535693100 ns, Reaching safepoint: 4900 ns, At safepoint: 1836800 ns, Leaving safepoint: 5200 ns, Total: 1846900 ns, Threads: 0 runnable, 64 total
[159.447s][info][gc       ] GC(171) Pause Young (Mixed) (G1 Evacuation Pause) 913M->531M(966M) 2.444ms
[159.447s][info][safepoint] Safepoint "G1CollectForAllocation", Time since last: 729258900 ns, Reaching safepoint: 14300 ns, At safepoint: 2474500 ns, Leaving safepoint: 7500 ns, Total: 2496300 ns, Threads: 1 runnable, 62 total
[160.133s][info][gc       ] GC(172) Pause Young (Concurrent Start) (G1 Evacuation Pause) 913M->532M(966M) 1.353ms
[160.133s][info][gc       ] GC(173) Concurrent Mark Cycle
[160.133s][info][safepoint] Safepoint "G1CollectForAllocation", Time since last: 684756500 ns, Reaching safepoint: 4800 ns, At safepoint: 1390800 ns, Leaving safepoint: 4700 ns, Total: 1400300 ns, Threads: 0 runnable, 61 total
[160.283s][info][gc       ] GC(173) Pause Remark 615M->615M(966M) 2.237ms
[160.283s][info][safepoint] Safepoint "G1PauseRemark", Time since last: 147825200 ns, Reaching safepoint: 15800 ns, At safepoint: 2267800 ns, Leaving safepoint: 3800 ns, Total: 2287400 ns, Threads: 1 runnable, 61 total
[160.336s][info][gc       ] GC(173) Pause Cleanup 642M->642M(966M) 0.035ms
[160.336s][info][safepoint] Safepoint "G1PauseCleanup", Time since last: 52211900 ns, Reaching safepoint: 15400 ns, At safepoint: 67900 ns, Leaving safepoint: 3500 ns, Total: 86800 ns, Threads: 1 runnable, 61 total
[160.336s][info][gc       ] GC(173) Concurrent Mark Cycle 202.878ms
[160.823s][info][gc       ] GC(174) Pause Young (Prepare Mixed) (G1 Evacuation Pause) 914M->533M(966M) 1.225ms
[160.823s][info][safepoint] Safepoint "G1CollectForAllocation", Time since last: 486432600 ns, Reaching safepoint: 4700 ns, At safepoint: 1264400 ns, Leaving safepoint: 5100 ns, Total: 1274200 ns, Threads: 0 runnable, 63 total
[161.484s][info][gc       ] GC(175) Pause Young (Mixed) (G1 Evacuation Pause) 915M->527M(966M) 2.029ms
[161.484s][info][safepoint] Safepoint "G1CollectForAllocation", Time since last: 658901600 ns, Reaching safepoint: 6000 ns, At safepoint: 2061300 ns, Leaving safepoint: 5500 ns, Total: 2072800 ns, Threads: 0 runnable, 61 total
[162.131s][info][gc       ] GC(176) Pause Young (Concurrent Start) (G1 Evacuation Pause) 913M->528M(966M) 1.519ms
[162.131s][info][gc       ] GC(177) Concurrent Mark Cycle
[162.131s][info][safepoint] Safepoint "G1CollectForAllocation", Time since last: 644680700 ns, Reaching safepoint: 8300 ns, At safepoint: 1556700 ns, Leaving safepoint: 5900 ns, Total: 1570900 ns, Threads: 0 runnable, 60 total
[162.290s][info][gc       ] GC(177) Pause Remark 614M->614M(966M) 2.637ms
[162.290s][info][safepoint] Safepoint "G1PauseRemark", Time since last: 156640100 ns, Reaching safepoint: 5800 ns, At safepoint: 2669200 ns, Leaving safepoint: 5200 ns, Total: 2680200 ns, Threads: 1 runnable, 60 total
[162.342s][info][gc       ] GC(177) Pause Cleanup 641M->641M(966M) 0.036ms
[162.342s][info][safepoint] Safepoint "G1PauseCleanup", Time since last: 52041900 ns, Reaching safepoint: 4600 ns, At safepoint: 67000 ns, Leaving safepoint: 3600 ns, Total: 75200 ns, Threads: 0 runnable, 60 total
[162.343s][info][gc       ] GC(177) Concurrent Mark Cycle 211.934ms
[162.794s][info][gc       ] GC(178) Pause Young (Prepare Mixed) (G1 Evacuation Pause) 914M->529M(966M) 1.385ms
[162.794s][info][safepoint] Safepoint "G1CollectForAllocation", Time since last: 450793700 ns, Reaching safepoint: 4900 ns, At safepoint: 1430200 ns, Leaving safepoint: 7000 ns, Total: 1442100 ns, Threads: 0 runnable, 60 total
[163.426s][info][gc       ] GC(179) Pause Young (Mixed) (G1 Evacuation Pause) 919M->524M(966M) 2.081ms
[163.426s][info][safepoint] Safepoint "G1CollectForAllocation", Time since last: 629809900 ns, Reaching safepoint: 9000 ns, At safepoint: 2120600 ns, Leaving safepoint: 7800 ns, Total: 2137400 ns, Threads: 1 runnable, 60 total
[164.069s][info][gc       ] GC(180) Pause Young (Concurrent Start) (G1 Evacuation Pause) 914M->525M(966M) 1.515ms
[164.069s][info][gc       ] GC(181) Concurrent Mark Cycle
[164.069s][info][safepoint] Safepoint "G1CollectForAllocation", Time since last: 641561800 ns, Reaching safepoint: 4100 ns, At safepoint: 1551500 ns, Leaving safepoint: 5000 ns, Total: 1560600 ns, Threads: 0 runnable, 60 total
[164.221s][info][gc       ] GC(182) Pause Young (Normal) (G1 Evacuation Pause) 915M->555M(966M) 6.603ms
[164.221s][info][safepoint] Safepoint "G1CollectForAllocation", Time since last: 144489700 ns, Reaching safepoint: 65400 ns, At safepoint: 6640600 ns, Leaving safepoint: 22000 ns, Total: 6728000 ns, Threads: 2 runnable, 67 total
[164.248s][info][gc       ] GC(181) Pause Remark 803M->803M(966M) 2.929ms
[164.248s][info][safepoint] Safepoint "G1PauseRemark", Time since last: 24122200 ns, Reaching safepoint: 178000 ns, At safepoint: 2962100 ns, Leaving safepoint: 16700 ns, Total: 3156800 ns, Threads: 9 runnable, 68 total
[164.268s][info][gc       ] GC(183) Pause Young (Normal) (G1 Evacuation Pause) 913M->583M(976M) 9.038ms
[164.268s][info][safepoint] Safepoint "G1CollectForAllocation", Time since last: 10805600 ns, Reaching safepoint: 201900 ns, At safepoint: 9083600 ns, Leaving safepoint: 28900 ns, Total: 9314400 ns, Threads: 5 runnable, 68 total
[164.327s][info][gc       ] GC(181) Pause Cleanup 801M->801M(976M) 0.039ms
[164.327s][info][safepoint] Safepoint "G1PauseCleanup", Time since last: 59115900 ns, Reaching safepoint: 5000 ns, At safepoint: 68000 ns, Leaving safepoint: 5300 ns, Total: 78300 ns, Threads: 0 runnable, 68 total
[164.328s][info][gc       ] GC(181) Concurrent Mark Cycle 258.389ms
