[02:08:57] [main/INFO]: Loading 52 mods:
	- fabric-api 0.161.0+26.2
	   |-- fabric-advancement-api-v1 1.0.0+58719a3b9e
	   |-- fabric-api-base 2.0.4+ece063239e
	   |-- fabric-api-lookup-api-v1 2.0.18+11e1c9a39e
	   |-- fabric-biome-api-v1 18.0.6+c7bd5b8e9e
	   |-- fabric-block-api-v1 3.1.0+53515aab9e
	   |-- fabric-block-getter-api-v2 2.0.7+ec56b6019e
	   |-- fabric-command-api-v2 3.1.0+00cb03469e
	   |-- fabric-content-registries-v0 11.3.2+37b1aa249e
	   |-- fabric-convention-tags-v2 4.7.1+1f023a9e9e
	   |-- fabric-crash-report-info-v1 1.0.5+086d547a9e
	   |-- fabric-creative-tab-api-v1 5.0.15+6468574f9e
	   |-- fabric-data-attachment-api-v1 2.2.19+515ac5339e
	   |-- fabric-data-generation-api-v1 25.6.0+c0da0b829e
	   |-- fabric-debug-api-v1 1.0.2+c792624d9e
	   |-- fabric-dimensions-v1 5.1.12+515ac5339e
	   |-- fabric-entity-events-v1 5.0.5+06488ac19e
	   |-- fabric-events-interaction-v0 5.2.8+515ac5339e
	   |-- fabric-game-rule-api-v1 4.0.8+46a6d00c9e
	   |-- fabric-item-api-v1 14.5.0+c68f6cbe9e
	   |-- fabric-key-mapping-api-v1 2.0.5+e2bdee789e
	   |-- fabric-lifecycle-events-v1 4.1.4+29b6eb019e
	   |-- fabric-loot-api-v3 3.0.17+06488ac19e
	   |-- fabric-menu-api-v1 2.0.17+086d547a9e
	   |-- fabric-message-api-v1 7.0.8+bb2ed3f79e
	   |-- fabric-model-loading-api-v1 8.0.17+c80601bb9e
	   |-- fabric-networking-api-v1 6.3.4+2989c6a09e
	   |-- fabric-object-builder-api-v1 24.1.1+6fcd5f039e
	   |-- fabric-particles-v1 5.0.19+d1756aa99e
	   |-- fabric-permission-api-v1 1.0.5+e442d8d09e
	   |-- fabric-recipe-api-v1 9.0.22+11e1c9a39e
	   |-- fabric-registry-sync-v0 7.1.1+c7bd5b8e9e
	   |-- fabric-renderer-api-v1 14.1.4+2b0d8a229e
	   |-- fabric-renderer-indigo 9.1.4+2b0d8a229e
	   |-- fabric-rendering-fluids-v1 6.0.4+06488ac19e
	   |-- fabric-rendering-v1 25.3.3+515ac5339e
	   |-- fabric-resource-conditions-api-v1 6.1.0+10e9a28b9e
	   |-- fabric-resource-loader-v0 3.3.20+4fc5413f9e
	   |-- fabric-resource-loader-v1 2.0.13+9edec1269e
	   |-- fabric-screen-api-v1 5.2.1+5087f8249e
	   |-- fabric-serialization-api-v1 2.0.4+11a26f319e
	   |-- fabric-sound-api-v1 2.0.5+11a26f319e
	   |-- fabric-tag-api-v1 2.1.4+515ac5339e
	   |-- fabric-transfer-api-v1 8.0.13+11dbb7d79e
	   \-- fabric-transitive-access-wideners-v1 8.1.4+67c847259e
	- fabricloader 0.19.5
	   \-- mixinextras 0.5.5
	- java 25
	- minecraft 26.2
	- rigtune 0.4.0-dev+mc26.2
	- rigtune-e2e-undo-driver 1.0.0
	- sodium 0.9.2+mc26.2
[02:08:58] [main/WARN]: Sodium has applied one or more workarounds to prevent crashes or other issues on your system: [AMD_GAME_OPTIMIZATION_BROKEN]
[02:08:58] [main/WARN]: This is not necessarily an issue, but it may result in certain features or optimizations being disabled. You can sometimes fix these issues by upgrading your graphics driver.
[02:08:59] [main/WARN]: Invalid registry value type detected for PerfOS counters. Should be REG_DWORD. Ignoring: HKEY_LOCAL_MACHINE\SYSTEM\CurrentControlSet\Services\PerfOS\Performance\Disable Performance Counters.
[02:08:59] [main/WARN]: Failed to add PDH Counter: \Paging File(_Total)\% Usage, Error code: 0xC0000BB8
[02:08:59] [main/WARN]: Failed to add counter for PDH counter: \Paging File(_Total)\% Usage
[02:08:59] [main/WARN]: COM exception: Invalid Query: SELECT PERCENTUSAGE FROM Win32_PerfRawData_PerfOS_PagingFile
[02:08:59] [main/ERROR]: Error reading performance data from registry for Process.
[02:09:00] [main/WARN]: Failed to locate performance object for Process in the registry. Performance counters may be corrupt. Pdh call failed with error code 0xC0000BB8
[02:09:00] [main/WARN]: COM exception: Invalid Query: SELECT NAME,PRIORITYBASE,ELAPSEDTIME,IDPROCESS,CREATINGPROCESSID,IOREADBYTESPERSEC,IOWRITEBYTESPERSEC,PRIVATEBYTES,PAGEFAULTSPERSEC FROM Win32_PerfRawData_PerfProc_Process WHERE NOT Name LIKE "%_Total"
[02:09:00] [main/WARN]: Failed to get system info for Process Loads
java.lang.NullPointerException: Cannot invoke "oshi.software.os.OSProcess.getUserTime()" because "process" is null
	at knot//net.minecraft.SystemReport.ignoreErrors(SystemReport.java:121)
	at knot//net.minecraft.SystemReport.ignoreErrors(SystemReport.java:121)
[02:09:00] [main/WARN]: Failed to get system info for Process Virtual Size (MiB)
java.lang.NullPointerException: Cannot invoke "oshi.software.os.OSProcess.getVirtualSize()" because "process" is null
	at knot//net.minecraft.SystemReport.ignoreErrors(SystemReport.java:121)
	at knot//net.minecraft.SystemReport.ignoreErrors(SystemReport.java:121)
[02:09:00] [main/WARN]: Failed to get system info for Process Resident Size (MiB)
java.lang.NullPointerException: Cannot invoke "oshi.software.os.OSProcess.getResidentSetSize()" because "process" is null
	at knot//net.minecraft.SystemReport.ignoreErrors(SystemReport.java:121)
	at knot//net.minecraft.SystemReport.ignoreErrors(SystemReport.java:121)
[02:09:03] [Download-2/ERROR]: Failed to fetch user properties
com.mojang.authlib.exceptions.AuthenticationUnavailableException
	at knot//com.mojang.authlib.exceptions.MinecraftClientException.toAuthenticationException(MinecraftClientException.java:29)
[02:09:03] [Yggdrasil Key Fetcher/ERROR]: Failed to request yggdrasil public key
com.mojang.authlib.exceptions.MinecraftClientException: Failed to read from https://api.minecraftservices.com/publickeys due to api.minecraftservices.com
Caused by: java.net.UnknownHostException: api.minecraftservices.com
[02:09:03] [Download-1/WARN]: Couldn't look up profile properties for 326096ef-db00-3744-84c9-0b71611a13c5
com.mojang.authlib.exceptions.MinecraftClientException: Failed to read from https://sessionserver.mojang.com/session/minecraft/profile/326096efdb00374484c90b71611a13c5?unsigned=false due to sessionserver.mojang.com
Caused by: java.net.UnknownHostException: sessionserver.mojang.com
[02:09:03] [Render thread/INFO]: [E2E] t+0.0s undo driver loaded, phase profile-check, output <run>\out
[02:09:04] [Download-1/ERROR]: Failed to fetch Realms feature flags
com.mojang.realmsclient.exception.RealmsServiceException: Realms service error (500) with message 'Could not connect to Realms: pc.realms.minecraft.net'
[02:09:04] [Render thread/INFO]: Reloading ResourceManager: vanilla, fabric-advancement-api-v1, fabric-api, fabric-api-base, fabric-api-lookup-api-v1, fabric-biome-api-v1, fabric-block-api-v1, fabric-block-getter-api-v2, fabric-command-api-v2, fabric-content-registries-v0, fabric-convention-tags-v2, fabric-crash-report-info-v1, fabric-creative-tab-api-v1, fabric-data-attachment-api-v1, fabric-data-generation-api-v1, fabric-debug-api-v1, fabric-dimensions-v1, fabric-entity-events-v1, fabric-events-interaction-v0, fabric-game-rule-api-v1, fabric-item-api-v1, fabric-key-mapping-api-v1, fabric-lifecycle-events-v1, fabric-loot-api-v3, fabric-menu-api-v1, fabric-message-api-v1, fabric-model-loading-api-v1, fabric-networking-api-v1, fabric-object-builder-api-v1, fabric-particles-v1, fabric-permission-api-v1, fabric-recipe-api-v1, fabric-registry-sync-v0, fabric-renderer-api-v1, fabric-renderer-indigo, fabric-rendering-fluids-v1, fabric-rendering-v1, fabric-resource-conditions-api-v1, fabric-resource-loader-v0, fabric-resource-loader-v1, fabric-screen-api-v1, fabric-serialization-api-v1, fabric-sound-api-v1, fabric-tag-api-v1, fabric-transfer-api-v1, fabric-transitive-access-wideners-v1, fabricloader, rigtune, sodium
[02:09:04] [RigTune worker/INFO]: RigTune: Java 25.0.4.1 (Eclipse Adoptium), G1 (Java's choice), 0 argument notes []
[02:09:04] [RigTune worker/INFO]: RigTune: launcher not recognised (generic memory advice)
[02:09:04] [RigTune worker/INFO]: Hardware: HardwareProfile[cpu=CpuInfo[name=AMD Ryzen 7 7800X3D 8-Core Processor, physicalCores=8, logicalCores=16, maxFreqMhz=4200], gpu=GpuInfo[vendorString=ATI Technologies Inc., renderer=AMD Radeon RX 7800 XT, driverVersion=3.3.0 Core Profile Context 26.8.1.260810, backend=OPENGL, vramMb=16368], totalRamMb=31849, maxHeapMb=7964, display=DisplayInfo[width=2560, height=1440, refreshRate=180, fullscreen=false], hasBattery=false, onBattery=false, osName=Windows 11 10.0, mcVersion=26.2, flags=[jvm-probed, jvm-gc-g1, sodium-workaround:AMD_GAME_OPTIMIZATION_BROKEN]]
[02:09:05] [Download-1/ERROR]: Couldn't connect to realms
com.mojang.realmsclient.exception.RealmsServiceException: Realms service error (500) with message 'Could not connect to Realms: pc.realms.minecraft.net'
[02:09:05] [RigTune worker/INFO]: Launch to title screen: 9223 ms (5 mods)
[02:09:07] [Render thread/INFO]: [E2E] t+3.6s title screen
[02:09:08] [Render thread/INFO]: [E2E] t+4.6s report ready (online=true)
[02:09:09] [ForkJoinPool.commonPool-worker-1/INFO]: RigTune startup footprint: preLaunch + init 78.3 ms on the render thread (CPU 76.8 ms), client start 12.7 ms; RigTune threads used 203.1 ms of CPU in the first 5 s
[02:09:10] [IO-Worker-1/INFO]: [E2E] t+6.7s screenshot e2e-profile-check-1-history.png: Saved screenshot as e2e-profile-check-1-history.png
[02:09:11] [Render thread/INFO]: [E2E] t+7.7s quitting
