==== before1 (launch before1; see README)
[13:11:52] [Render thread/INFO]: Dev fix calibration: step BEFORE; Sodium's Chunk Updates ZERO_FRAMES; record null
[13:11:54] [Render thread/INFO]: Dev fix calibration: monitor on; opening the benchmark world: true
[13:11:56] [Render thread/INFO]: Stutter Doctor: capture on (collector g1)
[13:11:59] [Render thread/INFO]: Dev fix calibration: in the benchmark world; 390 s of play, a teleport into new terrain every 20 s
[13:18:30] [Render thread/INFO]: Dev fix calibration: opened the Stutter Doctor
[13:18:30] [RigTune worker/INFO]: Dev fix calibration: evidence: claimed {gc=5.1830563146332755, chunkBuild=69.61690593951529, unknown=25.20003774585144} %, dominated spikes {gc=13, chunkBuild=184, unknown=2}, unmeasured [render], tags {chunksLoading=4.522613065326633, afterTeleport=85.42713567839196}; outcome SessionOutcome[sessions=1, gameplaySeconds=357.0, hitches=177, lostMs=7187.173945, bins=7, binMean=25.285714285714285, binVariance=131.57142857142858]; excluded false; offers {stutter-sodium-defer=Offer[adviceId=stutter-sodium-defer, key=sodium.performance.chunk_build_defer_mode, from=ZERO_FRAMES, to=ALWAYS, now=false, profile=null]}
[13:18:35] [Render thread/INFO]: Dev fix calibration: report:
**RigTune Stutter Doctor** · session · Minecraft 26.2 · G1, 4096 MB heap
6:34 (5:57 of gameplay) · 38,595 frames · avg 2714 FPS · 1% low 112 FPS (over the last 0:14)
199 spikes (195 minor, 0 major, 3 severe, 1 freeze) in 177 hitches · 7.2 s lost
Likely causes (share of the lost time): garbage collection 5 %, chunk building 70 %; not explained 25 %
170 of 199 spikes happened during the 10 s after a teleport (not measured)
9 of 199 spikes happened while chunks were loading (not measured)
Worst: 1595 ms at 6:01; 456 ms at 5:59 (chunk building (medium)); 202 ms at 5:59
Advice: Frames wait for chunk updates
[13:18:35] [Render thread/INFO]: Dev fix calibration: advice [stutter-sodium-defer]; fixes {stutter-sodium-defer=Offer[adviceId=stutter-sodium-defer, key=sodium.performance.chunk_build_defer_mode, from=ZERO_FRAMES, to=ALWAYS, now=false, profile=null]}
[13:18:35] [Render thread/INFO]: Dev fix calibration: applying the offered fix: Fix staged: it takes effect after you restart Minecraft. Then play at least 5:57 with the Stutter Doctor on.
[13:18:35] [RigTune worker/INFO]: Dev fix calibration: evidence: claimed {gc=5.1830833032258745, chunkBuild=69.61726230440141, unknown=25.199654392372715} %, dominated spikes {gc=13, chunkBuild=184, unknown=2}, unmeasured [render], tags {chunksLoading=3.5175879396984926, afterTeleport=85.42713567839196}; outcome SessionOutcome[sessions=1, gameplaySeconds=357.0, hitches=177, lostMs=7187.136521, bins=7, binMean=25.285714285714285, binVariance=131.57142857142858]; excluded false; offers {}
[13:18:37] [Render thread/INFO]: Dev fix calibration: leaving the world
[13:18:37] [Render thread/INFO]: Stutter Doctor: capture off; GC listener removed, sampler stopped
[13:18:37] [RigTune worker/INFO]: Dev fix calibration: evidence: claimed {gc=5.1830833032258745, chunkBuild=69.61726230440141, unknown=25.199654392372715} %, dominated spikes {gc=13, chunkBuild=184, unknown=2}, unmeasured [render], tags {chunksLoading=3.5175879396984926, afterTeleport=85.42713567839196}; outcome SessionOutcome[sessions=1, gameplaySeconds=357.0, hitches=177, lostMs=7187.136521, bins=7, binMean=25.285714285714285, binVariance=131.57142857142858]; excluded false; offers {}
[13:18:37] [RigTune worker/INFO]: Stutter Doctor: session saved (OK): 199 spikes in 357 s of gameplay, phase timing ok (per-frame baselines: packets 1.0 us, ticks 0.3 us, render 387.0 us; timers seen 1111111), GC offset 17.9 ms
[13:18:42] [Render thread/INFO]: Dev fix calibration: before step done; stopping the client

==== after1 (launch after1; see README)
[13:24:58] [Render thread/INFO]: Dev fix calibration: step AFTER; Sodium's Chunk Updates ALWAYS; record Record[entryId=976b79b1-db2e-4f56-90b3-0e188ecb2fc6, adviceId=stutter-sodium-defer, key=sodium.performance.chunk_build_defer_mode, from=ZERO_FRAMES, to=ALWAYS, appliedAt=2026-09-28T03:18:35Z, rulesRevision=17, now=false, state=STAGED, before=SessionOutcome[sessions=1, gameplaySeconds=357.0, hitches=177, lostMs=7187.173945, bins=7, binMean=25.285714285714285, binVariance=131.57142857142858], conditions=FixConditions[mc=26.2, modSetHash=eca403c954078eb9287f46051c95a4b986b7d60ed52021a833562139e20b5ea6, heapMaxMb=4096, collector=g1, width=1280, height=720, fullscreen=false, world=SINGLEPLAYER, phaseTiming=true, gcMeasured=true, settings={vanilla.renderDistance=12, vanilla.simulationDistance=8, vanilla.entityDistanceScaling=1.0, vanilla.maxFps=260, vanilla.enableVsync=false, vanilla.inactivityFpsLimit=minimized, vanilla.particles=0, vanilla.biomeBlendRadius=2, vanilla.weatherRadius=10, vanilla.textureFiltering=0, vanilla.renderClouds=true, vanilla.prioritizeChunkUpdates=0, vanilla.improvedTransparency=false, vanilla.entityShadows=true, vanilla.cutoutLeaves=true, sodium.performance.use_fog_occlusion=true, sodium.performance.use_block_face_culling=true, sodium.performance.use_entity_culling=true, sodium.performance.animate_only_visible_textures=true, sodium.performance.chunk_builder_threads=0, sodium.performance.chunk_build_defer_mode=ZERO_FRAMES, sodium.performance.quad_splitting_mode=SAFE}], after=null, skipped=0, lastSkip=null, verdict=null, dismissed=false]
[13:24:58] [Render thread/INFO]: Dev fix calibration: monitor on; opening the benchmark world: true
[13:25:01] [Render thread/INFO]: Stutter Doctor: capture on (collector g1)
[13:25:01] [Render thread/INFO]: Dev fix calibration: in the benchmark world; 390 s of play, a teleport into new terrain every 20 s
[13:31:32] [Render thread/INFO]: Dev fix calibration: leaving the world
[13:31:32] [Render thread/INFO]: Stutter Doctor: capture off; GC listener removed, sampler stopped
[13:31:32] [RigTune worker/INFO]: Dev fix calibration: evidence: claimed {gc=7.137468664766826, unknown=92.86253133523317} %, dominated spikes {gc=8, unknown=100}, unmeasured [render], tags {chunksLoading=2.7777777777777777, afterTeleport=83.33333333333333}; outcome SessionOutcome[sessions=1, gameplaySeconds=127.3, hitches=89, lostMs=3142.307876, bins=7, binMean=12.714285714285714, binVariance=370.90476190476187]; excluded false; offers {}
[13:31:32] [RigTune worker/INFO]: Stutter Doctor: session saved (OK): 108 spikes in 127 s of gameplay, phase timing ok (per-frame baselines: packets 0.3 us, ticks 0.1 us, render 351.8 us; timers seen 1111111), GC offset 17.7 ms
[13:31:38] [Render thread/INFO]: Dev fix calibration: record after the session: Record[entryId=976b79b1-db2e-4f56-90b3-0e188ecb2fc6, adviceId=stutter-sodium-defer, key=sodium.performance.chunk_build_defer_mode, from=ZERO_FRAMES, to=ALWAYS, appliedAt=2026-09-28T03:18:35Z, rulesRevision=17, now=false, state=MEASURING, before=SessionOutcome[sessions=1, gameplaySeconds=357.0, hitches=177, lostMs=7187.173945, bins=7, binMean=25.285714285714285, binVariance=131.57142857142858], conditions=FixConditions[mc=26.2, modSetHash=eca403c954078eb9287f46051c95a4b986b7d60ed52021a833562139e20b5ea6, heapMaxMb=4096, collector=g1, width=1280, height=720, fullscreen=false, world=SINGLEPLAYER, phaseTiming=true, gcMeasured=true, settings={vanilla.renderDistance=12, vanilla.simulationDistance=8, vanilla.entityDistanceScaling=1.0, vanilla.maxFps=260, vanilla.enableVsync=false, vanilla.inactivityFpsLimit=minimized, vanilla.particles=0, vanilla.biomeBlendRadius=2, vanilla.weatherRadius=10, vanilla.textureFiltering=0, vanilla.renderClouds=true, vanilla.prioritizeChunkUpdates=0, vanilla.improvedTransparency=false, vanilla.entityShadows=true, vanilla.cutoutLeaves=true, sodium.performance.use_fog_occlusion=true, sodium.performance.use_block_face_culling=true, sodium.performance.use_entity_culling=true, sodium.performance.animate_only_visible_textures=true, sodium.performance.chunk_builder_threads=0, sodium.performance.chunk_build_defer_mode=ZERO_FRAMES, sodium.performance.quad_splitting_mode=SAFE}], after=SessionOutcome[sessions=1, gameplaySeconds=127.3, hitches=89, lostMs=3142.307876, bins=7, binMean=12.714285714285714, binVariance=370.90476190476187], skipped=0, lastSkip=null, verdict=null, dismissed=false]
[13:31:38] [Render thread/INFO]: Dev fix calibration: undo plan: UndoPlan[all=false, undoOf=976b79b1-db2e-4f56-90b3-0e188ecb2fc6, items=[Item[description=Sodium: Chunk Updates: Deferred → Immediate, action=REVERT, reason=null, needsRestart=true, changeIds=[bd822876-cf70-4bc5-9fb6-ae3aba7384e8], opIds=[], descriptionText=Translatable[key=rigtune.undo.item.setting, fallback=%s: %s → %s, args=[Sodium: Chunk Updates, Deferred, Immediate]], reasonText=null]], at=2026-09-28T03:18:35.551742100Z, problem=null]
[13:31:38] [Render thread/INFO]: Dev fix calibration: undo: Undone: 0 now, 1 after a restart, 0 cancelled, 0 skipped.
[13:31:38] [Render thread/INFO]: Dev fix calibration: after step done; stopping the client

==== before2 (launch before2; see README)
[13:39:18] [Render thread/INFO]: Dev fix calibration: step BEFORE; Sodium's Chunk Updates ZERO_FRAMES; record null
[13:39:18] [Render thread/INFO]: Dev fix calibration: monitor on; opening the benchmark world: true
[13:39:20] [Render thread/INFO]: Stutter Doctor: capture on (collector g1)
[13:39:21] [Render thread/INFO]: Dev fix calibration: in the benchmark world; 390 s of play, a teleport into new terrain every 20 s
[13:45:51] [Render thread/INFO]: Dev fix calibration: opened the Stutter Doctor
[13:45:51] [RigTune worker/INFO]: Dev fix calibration: evidence: claimed {chunkBuild=92.46475647132662, gc=6.90238867384594, unknown=0.6328548548274362} %, dominated spikes {chunkBuild=235, gc=18}, unmeasured [render], tags {chunksLoading=15.019762845849803, afterTeleport=91.30434782608695}; outcome SessionOutcome[sessions=1, gameplaySeconds=380.3, hitches=216, lostMs=6696.509583, bins=7, binMean=30.857142857142858, binVariance=47.14285714285714]; excluded false; offers {stutter-sodium-defer=Offer[adviceId=stutter-sodium-defer, key=sodium.performance.chunk_build_defer_mode, from=ZERO_FRAMES, to=ALWAYS, now=false, profile=null]}
[13:45:56] [Render thread/INFO]: Dev fix calibration: report:
**RigTune Stutter Doctor** · session · Minecraft 26.2 · G1, 4096 MB heap
6:30 (6:20 of gameplay) · 131,071 frames · avg 2344 FPS · 1% low 211 FPS (over the last 0:56)
253 spikes (251 minor, 2 major, 0 severe, 0 freezes) in 216 hitches · 6.7 s lost
Likely causes (share of the lost time): garbage collection 7 %, chunk building 92 %; not explained 1 %
231 of 253 spikes happened during the 10 s after a teleport (not measured)
38 of 253 spikes happened while chunks were loading (not measured)
Worst: 70 ms at 1:21 (chunk building (medium), the 10 s after a teleport); 54 ms at 1:21 (garbage collection (high), chunk building (medium), the 10 s after a teleport); 50 ms at 1:11 (chunk building (medium))
Advice: Frames wait for chunk updates
[13:45:56] [Render thread/INFO]: Dev fix calibration: advice [stutter-sodium-defer]; fixes {stutter-sodium-defer=Offer[adviceId=stutter-sodium-defer, key=sodium.performance.chunk_build_defer_mode, from=ZERO_FRAMES, to=ALWAYS, now=false, profile=null]}
[13:45:56] [Render thread/INFO]: Dev fix calibration: applying the offered fix: Fix staged: it takes effect after you restart Minecraft. Then play at least 6:20 with the Stutter Doctor on.
[13:45:56] [RigTune worker/INFO]: Dev fix calibration: evidence: claimed {chunkBuild=92.46475647132662, gc=6.90238867384594, unknown=0.6328548548274362} %, dominated spikes {chunkBuild=235, gc=18}, unmeasured [render], tags {chunksLoading=15.019762845849803, afterTeleport=91.30434782608695}; outcome SessionOutcome[sessions=1, gameplaySeconds=380.3, hitches=216, lostMs=6696.509583, bins=7, binMean=30.857142857142858, binVariance=47.14285714285714]; excluded false; offers {}
[13:45:58] [Render thread/INFO]: Dev fix calibration: leaving the world
[13:45:58] [Render thread/INFO]: Stutter Doctor: capture off; GC listener removed, sampler stopped
[13:45:58] [RigTune worker/INFO]: Dev fix calibration: evidence: claimed {chunkBuild=92.46475647132662, gc=6.90238867384594, unknown=0.6328548548274362} %, dominated spikes {chunkBuild=235, gc=18}, unmeasured [render], tags {chunksLoading=15.019762845849803, afterTeleport=91.30434782608695}; outcome SessionOutcome[sessions=1, gameplaySeconds=380.3, hitches=216, lostMs=6696.509583, bins=7, binMean=30.857142857142858, binVariance=47.14285714285714]; excluded false; offers {}
[13:45:58] [RigTune worker/INFO]: Stutter Doctor: session saved (OK): 253 spikes in 380 s of gameplay, phase timing ok (per-frame baselines: packets 3.6 us, ticks 0.6 us, render 441.3 us; timers seen 1111111), GC offset 20.3 ms
[13:46:03] [Render thread/INFO]: Dev fix calibration: before step done; stopping the client

==== after2 (launch after2; see README)
[13:56:57] [Render thread/INFO]: Dev fix calibration: step AFTER; Sodium's Chunk Updates ALWAYS; record Record[entryId=e48482f8-3390-4fc0-8fbd-27fea4e0271f, adviceId=stutter-sodium-defer, key=sodium.performance.chunk_build_defer_mode, from=ZERO_FRAMES, to=ALWAYS, appliedAt=2026-09-28T03:45:56Z, rulesRevision=17, now=false, state=STAGED, before=SessionOutcome[sessions=1, gameplaySeconds=380.3, hitches=216, lostMs=6696.509583, bins=7, binMean=30.857142857142858, binVariance=47.14285714285714], conditions=FixConditions[mc=26.2, modSetHash=eca403c954078eb9287f46051c95a4b986b7d60ed52021a833562139e20b5ea6, heapMaxMb=4096, collector=g1, width=1280, height=720, fullscreen=false, world=SINGLEPLAYER, phaseTiming=true, gcMeasured=true, settings={vanilla.renderDistance=12, vanilla.simulationDistance=8, vanilla.entityDistanceScaling=1.0, vanilla.maxFps=260, vanilla.enableVsync=false, vanilla.inactivityFpsLimit=minimized, vanilla.particles=0, vanilla.biomeBlendRadius=2, vanilla.weatherRadius=10, vanilla.textureFiltering=0, vanilla.renderClouds=true, vanilla.prioritizeChunkUpdates=0, vanilla.improvedTransparency=false, vanilla.entityShadows=true, vanilla.cutoutLeaves=true, sodium.performance.use_fog_occlusion=true, sodium.performance.use_block_face_culling=true, sodium.performance.use_entity_culling=true, sodium.performance.animate_only_visible_textures=true, sodium.performance.chunk_builder_threads=0, sodium.performance.chunk_build_defer_mode=ZERO_FRAMES, sodium.performance.quad_splitting_mode=SAFE}], after=null, skipped=0, lastSkip=null, verdict=null, dismissed=false]
[13:56:58] [Render thread/INFO]: Dev fix calibration: monitor on; opening the benchmark world: true
[13:57:00] [Render thread/INFO]: Stutter Doctor: capture on (collector g1)
[13:57:00] [Render thread/INFO]: Dev fix calibration: in the benchmark world; 450 s of play, a teleport into new terrain every 20 s
[14:04:31] [Render thread/INFO]: Dev fix calibration: leaving the world
[14:04:31] [Render thread/INFO]: Stutter Doctor: capture off; GC listener removed, sampler stopped
[14:04:31] [RigTune worker/INFO]: Dev fix calibration: evidence: claimed {unknown=92.24215419820696, chunkBuild=0.7712190525203096, gc=6.9866267492727285} %, dominated spikes {unknown=241, chunkBuild=2, gc=18}, unmeasured [render], tags {afterTeleport=86.59003831417624, worldSave=0.3831417624521073, chunksLoading=9.195402298850574}; outcome SessionOutcome[sessions=1, gameplaySeconds=441.9, hitches=225, lostMs=6929.593327, bins=8, binMean=28.125, binVariance=64.98214285714286]; excluded false; offers {}
[14:04:31] [RigTune worker/INFO]: Stutter Doctor: session saved (OK): 261 spikes in 442 s of gameplay, phase timing ok (per-frame baselines: packets 0.0 us, ticks 0.0 us, render 8.2 us; timers seen 1111111), GC offset 16.6 ms
[14:04:37] [Render thread/INFO]: Dev fix calibration: record after the session: Record[entryId=e48482f8-3390-4fc0-8fbd-27fea4e0271f, adviceId=stutter-sodium-defer, key=sodium.performance.chunk_build_defer_mode, from=ZERO_FRAMES, to=ALWAYS, appliedAt=2026-09-28T03:45:56Z, rulesRevision=17, now=false, state=COMPARED, before=SessionOutcome[sessions=1, gameplaySeconds=380.3, hitches=216, lostMs=6696.509583, bins=7, binMean=30.857142857142858, binVariance=47.14285714285714], conditions=FixConditions[mc=26.2, modSetHash=eca403c954078eb9287f46051c95a4b986b7d60ed52021a833562139e20b5ea6, heapMaxMb=4096, collector=g1, width=1280, height=720, fullscreen=false, world=SINGLEPLAYER, phaseTiming=true, gcMeasured=true, settings={vanilla.renderDistance=12, vanilla.simulationDistance=8, vanilla.entityDistanceScaling=1.0, vanilla.maxFps=260, vanilla.enableVsync=false, vanilla.inactivityFpsLimit=minimized, vanilla.particles=0, vanilla.biomeBlendRadius=2, vanilla.weatherRadius=10, vanilla.textureFiltering=0, vanilla.renderClouds=true, vanilla.prioritizeChunkUpdates=0, vanilla.improvedTransparency=false, vanilla.entityShadows=true, vanilla.cutoutLeaves=true, sodium.performance.use_fog_occlusion=true, sodium.performance.use_block_face_culling=true, sodium.performance.use_entity_culling=true, sodium.performance.animate_only_visible_textures=true, sodium.performance.chunk_builder_threads=0, sodium.performance.chunk_build_defer_mode=ZERO_FRAMES, sodium.performance.quad_splitting_mode=SAFE}], after=SessionOutcome[sessions=1, gameplaySeconds=441.9, hitches=225, lostMs=6929.593327, bins=8, binMean=28.125, binVariance=64.98214285714286], skipped=0, lastSkip=null, verdict=Verdict[kind=SAME, beforePerMinute=34.07835919011307, afterPerMinute=30.549898167006113, lostBeforePerMinute=1056.5095318958715, lostAfterPerMinute=940.8816465716226, phi=1.9302253868580401, pLess=0.22965699108444523, pMore=0.808452046030658], dismissed=false]
[14:04:37] [Render thread/INFO]: Dev fix calibration: verdict SAME: before 34.08 hitches/min (1057 ms lost/min), after 30.55 (941); phi 1.930, pLess 0.229657, pMore 0.808452
[14:04:37] [Render thread/INFO]: Dev fix calibration: undo plan: UndoPlan[all=false, undoOf=e48482f8-3390-4fc0-8fbd-27fea4e0271f, items=[Item[description=Sodium: Chunk Updates: Deferred → Immediate, action=REVERT, reason=null, needsRestart=true, changeIds=[58641c82-09a3-4d03-9f28-8c547b273b45], opIds=[], descriptionText=Translatable[key=rigtune.undo.item.setting, fallback=%s: %s → %s, args=[Sodium: Chunk Updates, Deferred, Immediate]], reasonText=null]], at=2026-09-28T03:45:56.321713400Z, problem=null]
[14:04:37] [Render thread/INFO]: Dev fix calibration: undo: Undone: 0 now, 1 after a restart, 0 cancelled, 0 skipped.
[14:04:37] [Render thread/INFO]: Dev fix calibration: after step done; stopping the client

