[0.005s][info][gc] Using G1
[0.442s][info][gc] GC(0) Pause Young (Normal) (G1 Evacuation Pause) 61M->14M(500M) 1.914ms
[0.442s][info][safepoint] Safepoint "G1CollectForAllocation", Time since last: 428116400 ns, Reaching safepoint: 21800 ns, At safepoint: 1970400 ns, Leaving safepoint: 8500 ns, Total: 2000700 ns, Threads: 1 runnable, 17 total
[2.512s][info][gc       ] GC(1) Pause Young (Normal) (G1 Evacuation Pause) 252M->40M(500M) 7.113ms
[2.512s][info][safepoint] Safepoint "G1CollectForAllocation", Time since last: 2062306900 ns, Reaching safepoint: 2000 ns, At safepoint: 7167200 ns, Leaving safepoint: 7500 ns, Total: 7176700 ns, Threads: 0 runnable, 19 total
[2.835s][info][gc       ] GC(2) Pause Young (Concurrent Start) (Metadata GC Threshold) 238M->62M(500M) 6.654ms
[2.835s][info][gc       ] GC(3) Concurrent Mark Cycle
[2.835s][info][safepoint] Safepoint "CollectForMetadataAllocation", Time since last: 316588200 ns, Reaching safepoint: 43800 ns, At safepoint: 6704200 ns, Leaving safepoint: 15500 ns, Total: 6763500 ns, Threads: 1 runnable, 20 total
[2.846s][info][gc       ] GC(3) Pause Remark 64M->64M(220M) 1.180ms
[2.846s][info][safepoint] Safepoint "G1PauseRemark", Time since last: 9745900 ns, Reaching safepoint: 1700 ns, At safepoint: 1202300 ns, Leaving safepoint: 6700 ns, Total: 1210700 ns, Threads: 0 runnable, 20 total
[2.851s][info][gc       ] GC(3) Pause Cleanup 65M->65M(220M) 0.009ms
[2.851s][info][safepoint] Safepoint "G1PauseCleanup", Time since last: 4748800 ns, Reaching safepoint: 638500 ns, At safepoint: 29800 ns, Leaving safepoint: 7000 ns, Total: 675300 ns, Threads: 1 runnable, 20 total
[2.852s][info][gc       ] GC(3) Concurrent Mark Cycle 16.806ms
[3.445s][info][gc       ] GC(4) Pause Young (Prepare Mixed) (G1 Evacuation Pause) 172M->73M(220M) 7.403ms
[3.445s][info][safepoint] Safepoint "G1CollectForAllocation", Time since last: 586210100 ns, Reaching safepoint: 63900 ns, At safepoint: 7436300 ns, Leaving safepoint: 9500 ns, Total: 7509700 ns, Threads: 1 runnable, 20 total
[3.627s][info][gc       ] GC(5) Pause Young (Mixed) (G1 Evacuation Pause) 177M->103M(220M) 14.447ms
[3.627s][info][safepoint] Safepoint "G1CollectForAllocation", Time since last: 167869800 ns, Reaching safepoint: 3300 ns, At safepoint: 14487000 ns, Leaving safepoint: 16000 ns, Total: 14506300 ns, Threads: 0 runnable, 22 total
[8.620s][info][gc       ] GC(6) Pause Young (Normal) (G1 Evacuation Pause) 175M->112M(220M) 8.769ms
[8.620s][info][safepoint] Safepoint "G1CollectForAllocation", Time since last: 4984089200 ns, Reaching safepoint: 2200 ns, At safepoint: 8799500 ns, Leaving safepoint: 4600 ns, Total: 8806300 ns, Threads: 0 runnable, 15 total
[9.132s][info][gc       ] GC(7) Pause Young (Concurrent Start) (Metadata GC Threshold) 140M->115M(220M) 4.290ms
[9.132s][info][gc       ] GC(8) Concurrent Mark Cycle
[9.132s][info][safepoint] Safepoint "CollectForMetadataAllocation", Time since last: 507600800 ns, Reaching safepoint: 2600 ns, At safepoint: 4330200 ns, Leaving safepoint: 9000 ns, Total: 4341800 ns, Threads: 0 runnable, 16 total
[9.156s][info][safepoint] Safepoint "CollectForMetadataAllocation", Time since last: 23346700 ns, Reaching safepoint: 27500 ns, At safepoint: 8100 ns, Leaving safepoint: 9600 ns, Total: 45200 ns, Threads: 0 runnable, 16 total
[9.182s][info][gc       ] GC(8) Pause Remark 127M->127M(220M) 3.280ms
[9.182s][info][safepoint] Safepoint "G1PauseRemark", Time since last: 22901400 ns, Reaching safepoint: 22600 ns, At safepoint: 3310700 ns, Leaving safepoint: 8100 ns, Total: 3341400 ns, Threads: 1 runnable, 16 total
[9.197s][info][gc       ] GC(8) Pause Cleanup 130M->130M(220M) 0.013ms
[9.197s][info][safepoint] Safepoint "G1PauseCleanup", Time since last: 14953700 ns, Reaching safepoint: 12600 ns, At safepoint: 39900 ns, Leaving safepoint: 6500 ns, Total: 59000 ns, Threads: 1 runnable, 16 total
[9.197s][info][gc       ] GC(8) Concurrent Mark Cycle 64.794ms
[9.382s][info][gc       ] GC(9) Pause Young (Prepare Mixed) (G1 Evacuation Pause) 185M->117M(220M) 2.477ms
[9.382s][info][safepoint] Safepoint "G1CollectForAllocation", Time since last: 182192500 ns, Reaching safepoint: 2500 ns, At safepoint: 2510600 ns, Leaving safepoint: 6600 ns, Total: 2519700 ns, Threads: 0 runnable, 20 total
[9.715s][info][gc       ] GC(10) Pause Young (Mixed) (G1 Evacuation Pause) 191M->117M(220M) 4.275ms
[9.715s][info][safepoint] Safepoint "G1CollectForAllocation", Time since last: 328275600 ns, Reaching safepoint: 316000 ns, At safepoint: 4314300 ns, Leaving safepoint: 9100 ns, Total: 4639400 ns, Threads: 1 runnable, 22 total
[9.969s][info][gc       ] GC(11) Pause Young (Concurrent Start) (G1 Evacuation Pause) 193M->122M(276M) 6.375ms
[9.969s][info][gc       ] GC(12) Concurrent Mark Cycle
[9.969s][info][safepoint] Safepoint "G1CollectForAllocation", Time since last: 248446200 ns, Reaching safepoint: 1900 ns, At safepoint: 6419300 ns, Leaving safepoint: 12800 ns, Total: 6434000 ns, Threads: 0 runnable, 22 total
[10.014s][info][gc       ] GC(12) Pause Remark 138M->138M(276M) 3.819ms
[10.014s][info][safepoint] Safepoint "G1PauseRemark", Time since last: 40799400 ns, Reaching safepoint: 13100 ns, At safepoint: 3856600 ns, Leaving safepoint: 7700 ns, Total: 3877400 ns, Threads: 1 runnable, 22 total
[10.031s][info][gc       ] GC(12) Pause Cleanup 142M->142M(276M) 0.014ms
[10.031s][info][safepoint] Safepoint "G1PauseCleanup", Time since last: 16617100 ns, Reaching safepoint: 2600 ns, At safepoint: 41800 ns, Leaving safepoint: 3800 ns, Total: 48200 ns, Threads: 1 runnable, 22 total
[10.031s][info][gc       ] GC(12) Concurrent Mark Cycle 61.625ms
[10.164s][info][gc       ] GC(13) Pause Young (Prepare Mixed) (G1 Evacuation Pause) 240M->129M(276M) 7.848ms
[10.164s][info][safepoint] Safepoint "G1CollectForAllocation", Time since last: 125475400 ns, Reaching safepoint: 4000 ns, At safepoint: 7896000 ns, Leaving safepoint: 11800 ns, Total: 7911800 ns, Threads: 0 runnable, 22 total
[10.436s][info][gc       ] GC(14) Pause Young (Mixed) (G1 Evacuation Pause) 245M->134M(276M) 7.394ms
[10.436s][info][safepoint] Safepoint "G1CollectForAllocation", Time since last: 264085600 ns, Reaching safepoint: 3400 ns, At safepoint: 7436000 ns, Leaving safepoint: 16200 ns, Total: 7455600 ns, Threads: 0 runnable, 22 total
[10.811s][info][gc       ] GC(15) Pause Young (Normal) (G1 Evacuation Pause) 248M->138M(276M) 5.271ms
[10.811s][info][safepoint] Safepoint "G1CollectForAllocation", Time since last: 369502400 ns, Reaching safepoint: 3000 ns, At safepoint: 5304100 ns, Leaving safepoint: 7500 ns, Total: 5314600 ns, Threads: 0 runnable, 21 total
[11.137s][info][gc       ] GC(16) Pause Young (Concurrent Start) (G1 Evacuation Pause) 252M->142M(276M) 5.816ms
[11.137s][info][gc       ] GC(17) Concurrent Mark Cycle
[11.137s][info][safepoint] Safepoint "G1CollectForAllocation", Time since last: 320849200 ns, Reaching safepoint: 2100 ns, At safepoint: 5852200 ns, Leaving safepoint: 6800 ns, Total: 5861100 ns, Threads: 0 runnable, 21 total
[11.201s][info][gc       ] GC(17) Pause Remark 185M->185M(276M) 2.999ms
[11.201s][info][safepoint] Safepoint "G1PauseRemark", Time since last: 60511100 ns, Reaching safepoint: 12600 ns, At safepoint: 3028300 ns, Leaving safepoint: 3600 ns, Total: 3044500 ns, Threads: 1 runnable, 21 total
[11.221s][info][gc       ] GC(17) Pause Cleanup 198M->198M(276M) 0.011ms
[11.221s][info][safepoint] Safepoint "G1PauseCleanup", Time since last: 20150900 ns, Reaching safepoint: 12400 ns, At safepoint: 35500 ns, Leaving safepoint: 3000 ns, Total: 50900 ns, Threads: 1 runnable, 21 total
[11.221s][info][gc       ] GC(17) Concurrent Mark Cycle 83.894ms
[11.312s][info][gc       ] GC(18) Pause Young (Prepare Mixed) (G1 Evacuation Pause) 252M->147M(276M) 4.904ms
[11.312s][info][safepoint] Safepoint "G1CollectForAllocation", Time since last: 86390400 ns, Reaching safepoint: 2100 ns, At safepoint: 4935200 ns, Leaving safepoint: 15000 ns, Total: 4952300 ns, Threads: 0 runnable, 21 total
[11.655s][info][gc       ] GC(19) Pause Young (Mixed) (G1 Evacuation Pause) 255M->148M(380M) 6.500ms
[11.655s][info][safepoint] Safepoint "G1CollectForAllocation", Time since last: 335788300 ns, Reaching safepoint: 2500 ns, At safepoint: 6529200 ns, Leaving safepoint: 4800 ns, Total: 6536500 ns, Threads: 0 runnable, 21 total
[12.193s][info][gc       ] GC(20) Pause Young (Normal) (G1 Evacuation Pause) 350M->167M(380M) 6.607ms
[12.193s][info][safepoint] Safepoint "G1CollectForAllocation", Time since last: 531361400 ns, Reaching safepoint: 3100 ns, At safepoint: 6638600 ns, Leaving safepoint: 13300 ns, Total: 6655000 ns, Threads: 0 runnable, 25 total
[13.113s][info][gc       ] GC(21) Pause Young (Normal) (G1 Evacuation Pause) 345M->175M(380M) 7.850ms
[13.113s][info][safepoint] Safepoint "G1CollectForAllocation", Time since last: 912093600 ns, Reaching safepoint: 2100 ns, At safepoint: 7881000 ns, Leaving safepoint: 9400 ns, Total: 7892500 ns, Threads: 0 runnable, 27 total
[13.444s][info][gc       ] GC(22) Pause Young (Concurrent Start) (Metadata GC Threshold) 318M->183M(380M) 4.714ms
[13.444s][info][gc       ] GC(23) Concurrent Mark Cycle
[13.444s][info][safepoint] Safepoint "CollectForMetadataAllocation", Time since last: 326641800 ns, Reaching safepoint: 30900 ns, At safepoint: 4771000 ns, Leaving safepoint: 20200 ns, Total: 4822100 ns, Threads: 7 runnable, 47 total
[13.468s][info][safepoint] Safepoint "CollectForMetadataAllocation", Time since last: 22934100 ns, Reaching safepoint: 856500 ns, At safepoint: 8600 ns, Leaving safepoint: 45200 ns, Total: 910300 ns, Threads: 3 runnable, 47 total
[13.469s][info][safepoint] Safepoint "CollectForMetadataAllocation", Time since last: 1360700 ns, Reaching safepoint: 45900 ns, At safepoint: 3200 ns, Leaving safepoint: 15500 ns, Total: 64600 ns, Threads: 5 runnable, 47 total
[13.491s][info][safepoint] Safepoint "CollectForMetadataAllocation", Time since last: 21638200 ns, Reaching safepoint: 67900 ns, At safepoint: 8400 ns, Leaving safepoint: 17000 ns, Total: 93300 ns, Threads: 3 runnable, 47 total
[13.491s][info][safepoint] Safepoint "CollectForMetadataAllocation", Time since last: 149600 ns, Reaching safepoint: 43000 ns, At safepoint: 2500 ns, Leaving safepoint: 17600 ns, Total: 63100 ns, Threads: 5 runnable, 47 total
[13.492s][info][safepoint] Safepoint "CollectForMetadataAllocation", Time since last: 58800 ns, Reaching safepoint: 145700 ns, At safepoint: 2900 ns, Leaving safepoint: 21300 ns, Total: 169900 ns, Threads: 6 runnable, 47 total
[13.492s][info][safepoint] Safepoint "CollectForMetadataAllocation", Time since last: 58400 ns, Reaching safepoint: 100100 ns, At safepoint: 2000 ns, Leaving safepoint: 21800 ns, Total: 123900 ns, Threads: 8 runnable, 47 total
[13.492s][info][safepoint] Safepoint "CollectForMetadataAllocation", Time since last: 262500 ns, Reaching safepoint: 108300 ns, At safepoint: 2900 ns, Leaving safepoint: 16600 ns, Total: 127800 ns, Threads: 6 runnable, 47 total
[13.493s][info][safepoint] Safepoint "CollectForMetadataAllocation", Time since last: 786900 ns, Reaching safepoint: 138000 ns, At safepoint: 2900 ns, Leaving safepoint: 25900 ns, Total: 166800 ns, Threads: 10 runnable, 47 total
[13.493s][info][safepoint] Safepoint "CollectForMetadataAllocation", Time since last: 134300 ns, Reaching safepoint: 123600 ns, At safepoint: 2700 ns, Leaving safepoint: 22400 ns, Total: 148700 ns, Threads: 6 runnable, 47 total
[13.497s][info][safepoint] Safepoint "CollectForMetadataAllocation", Time since last: 3392300 ns, Reaching safepoint: 50500 ns, At safepoint: 2600 ns, Leaving safepoint: 18600 ns, Total: 71700 ns, Threads: 6 runnable, 47 total
[13.512s][info][safepoint] Safepoint "CollectForMetadataAllocation", Time since last: 14757600 ns, Reaching safepoint: 239000 ns, At safepoint: 4500 ns, Leaving safepoint: 16100 ns, Total: 259600 ns, Threads: 3 runnable, 47 total
[13.527s][info][safepoint] Safepoint "CollectForMetadataAllocation", Time since last: 14668200 ns, Reaching safepoint: 16400 ns, At safepoint: 2900 ns, Leaving safepoint: 19500 ns, Total: 38800 ns, Threads: 0 runnable, 47 total
[13.527s][info][safepoint] Safepoint "CollectForMetadataAllocation", Time since last: 300900 ns, Reaching safepoint: 23400 ns, At safepoint: 2600 ns, Leaving safepoint: 14000 ns, Total: 40000 ns, Threads: 2 runnable, 47 total
[13.528s][info][safepoint] Safepoint "CollectForMetadataAllocation", Time since last: 973900 ns, Reaching safepoint: 33900 ns, At safepoint: 8700 ns, Leaving safepoint: 15800 ns, Total: 58400 ns, Threads: 1 runnable, 47 total
[13.536s][info][gc       ] GC(23) Pause Remark 224M->224M(380M) 3.727ms
[13.536s][info][safepoint] Safepoint "G1PauseRemark", Time since last: 3860000 ns, Reaching safepoint: 151000 ns, At safepoint: 3751000 ns, Leaving safepoint: 18100 ns, Total: 3920100 ns, Threads: 7 runnable, 47 total
[13.563s][info][gc       ] GC(23) Pause Cleanup 235M->235M(380M) 0.024ms
[13.563s][info][safepoint] Safepoint "G1PauseCleanup", Time since last: 27094300 ns, Reaching safepoint: 136400 ns, At safepoint: 61100 ns, Leaving safepoint: 25300 ns, Total: 222800 ns, Threads: 5 runnable, 47 total
[13.564s][info][gc       ] GC(23) Concurrent Mark Cycle 119.431ms
[13.666s][info][gc       ] GC(24) Pause Young (Prepare Mixed) (G1 Evacuation Pause) (Evacuation Failure: Pinned) 349M->203M(386M) 7.065ms
[13.666s][info][safepoint] Safepoint "G1CollectForAllocation", Time since last: 95781100 ns, Reaching safepoint: 86400 ns, At safepoint: 7094700 ns, Leaving safepoint: 18800 ns, Total: 7199900 ns, Threads: 3 runnable, 51 total
[13.754s][info][gc       ] GC(25) Pause Young (Mixed) (G1 Evacuation Pause) 361M->208M(398M) 5.906ms
[13.754s][info][safepoint] Safepoint "G1CollectForAllocation", Time since last: 82191100 ns, Reaching safepoint: 14200 ns, At safepoint: 5951600 ns, Leaving safepoint: 17500 ns, Total: 5983300 ns, Threads: 3 runnable, 53 total
[13.876s][info][gc       ] GC(26) Pause Young (Concurrent Start) (G1 Evacuation Pause) 362M->215M(398M) 3.920ms
[13.876s][info][gc       ] GC(27) Concurrent Mark Cycle
[13.876s][info][safepoint] Safepoint "G1CollectForAllocation", Time since last: 117406600 ns, Reaching safepoint: 16800 ns, At safepoint: 3963700 ns, Leaving safepoint: 20300 ns, Total: 4000800 ns, Threads: 7 runnable, 53 total
[13.984s][info][gc       ] GC(27) Pause Remark 276M->276M(398M) 7.821ms
[13.984s][info][safepoint] Safepoint "G1PauseRemark", Time since last: 100046900 ns, Reaching safepoint: 261000 ns, At safepoint: 7855700 ns, Leaving safepoint: 20200 ns, Total: 8136900 ns, Threads: 9 runnable, 54 total
[14.015s][info][gc       ] GC(27) Pause Cleanup 292M->292M(398M) 0.025ms
[14.015s][info][safepoint] Safepoint "G1PauseCleanup", Time since last: 31313200 ns, Reaching safepoint: 81900 ns, At safepoint: 68700 ns, Leaving safepoint: 12700 ns, Total: 163300 ns, Threads: 8 runnable, 54 total
[14.016s][info][gc       ] GC(27) Concurrent Mark Cycle 139.977ms
[14.380s][info][gc       ] GC(28) Pause Young (Prepare Mixed) (G1 Evacuation Pause) 375M->244M(424M) 10.635ms
[14.380s][info][safepoint] Safepoint "G1CollectForAllocation", Time since last: 354194100 ns, Reaching safepoint: 3400 ns, At safepoint: 10679200 ns, Leaving safepoint: 7000 ns, Total: 10689600 ns, Threads: 0 runnable, 53 total
[22.106s][info][gc       ] GC(29) Pause Young (Mixed) (G1 Evacuation Pause) 374M->254M(588M) 7.119ms
[22.106s][info][safepoint] Safepoint "G1CollectForAllocation", Time since last: 7718476400 ns, Reaching safepoint: 44900 ns, At safepoint: 7153500 ns, Leaving safepoint: 10900 ns, Total: 7209300 ns, Threads: 2 runnable, 54 total
[22.366s][info][gc       ] GC(30) Pause Young (Normal) (G1 Evacuation Pause) 518M->259M(588M) 3.533ms
[22.366s][info][safepoint] Safepoint "G1CollectForAllocation", Time since last: 256817200 ns, Reaching safepoint: 6900 ns, At safepoint: 3566600 ns, Leaving safepoint: 13300 ns, Total: 3586800 ns, Threads: 0 runnable, 54 total
[22.617s][info][gc       ] GC(31) Pause Young (Normal) (G1 Evacuation Pause) 521M->267M(588M) 4.888ms
[22.617s][info][safepoint] Safepoint "G1CollectForAllocation", Time since last: 245600200 ns, Reaching safepoint: 6400 ns, At safepoint: 4919100 ns, Leaving safepoint: 6700 ns, Total: 4932200 ns, Threads: 0 runnable, 54 total
[23.542s][info][gc       ] GC(32) Pause Young (Concurrent Start) (G1 Evacuation Pause) 531M->287M(588M) 6.954ms
[23.542s][info][gc       ] GC(33) Concurrent Mark Cycle
[23.543s][info][safepoint] Safepoint "G1CollectForAllocation", Time since last: 918648200 ns, Reaching safepoint: 17000 ns, At safepoint: 7033900 ns, Leaving safepoint: 14800 ns, Total: 7065700 ns, Threads: 2 runnable, 59 total
[23.633s][info][gc       ] GC(33) Pause Remark 365M->365M(588M) 8.684ms
[23.633s][info][safepoint] Safepoint "G1PauseRemark", Time since last: 81981000 ns, Reaching safepoint: 4900 ns, At safepoint: 8717100 ns, Leaving safepoint: 10100 ns, Total: 8732100 ns, Threads: 1 runnable, 59 total
[23.659s][info][gc       ] GC(33) Pause Cleanup 383M->383M(588M) 0.017ms
[23.659s][info][safepoint] Safepoint "G1PauseCleanup", Time since last: 25702600 ns, Reaching safepoint: 4300 ns, At safepoint: 45700 ns, Leaving safepoint: 4700 ns, Total: 54700 ns, Threads: 2 runnable, 56 total
[23.659s][info][gc       ] GC(33) Concurrent Mark Cycle 117.007ms
[24.019s][info][gc       ] GC(34) Pause Young (Prepare Mixed) (G1 Evacuation Pause) 533M->298M(588M) 6.495ms
[24.019s][info][safepoint] Safepoint "G1CollectForAllocation", Time since last: 353266800 ns, Reaching safepoint: 3400 ns, At safepoint: 6531900 ns, Leaving safepoint: 8700 ns, Total: 6544000 ns, Threads: 0 runnable, 56 total
[24.860s][info][gc       ] GC(35) Pause Young (Mixed) (G1 Evacuation Pause) 536M->307M(588M) 4.301ms
[24.860s][info][safepoint] Safepoint "G1CollectForAllocation", Time since last: 836829600 ns, Reaching safepoint: 4200 ns, At safepoint: 4342400 ns, Leaving safepoint: 9400 ns, Total: 4356000 ns, Threads: 0 runnable, 64 total
[25.264s][info][gc       ] GC(36) Pause Young (Concurrent Start) (G1 Evacuation Pause) 541M->320M(588M) 5.023ms
[25.264s][info][gc       ] GC(37) Concurrent Mark Cycle
[25.264s][info][safepoint] Safepoint "G1CollectForAllocation", Time since last: 399337400 ns, Reaching safepoint: 26400 ns, At safepoint: 5069100 ns, Leaving safepoint: 21700 ns, Total: 5117200 ns, Threads: 5 runnable, 64 total
[25.395s][info][gc       ] GC(37) Pause Remark 417M->417M(588M) 11.051ms
[25.395s][info][safepoint] Safepoint "G1PauseRemark", Time since last: 119806600 ns, Reaching safepoint: 6800 ns, At safepoint: 11088300 ns, Leaving safepoint: 10900 ns, Total: 11106000 ns, Threads: 2 runnable, 64 total
[25.424s][info][gc       ] GC(37) Pause Cleanup 428M->428M(588M) 0.018ms
[25.424s][info][safepoint] Safepoint "G1PauseCleanup", Time since last: 28270300 ns, Reaching safepoint: 14500 ns, At safepoint: 51100 ns, Leaving safepoint: 2900 ns, Total: 68500 ns, Threads: 1 runnable, 64 total
[25.424s][info][gc       ] GC(37) Concurrent Mark Cycle 159.543ms
[25.781s][info][gc       ] GC(38) Pause Young (Prepare Mixed) (G1 Evacuation Pause) 542M->330M(588M) 3.838ms
[25.781s][info][safepoint] Safepoint "G1CollectForAllocation", Time since last: 353772900 ns, Reaching safepoint: 3800 ns, At safepoint: 3867800 ns, Leaving safepoint: 10800 ns, Total: 3882400 ns, Threads: 0 runnable, 63 total
[26.058s][info][gc       ] GC(39) Pause Young (Mixed) (G1 Evacuation Pause) 544M->345M(594M) 5.506ms
[26.058s][info][safepoint] Safepoint "G1CollectForAllocation", Time since last: 271156600 ns, Reaching safepoint: 39500 ns, At safepoint: 5539300 ns, Leaving safepoint: 21100 ns, Total: 5599900 ns, Threads: 13 runnable, 74 total
[26.426s][info][gc       ] GC(40) Pause Young (Concurrent Start) (G1 Evacuation Pause) 547M->359M(594M) 4.569ms
[26.426s][info][gc       ] GC(41) Concurrent Mark Cycle
[26.426s][info][safepoint] Safepoint "G1CollectForAllocation", Time since last: 363766100 ns, Reaching safepoint: 5200 ns, At safepoint: 4614000 ns, Leaving safepoint: 7000 ns, Total: 4626200 ns, Threads: 1 runnable, 75 total
[26.562s][info][gc       ] GC(41) Pause Remark 404M->404M(604M) 4.434ms
[26.562s][info][safepoint] Safepoint "G1PauseRemark", Time since last: 131333900 ns, Reaching safepoint: 18400 ns, At safepoint: 4466800 ns, Leaving safepoint: 17900 ns, Total: 4503100 ns, Threads: 10 runnable, 75 total
[26.616s][info][gc       ] GC(41) Pause Cleanup 439M->439M(604M) 0.024ms
[26.616s][info][safepoint] Safepoint "G1PauseCleanup", Time since last: 53650400 ns, Reaching safepoint: 18100 ns, At safepoint: 67300 ns, Leaving safepoint: 8600 ns, Total: 94000 ns, Threads: 2 runnable, 75 total
[26.616s][info][gc       ] GC(41) Concurrent Mark Cycle 190.022ms
[26.801s][info][gc       ] GC(42) Pause Young (Prepare Mixed) (G1 Evacuation Pause) 551M->366M(604M) 2.556ms
[26.801s][info][safepoint] Safepoint "G1CollectForAllocation", Time since last: 182455700 ns, Reaching safepoint: 5100 ns, At safepoint: 2588300 ns, Leaving safepoint: 6900 ns, Total: 2600300 ns, Threads: 0 runnable, 75 total
[27.089s][info][gc       ] GC(43) Pause Young (Mixed) (G1 Evacuation Pause) 562M->372M(604M) 4.001ms
[27.089s][info][safepoint] Safepoint "G1CollectForAllocation", Time since last: 284169700 ns, Reaching safepoint: 15600 ns, At safepoint: 4035900 ns, Leaving safepoint: 11800 ns, Total: 4063300 ns, Threads: 5 runnable, 75 total
[27.364s][info][gc       ] GC(44) Pause Young (Concurrent Start) (G1 Evacuation Pause) 566M->380M(604M) 3.088ms
[27.364s][info][gc       ] GC(45) Concurrent Mark Cycle
[27.364s][info][safepoint] Safepoint "G1CollectForAllocation", Time since last: 271995100 ns, Reaching safepoint: 6100 ns, At safepoint: 3127300 ns, Leaving safepoint: 6700 ns, Total: 3140100 ns, Threads: 0 runnable, 75 total
[27.481s][info][gc       ] GC(45) Pause Remark 420M->420M(640M) 10.407ms
[27.481s][info][safepoint] Safepoint "G1PauseRemark", Time since last: 105771800 ns, Reaching safepoint: 5100 ns, At safepoint: 10442900 ns, Leaving safepoint: 6400 ns, Total: 10454400 ns, Threads: 1 runnable, 75 total
[27.522s][info][gc       ] GC(45) Pause Cleanup 470M->470M(640M) 0.020ms
[27.522s][info][safepoint] Safepoint "G1PauseCleanup", Time since last: 41308700 ns, Reaching safepoint: 14600 ns, At safepoint: 52500 ns, Leaving safepoint: 2800 ns, Total: 69900 ns, Threads: 1 runnable, 74 total
[27.522s][info][gc       ] GC(45) Concurrent Mark Cycle 157.983ms
[27.699s][info][gc       ] GC(46) Pause Young (Prepare Mixed) (G1 Evacuation Pause) 566M->397M(640M) 3.513ms
[27.699s][info][safepoint] Safepoint "G1CollectForAllocation", Time since last: 173164100 ns, Reaching safepoint: 7500 ns, At safepoint: 3551400 ns, Leaving safepoint: 13600 ns, Total: 3572500 ns, Threads: 0 runnable, 73 total
[27.972s][info][gc       ] GC(47) Pause Young (Mixed) (G1 Evacuation Pause) 597M->405M(646M) 5.010ms
[27.972s][info][safepoint] Safepoint "G1CollectForAllocation", Time since last: 268014900 ns, Reaching safepoint: 30600 ns, At safepoint: 5048900 ns, Leaving safepoint: 19500 ns, Total: 5099000 ns, Threads: 14 runnable, 75 total
[28.356s][info][gc       ] GC(48) Pause Young (Concurrent Start) (G1 Evacuation Pause) 601M->411M(646M) 3.216ms
[28.356s][info][gc       ] GC(49) Concurrent Mark Cycle
[28.356s][info][safepoint] Safepoint "G1CollectForAllocation", Time since last: 380702400 ns, Reaching safepoint: 32400 ns, At safepoint: 3258900 ns, Leaving safepoint: 17800 ns, Total: 3309100 ns, Threads: 8 runnable, 75 total
[28.519s][info][gc       ] GC(49) Pause Remark 492M->492M(690M) 4.045ms
[28.519s][info][safepoint] Safepoint "G1PauseRemark", Time since last: 159383400 ns, Reaching safepoint: 4900 ns, At safepoint: 4079700 ns, Leaving safepoint: 9600 ns, Total: 4094200 ns, Threads: 0 runnable, 75 total
[28.568s][info][gc       ] GC(49) Pause Cleanup 510M->510M(690M) 0.024ms
[28.568s][info][safepoint] Safepoint "G1PauseCleanup", Time since last: 48104500 ns, Reaching safepoint: 14900 ns, At safepoint: 65000 ns, Leaving safepoint: 4400 ns, Total: 84300 ns, Threads: 2 runnable, 75 total
[28.568s][info][gc       ] GC(49) Concurrent Mark Cycle 212.216ms
[28.704s][info][gc       ] GC(50) Pause Young (Prepare Mixed) (G1 Evacuation Pause) 605M->418M(690M) 3.745ms
[28.704s][info][safepoint] Safepoint "G1CollectForAllocation", Time since last: 132562700 ns, Reaching safepoint: 5100 ns, At safepoint: 3777800 ns, Leaving safepoint: 11800 ns, Total: 3794700 ns, Threads: 2 runnable, 75 total
[29.117s][info][gc       ] GC(51) Pause Young (Mixed) (G1 Evacuation Pause) 648M->417M(690M) 4.040ms
[29.117s][info][safepoint] Safepoint "G1CollectForAllocation", Time since last: 409376000 ns, Reaching safepoint: 4900 ns, At safepoint: 4083600 ns, Leaving safepoint: 7000 ns, Total: 4095500 ns, Threads: 0 runnable, 75 total
[29.473s][info][gc       ] GC(52) Pause Young (Concurrent Start) (G1 Evacuation Pause) 651M->421M(690M) 2.674ms
[29.474s][info][gc       ] GC(53) Concurrent Mark Cycle
[29.474s][info][safepoint] Safepoint "G1CollectForAllocation", Time since last: 353345300 ns, Reaching safepoint: 5100 ns, At safepoint: 2723000 ns, Leaving safepoint: 4300 ns, Total: 2732400 ns, Threads: 0 runnable, 73 total
[29.592s][info][gc       ] GC(53) Pause Remark 461M->461M(704M) 6.130ms
[29.593s][info][safepoint] Safepoint "G1PauseRemark", Time since last: 112835100 ns, Reaching safepoint: 4900 ns, At safepoint: 6162900 ns, Leaving safepoint: 7600 ns, Total: 6175400 ns, Threads: 1 runnable, 73 total
[29.635s][info][gc       ] GC(53) Pause Cleanup 493M->493M(704M) 0.021ms
[29.635s][info][safepoint] Safepoint "G1PauseCleanup", Time since last: 42549500 ns, Reaching safepoint: 4400 ns, At safepoint: 52700 ns, Leaving safepoint: 3500 ns, Total: 60600 ns, Threads: 1 runnable, 73 total
[29.636s][info][gc       ] GC(53) Concurrent Mark Cycle 162.062ms
[29.895s][info][gc       ] GC(54) Pause Young (Prepare Mixed) (G1 Evacuation Pause) 651M->431M(704M) 3.989ms
[29.895s][info][safepoint] Safepoint "G1CollectForAllocation", Time since last: 256069200 ns, Reaching safepoint: 9500 ns, At safepoint: 4031900 ns, Leaving safepoint: 15000 ns, Total: 4056400 ns, Threads: 5 runnable, 73 total
[30.320s][info][gc       ] GC(55) Pause Young (Mixed) (G1 Evacuation Pause) 665M->435M(714M) 5.345ms
[30.320s][info][safepoint] Safepoint "G1CollectForAllocation", Time since last: 419208000 ns, Reaching safepoint: 19000 ns, At safepoint: 5381100 ns, Leaving safepoint: 17300 ns, Total: 5417400 ns, Threads: 8 runnable, 72 total
[30.633s][info][gc       ] GC(56) Pause Young (Concurrent Start) (G1 Evacuation Pause) 673M->445M(714M) 4.044ms
[30.633s][info][gc       ] GC(57) Concurrent Mark Cycle
[30.633s][info][safepoint] Safepoint "G1CollectForAllocation", Time since last: 309208800 ns, Reaching safepoint: 4900 ns, At safepoint: 4089900 ns, Leaving safepoint: 5900 ns, Total: 4100700 ns, Threads: 1 runnable, 72 total
[30.769s][info][gc       ] GC(57) Pause Remark 523M->523M(744M) 3.814ms
[30.769s][info][safepoint] Safepoint "G1PauseRemark", Time since last: 131905500 ns, Reaching safepoint: 5900 ns, At safepoint: 3844600 ns, Leaving safepoint: 5000 ns, Total: 3855500 ns, Threads: 1 runnable, 72 total
[30.809s][info][gc       ] GC(57) Pause Cleanup 538M->538M(744M) 0.024ms
[30.809s][info][safepoint] Safepoint "G1PauseCleanup", Time since last: 39698200 ns, Reaching safepoint: 19000 ns, At safepoint: 53600 ns, Leaving safepoint: 11600 ns, Total: 84200 ns, Threads: 2 runnable, 72 total
[30.809s][info][gc       ] GC(57) Concurrent Mark Cycle 176.201ms
[31.053s][info][gc       ] GC(58) Pause Young (Prepare Mixed) (G1 Evacuation Pause) 673M->454M(744M) 3.825ms
[31.053s][info][safepoint] Safepoint "G1CollectForAllocation", Time since last: 239968700 ns, Reaching safepoint: 4200 ns, At safepoint: 3860200 ns, Leaving safepoint: 7000 ns, Total: 3871400 ns, Threads: 0 runnable, 72 total
[31.384s][info][gc       ] GC(59) Pause Young (Mixed) (G1 Evacuation Pause) 702M->458M(752M) 4.881ms
[31.384s][info][safepoint] Safepoint "G1CollectForAllocation", Time since last: 326876700 ns, Reaching safepoint: 5300 ns, At safepoint: 4913200 ns, Leaving safepoint: 6700 ns, Total: 4925200 ns, Threads: 1 runnable, 71 total
[31.732s][info][gc       ] GC(60) Pause Young (Concurrent Start) (G1 Evacuation Pause) 710M->469M(752M) 3.943ms
[31.732s][info][gc       ] GC(61) Concurrent Mark Cycle
[31.732s][info][safepoint] Safepoint "G1CollectForAllocation", Time since last: 344019300 ns, Reaching safepoint: 4800 ns, At safepoint: 3984200 ns, Leaving safepoint: 8500 ns, Total: 3997500 ns, Threads: 0 runnable, 71 total
[31.904s][info][gc       ] GC(61) Pause Remark 626M->626M(784M) 5.833ms
[31.904s][info][safepoint] Safepoint "G1PauseRemark", Time since last: 165846500 ns, Reaching safepoint: 15700 ns, At safepoint: 5865200 ns, Leaving safepoint: 7800 ns, Total: 5888700 ns, Threads: 3 runnable, 71 total
[31.954s][info][gc       ] GC(61) Pause Cleanup 655M->655M(784M) 0.026ms
[31.954s][info][safepoint] Safepoint "G1PauseCleanup", Time since last: 49394100 ns, Reaching safepoint: 4300 ns, At safepoint: 54300 ns, Leaving safepoint: 500 ns, Total: 59100 ns, Threads: 0 runnable, 71 total
[31.954s][info][gc       ] GC(61) Concurrent Mark Cycle 221.694ms
[32.001s][info][gc       ] GC(62) Pause Young (Prepare Mixed) (G1 Evacuation Pause) 709M->479M(784M) 4.385ms
[32.001s][info][safepoint] Safepoint "G1CollectForAllocation", Time since last: 42928200 ns, Reaching safepoint: 26100 ns, At safepoint: 4419800 ns, Leaving safepoint: 19000 ns, Total: 4464900 ns, Threads: 5 runnable, 71 total
[32.427s][info][gc       ] GC(63) Pause Young (Mixed) (G1 Evacuation Pause) 739M->477M(792M) 4.979ms
[32.427s][info][safepoint] Safepoint "G1CollectForAllocation", Time since last: 420540600 ns, Reaching safepoint: 15800 ns, At safepoint: 5015800 ns, Leaving safepoint: 12000 ns, Total: 5043600 ns, Threads: 4 runnable, 71 total
[32.745s][info][gc       ] GC(64) Pause Young (Concurrent Start) (G1 Evacuation Pause) 747M->489M(792M) 4.217ms
[32.745s][info][gc       ] GC(65) Concurrent Mark Cycle
[32.745s][info][safepoint] Safepoint "G1CollectForAllocation", Time since last: 313960000 ns, Reaching safepoint: 52500 ns, At safepoint: 4250600 ns, Leaving safepoint: 16700 ns, Total: 4319800 ns, Threads: 10 runnable, 71 total
[32.904s][info][gc       ] GC(65) Pause Remark 591M->591M(820M) 3.357ms
[32.904s][info][safepoint] Safepoint "G1PauseRemark", Time since last: 155801100 ns, Reaching safepoint: 51900 ns, At safepoint: 3385600 ns, Leaving safepoint: 19600 ns, Total: 3457100 ns, Threads: 14 runnable, 71 total
[32.966s][info][gc       ] GC(65) Pause Cleanup 649M->649M(820M) 0.030ms
[32.966s][info][safepoint] Safepoint "G1PauseCleanup", Time since last: 61357600 ns, Reaching safepoint: 16000 ns, At safepoint: 60400 ns, Leaving safepoint: 5800 ns, Total: 82200 ns, Threads: 3 runnable, 71 total
[32.966s][info][gc       ] GC(65) Concurrent Mark Cycle 221.262ms
[33.125s][info][gc       ] GC(66) Pause Young (Prepare Mixed) (G1 Evacuation Pause) 747M->496M(820M) 3.925ms
[33.125s][info][safepoint] Safepoint "G1CollectForAllocation", Time since last: 155929400 ns, Reaching safepoint: 23700 ns, At safepoint: 3960900 ns, Leaving safepoint: 18600 ns, Total: 4003200 ns, Threads: 10 runnable, 71 total
[33.497s][info][gc       ] GC(67) Pause Young (Mixed) (G1 Evacuation Pause) 778M->495M(836M) 6.004ms
[33.497s][info][safepoint] Safepoint "G1CollectForAllocation", Time since last: 365010300 ns, Reaching safepoint: 19000 ns, At safepoint: 6049800 ns, Leaving safepoint: 12700 ns, Total: 6081500 ns, Threads: 3 runnable, 71 total
[33.834s][info][gc       ] GC(68) Pause Young (Concurrent Start) (G1 Evacuation Pause) 791M->506M(836M) 4.074ms
[33.834s][info][gc       ] GC(69) Concurrent Mark Cycle
[33.834s][info][safepoint] Safepoint "G1CollectForAllocation", Time since last: 333464100 ns, Reaching safepoint: 15700 ns, At safepoint: 4116100 ns, Leaving safepoint: 9100 ns, Total: 4140900 ns, Threads: 2 runnable, 71 total
[33.997s][info][gc       ] GC(69) Pause Remark 608M->608M(850M) 4.191ms
[33.997s][info][safepoint] Safepoint "G1PauseRemark", Time since last: 158489100 ns, Reaching safepoint: 5100 ns, At safepoint: 4228900 ns, Leaving safepoint: 5800 ns, Total: 4239800 ns, Threads: 1 runnable, 71 total
[34.054s][info][gc       ] GC(69) Pause Cleanup 638M->638M(850M) 0.030ms
[34.054s][info][safepoint] Safepoint "G1PauseCleanup", Time since last: 57020500 ns, Reaching safepoint: 16200 ns, At safepoint: 62200 ns, Leaving safepoint: 5400 ns, Total: 83800 ns, Threads: 2 runnable, 71 total
[34.055s][info][gc       ] GC(69) Concurrent Mark Cycle 220.457ms
[34.278s][info][gc       ] GC(70) Pause Young (Prepare Mixed) (G1 Evacuation Pause) 788M->516M(850M) 3.895ms
[34.278s][info][safepoint] Safepoint "G1CollectForAllocation", Time since last: 220331300 ns, Reaching safepoint: 15700 ns, At safepoint: 3926600 ns, Leaving safepoint: 9300 ns, Total: 3951600 ns, Threads: 3 runnable, 71 total
[34.649s][info][gc       ] GC(71) Pause Young (Mixed) (G1 Evacuation Pause) 804M->516M(864M) 6.053ms
[34.649s][info][safepoint] Safepoint "G1CollectForAllocation", Time since last: 364697800 ns, Reaching safepoint: 27000 ns, At safepoint: 6089300 ns, Leaving safepoint: 16200 ns, Total: 6132500 ns, Threads: 9 runnable, 71 total
[35.057s][info][gc       ] GC(72) Pause Young (Concurrent Start) (G1 Evacuation Pause) 816M->526M(864M) 4.116ms
[35.057s][info][gc       ] GC(73) Concurrent Mark Cycle
[35.057s][info][safepoint] Safepoint "G1CollectForAllocation", Time since last: 403717900 ns, Reaching safepoint: 18900 ns, At safepoint: 4157400 ns, Leaving safepoint: 17900 ns, Total: 4194200 ns, Threads: 3 runnable, 71 total
[35.231s][info][gc       ] GC(73) Pause Remark 691M->691M(880M) 3.381ms
[35.232s][info][safepoint] Safepoint "G1PauseRemark", Time since last: 171036900 ns, Reaching safepoint: 4800 ns, At safepoint: 3416800 ns, Leaving safepoint: 4800 ns, Total: 3426400 ns, Threads: 0 runnable, 71 total
[35.283s][info][gc       ] GC(73) Pause Cleanup 724M->724M(880M) 0.041ms
[35.283s][info][safepoint] Safepoint "G1PauseCleanup", Time since last: 51434800 ns, Reaching safepoint: 18600 ns, At safepoint: 76000 ns, Leaving safepoint: 14000 ns, Total: 108600 ns, Threads: 9 runnable, 71 total
[35.284s][info][gc       ] GC(73) Concurrent Mark Cycle 226.594ms
[35.390s][info][gc       ] GC(74) Pause Young (Prepare Mixed) (G1 Evacuation Pause) 816M->535M(880M) 4.095ms
[35.390s][info][safepoint] Safepoint "G1CollectForAllocation", Time since last: 103195200 ns, Reaching safepoint: 4600 ns, At safepoint: 4131400 ns, Leaving safepoint: 6900 ns, Total: 4142900 ns, Threads: 0 runnable, 71 total
[35.808s][info][gc       ] GC(75) Pause Young (Mixed) (G1 Evacuation Pause) 833M->533M(898M) 6.373ms
[35.808s][info][safepoint] Safepoint "G1CollectForAllocation", Time since last: 411187200 ns, Reaching safepoint: 4800 ns, At safepoint: 6409200 ns, Leaving safepoint: 10000 ns, Total: 6424000 ns, Threads: 0 runnable, 71 total
[36.191s][info][gc       ] GC(76) Pause Young (Concurrent Start) (G1 Evacuation Pause) 849M->547M(898M) 4.469ms
[36.192s][info][gc       ] GC(77) Concurrent Mark Cycle
[36.192s][info][safepoint] Safepoint "G1CollectForAllocation", Time since last: 378989600 ns, Reaching safepoint: 5400 ns, At safepoint: 4507200 ns, Leaving safepoint: 9900 ns, Total: 4522500 ns, Threads: 0 runnable, 71 total
[36.356s][info][gc       ] GC(77) Pause Remark 736M->736M(914M) 3.196ms
[36.356s][info][safepoint] Safepoint "G1PauseRemark", Time since last: 161392900 ns, Reaching safepoint: 5400 ns, At safepoint: 3228600 ns, Leaving safepoint: 7600 ns, Total: 3241600 ns, Threads: 1 runnable, 71 total
[36.417s][info][gc       ] GC(77) Pause Cleanup 762M->762M(914M) 0.029ms
[36.417s][info][safepoint] Safepoint "G1PauseCleanup", Time since last: 60408400 ns, Reaching safepoint: 35000 ns, At safepoint: 60500 ns, Leaving safepoint: 3400 ns, Total: 98900 ns, Threads: 1 runnable, 71 total
[36.417s][info][gc       ] GC(77) Concurrent Mark Cycle 225.675ms
[36.552s][info][gc       ] GC(78) Pause Young (Prepare Mixed) (G1 Evacuation Pause) 849M->557M(914M) 4.282ms
[36.552s][info][safepoint] Safepoint "G1CollectForAllocation", Time since last: 131176800 ns, Reaching safepoint: 5300 ns, At safepoint: 4321200 ns, Leaving safepoint: 12400 ns, Total: 4338900 ns, Threads: 2 runnable, 71 total
[36.819s][info][gc       ] GC(79) Pause Young (Mixed) (G1 Evacuation Pause) 863M->553M(922M) 6.063ms
[36.819s][info][safepoint] Safepoint "G1CollectForAllocation", Time since last: 261121800 ns, Reaching safepoint: 4600 ns, At safepoint: 6096800 ns, Leaving safepoint: 7500 ns, Total: 6108900 ns, Threads: 0 runnable, 71 total
[37.267s][info][gc       ] GC(80) Pause Young (Concurrent Start) (G1 Evacuation Pause) 873M->567M(922M) 4.323ms
[37.267s][info][gc       ] GC(81) Concurrent Mark Cycle
[37.267s][info][safepoint] Safepoint "G1CollectForAllocation", Time since last: 442832400 ns, Reaching safepoint: 4800 ns, At safepoint: 4371700 ns, Leaving safepoint: 8000 ns, Total: 4384500 ns, Threads: 0 runnable, 69 total
[37.410s][info][gc       ] GC(81) Pause Remark 629M->629M(948M) 3.365ms
[37.410s][info][safepoint] Safepoint "G1PauseRemark", Time since last: 140108000 ns, Reaching safepoint: 15900 ns, At safepoint: 3397500 ns, Leaving safepoint: 7800 ns, Total: 3421200 ns, Threads: 1 runnable, 69 total
[37.465s][info][gc       ] GC(81) Pause Cleanup 652M->652M(948M) 0.034ms
[37.465s][info][safepoint] Safepoint "G1PauseCleanup", Time since last: 55072900 ns, Reaching safepoint: 5000 ns, At safepoint: 67400 ns, Leaving safepoint: 3700 ns, Total: 76100 ns, Threads: 1 runnable, 69 total
[37.466s][info][gc       ] GC(81) Concurrent Mark Cycle 199.225ms
[37.806s][info][gc       ] GC(82) Pause Young (Prepare Mixed) (G1 Evacuation Pause) 871M->576M(948M) 5.021ms
[37.806s][info][safepoint] Safepoint "G1CollectForAllocation", Time since last: 335704700 ns, Reaching safepoint: 19200 ns, At safepoint: 5055700 ns, Leaving safepoint: 14300 ns, Total: 5089200 ns, Threads: 7 runnable, 69 total
[38.160s][info][gc       ] GC(83) Pause Young (Mixed) (G1 Evacuation Pause) 896M->569M(970M) 8.263ms
[38.160s][info][safepoint] Safepoint "G1CollectForAllocation", Time since last: 345768300 ns, Reaching safepoint: 18800 ns, At safepoint: 8300100 ns, Leaving safepoint: 17400 ns, Total: 8336300 ns, Threads: 12 runnable, 69 total
[38.643s][info][gc       ] GC(84) Pause Young (Concurrent Start) (G1 Evacuation Pause) 917M->580M(970M) 4.503ms
[38.643s][info][gc       ] GC(85) Concurrent Mark Cycle
[38.643s][info][safepoint] Safepoint "G1CollectForAllocation", Time since last: 478418600 ns, Reaching safepoint: 15400 ns, At safepoint: 4551100 ns, Leaving safepoint: 6900 ns, Total: 4573400 ns, Threads: 1 runnable, 69 total
[38.826s][info][gc       ] GC(85) Pause Remark 755M->755M(970M) 5.236ms
[38.826s][info][safepoint] Safepoint "G1PauseRemark", Time since last: 177794100 ns, Reaching safepoint: 5700 ns, At safepoint: 5272200 ns, Leaving safepoint: 7400 ns, Total: 5285300 ns, Threads: 1 runnable, 69 total
[38.879s][info][gc       ] GC(85) Pause Cleanup 806M->806M(970M) 0.032ms
[38.879s][info][safepoint] Safepoint "G1PauseCleanup", Time since last: 53152900 ns, Reaching safepoint: 14800 ns, At safepoint: 64300 ns, Leaving safepoint: 2900 ns, Total: 82000 ns, Threads: 1 runnable, 69 total
[38.880s][info][gc       ] GC(85) Concurrent Mark Cycle 236.829ms
[39.027s][info][gc       ] GC(86) Pause Young (Prepare Mixed) (G1 Evacuation Pause) 918M->594M(970M) 5.053ms
[39.027s][info][safepoint] Safepoint "G1CollectForAllocation", Time since last: 142800100 ns, Reaching safepoint: 44600 ns, At safepoint: 5092400 ns, Leaving safepoint: 17800 ns, Total: 5154800 ns, Threads: 15 runnable, 68 total
[39.410s][info][gc       ] GC(87) Pause Young (Mixed) (G1 Evacuation Pause) 918M->590M(982M) 6.146ms
[39.410s][info][safepoint] Safepoint "G1CollectForAllocation", Time since last: 375966300 ns, Reaching safepoint: 15000 ns, At safepoint: 6179800 ns, Leaving safepoint: 5800 ns, Total: 6200600 ns, Threads: 1 runnable, 68 total
[39.727s][info][gc       ] GC(88) Pause Young (Concurrent Start) (G1 Evacuation Pause) 930M->606M(982M) 4.887ms
[39.727s][info][gc       ] GC(89) Concurrent Mark Cycle
[39.727s][info][safepoint] Safepoint "G1CollectForAllocation", Time since last: 312644100 ns, Reaching safepoint: 4500 ns, At safepoint: 4924900 ns, Leaving safepoint: 5500 ns, Total: 4934900 ns, Threads: 0 runnable, 68 total
[39.891s][info][gc       ] GC(89) Pause Remark 723M->723M(1014M) 3.031ms
[39.891s][info][safepoint] Safepoint "G1PauseRemark", Time since last: 160692900 ns, Reaching safepoint: 15200 ns, At safepoint: 3058500 ns, Leaving safepoint: 7900 ns, Total: 3081600 ns, Threads: 2 runnable, 68 total
[39.942s][info][gc       ] GC(89) Pause Cleanup 733M->733M(1014M) 0.033ms
[39.942s][info][safepoint] Safepoint "G1PauseCleanup", Time since last: 50583300 ns, Reaching safepoint: 15100 ns, At safepoint: 61700 ns, Leaving safepoint: 4400 ns, Total: 81200 ns, Threads: 1 runnable, 68 total
[39.942s][info][gc       ] GC(89) Concurrent Mark Cycle 215.073ms
[40.111s][info][gc       ] GC(90) Pause Young (Prepare Mixed) (G1 Evacuation Pause) 928M->621M(1014M) 4.622ms
[40.111s][info][safepoint] Safepoint "G1CollectForAllocation", Time since last: 164958500 ns, Reaching safepoint: 35100 ns, At safepoint: 4654700 ns, Leaving safepoint: 17700 ns, Total: 4707500 ns, Threads: 14 runnable, 68 total
[40.565s][info][gc       ] GC(91) Pause Young (Mixed) (G1 Evacuation Pause) 961M->616M(1036M) 7.410ms
[40.565s][info][safepoint] Safepoint "G1CollectForAllocation", Time since last: 446478000 ns, Reaching safepoint: 4300 ns, At safepoint: 7441600 ns, Leaving safepoint: 7700 ns, Total: 7453600 ns, Threads: 0 runnable, 67 total
[41.007s][info][gc       ] GC(92) Pause Young (Concurrent Start) (G1 Evacuation Pause) 980M->630M(1036M) 4.738ms
[41.007s][info][gc       ] GC(93) Concurrent Mark Cycle
[41.007s][info][safepoint] Safepoint "G1CollectForAllocation", Time since last: 437270600 ns, Reaching safepoint: 4100 ns, At safepoint: 4772100 ns, Leaving safepoint: 5500 ns, Total: 4781700 ns, Threads: 0 runnable, 68 total
[41.188s][info][gc       ] GC(93) Pause Remark 753M->753M(1054M) 3.457ms
[41.188s][info][safepoint] Safepoint "G1PauseRemark", Time since last: 177393500 ns, Reaching safepoint: 6700 ns, At safepoint: 3487800 ns, Leaving safepoint: 9000 ns, Total: 3503500 ns, Threads: 1 runnable, 68 total
[41.246s][info][gc       ] GC(93) Pause Cleanup 777M->777M(1054M) 0.035ms
[41.246s][info][safepoint] Safepoint "G1PauseCleanup", Time since last: 58061000 ns, Reaching safepoint: 15200 ns, At safepoint: 66800 ns, Leaving safepoint: 8600 ns, Total: 90600 ns, Threads: 3 runnable, 68 total
[41.247s][info][gc       ] GC(93) Concurrent Mark Cycle 239.695ms
[41.492s][info][gc       ] GC(94) Pause Young (Prepare Mixed) (G1 Evacuation Pause) 980M->644M(1054M) 5.165ms
[41.492s][info][safepoint] Safepoint "G1CollectForAllocation", Time since last: 240444700 ns, Reaching safepoint: 4800 ns, At safepoint: 5199100 ns, Leaving safepoint: 9000 ns, Total: 5212900 ns, Threads: 0 runnable, 68 total
[41.922s][info][gc       ] GC(95) Pause Young (Mixed) (G1 Evacuation Pause) 998M->639M(1080M) 7.372ms
[41.922s][info][safepoint] Safepoint "G1CollectForAllocation", Time since last: 422465300 ns, Reaching safepoint: 72500 ns, At safepoint: 7412600 ns, Leaving safepoint: 15900 ns, Total: 7501000 ns, Threads: 9 runnable, 68 total
[42.346s][info][gc       ] GC(96) Pause Young (Concurrent Start) (G1 Evacuation Pause) 1025M->655M(1080M) 5.482ms
[42.346s][info][gc       ] GC(97) Concurrent Mark Cycle
[42.346s][info][safepoint] Safepoint "G1CollectForAllocation", Time since last: 418909900 ns, Reaching safepoint: 16500 ns, At safepoint: 5519100 ns, Leaving safepoint: 6500 ns, Total: 5542100 ns, Threads: 1 runnable, 68 total
[42.533s][info][gc       ] GC(97) Pause Remark 757M->757M(1098M) 3.004ms
[42.533s][info][safepoint] Safepoint "G1PauseRemark", Time since last: 183274600 ns, Reaching safepoint: 5400 ns, At safepoint: 3036100 ns, Leaving safepoint: 5000 ns, Total: 3046500 ns, Threads: 1 runnable, 68 total
[42.603s][info][gc       ] GC(97) Pause Cleanup 837M->837M(1098M) 0.039ms
[42.604s][info][safepoint] Safepoint "G1PauseCleanup", Time since last: 70685100 ns, Reaching safepoint: 15800 ns, At safepoint: 73700 ns, Leaving safepoint: 5400 ns, Total: 94900 ns, Threads: 1 runnable, 68 total
[42.604s][info][gc       ] GC(97) Concurrent Mark Cycle 257.801ms
[42.937s][info][gc       ] GC(98) Pause Young (Prepare Mixed) (G1 Evacuation Pause) 1021M->664M(1098M) 4.613ms
[42.937s][info][safepoint] Safepoint "G1CollectForAllocation", Time since last: 328409700 ns, Reaching safepoint: 15900 ns, At safepoint: 4647000 ns, Leaving safepoint: 9400 ns, Total: 4672300 ns, Threads: 2 runnable, 67 total
[45.344s][info][gc       ] GC(99) Pause Young (Mixed) (G1 Evacuation Pause) 1040M->652M(1100M) 5.438ms
[45.344s][info][safepoint] Safepoint "G1CollectForAllocation", Time since last: 2402337400 ns, Reaching safepoint: 19400 ns, At safepoint: 5475200 ns, Leaving safepoint: 14700 ns, Total: 5509300 ns, Threads: 4 runnable, 65 total
[48.591s][info][gc       ] GC(100) Pause Young (Concurrent Start) (G1 Evacuation Pause) 1044M->653M(1100M) 3.497ms
[48.591s][info][gc       ] GC(101) Concurrent Mark Cycle
[48.591s][info][safepoint] Safepoint "G1CollectForAllocation", Time since last: 3243459800 ns, Reaching safepoint: 16000 ns, At safepoint: 3533200 ns, Leaving safepoint: 6600 ns, Total: 3555800 ns, Threads: 1 runnable, 66 total
[48.762s][info][gc       ] GC(101) Pause Remark 702M->702M(1100M) 2.880ms
[48.762s][info][safepoint] Safepoint "G1PauseRemark", Time since last: 168042300 ns, Reaching safepoint: 5100 ns, At safepoint: 2911800 ns, Leaving safepoint: 4900 ns, Total: 2921800 ns, Threads: 0 runnable, 66 total
[48.813s][info][gc       ] GC(101) Pause Cleanup 708M->708M(1100M) 0.032ms
[48.813s][info][safepoint] Safepoint "G1PauseCleanup", Time since last: 50082000 ns, Reaching safepoint: 4300 ns, At safepoint: 62900 ns, Leaving safepoint: 500 ns, Total: 67700 ns, Threads: 0 runnable, 66 total
[48.813s][info][gc       ] GC(101) Concurrent Mark Cycle 221.656ms
[51.393s][info][gc       ] GC(102) Pause Young (Prepare Mixed) (G1 Evacuation Pause) 1043M->656M(1100M) 3.220ms
[51.393s][info][safepoint] Safepoint "G1CollectForAllocation", Time since last: 2577090300 ns, Reaching safepoint: 25600 ns, At safepoint: 3255300 ns, Leaving safepoint: 18200 ns, Total: 3299100 ns, Threads: 8 runnable, 65 total
[56.738s][info][gc       ] GC(103) Pause Young (Mixed) (G1 Evacuation Pause) 1042M->639M(1100M) 4.670ms
[56.738s][info][safepoint] Safepoint "G1CollectForAllocation", Time since last: 5339900900 ns, Reaching safepoint: 14900 ns, At safepoint: 4706700 ns, Leaving safepoint: 7000 ns, Total: 4728600 ns, Threads: 1 runnable, 64 total
[66.642s][info][gc       ] GC(104) Pause Young (Concurrent Start) (G1 Evacuation Pause) 1041M->640M(1100M) 2.735ms
[66.642s][info][gc       ] GC(105) Concurrent Mark Cycle
[66.642s][info][safepoint] Safepoint "G1CollectForAllocation", Time since last: 9901276600 ns, Reaching safepoint: 17100 ns, At safepoint: 2777000 ns, Leaving safepoint: 9000 ns, Total: 2803100 ns, Threads: 1 runnable, 64 total
[66.796s][info][gc       ] GC(105) Pause Remark 649M->649M(1100M) 3.166ms
[66.796s][info][safepoint] Safepoint "G1PauseRemark", Time since last: 151128700 ns, Reaching safepoint: 5700 ns, At safepoint: 3198700 ns, Leaving safepoint: 1100 ns, Total: 3205500 ns, Threads: 0 runnable, 64 total
[66.848s][info][gc       ] GC(105) Pause Cleanup 651M->651M(1100M) 0.039ms
[66.848s][info][safepoint] Safepoint "G1PauseCleanup", Time since last: 51464300 ns, Reaching safepoint: 4900 ns, At safepoint: 72200 ns, Leaving safepoint: 500 ns, Total: 77600 ns, Threads: 0 runnable, 64 total
[66.848s][info][gc       ] GC(105) Concurrent Mark Cycle 206.433ms
[78.392s][info][gc       ] GC(106) Pause Young (Prepare Mixed) (G1 Evacuation Pause) 1040M->639M(1100M) 2.550ms
[78.392s][info][safepoint] Safepoint "G1CollectForAllocation", Time since last: 11541903000 ns, Reaching safepoint: 25900 ns, At safepoint: 2584800 ns, Leaving safepoint: 6600 ns, Total: 2617300 ns, Threads: 2 runnable, 63 total
[93.033s][info][gc       ] GC(107) Pause Young (Mixed) (G1 Evacuation Pause) 1041M->630M(1100M) 4.092ms
[93.033s][info][safepoint] Safepoint "G1CollectForAllocation", Time since last: 14636329400 ns, Reaching safepoint: 16500 ns, At safepoint: 4125400 ns, Leaving safepoint: 5900 ns, Total: 4147800 ns, Threads: 1 runnable, 59 total
[109.456s][info][gc       ] GC(108) Pause Young (Concurrent Start) (G1 Evacuation Pause) 1042M->629M(1100M) 2.430ms
[109.456s][info][gc       ] GC(109) Concurrent Mark Cycle
[109.456s][info][safepoint] Safepoint "G1CollectForAllocation", Time since last: 16420561500 ns, Reaching safepoint: 4500 ns, At safepoint: 2467200 ns, Leaving safepoint: 3600 ns, Total: 2475300 ns, Threads: 0 runnable, 54 total
[109.608s][info][gc       ] GC(109) Pause Remark 634M->634M(1100M) 3.776ms
[109.608s][info][safepoint] Safepoint "G1PauseRemark", Time since last: 148430800 ns, Reaching safepoint: 4600 ns, At safepoint: 3810600 ns, Leaving safepoint: 3300 ns, Total: 3818500 ns, Threads: 0 runnable, 54 total
[109.657s][info][gc       ] GC(109) Pause Cleanup 637M->637M(1100M) 0.034ms
[109.657s][info][safepoint] Safepoint "G1PauseCleanup", Time since last: 49220500 ns, Reaching safepoint: 24500 ns, At safepoint: 74000 ns, Leaving safepoint: 4000 ns, Total: 102500 ns, Threads: 1 runnable, 54 total
[109.658s][info][gc       ] GC(109) Concurrent Mark Cycle 202.044ms
[127.333s][info][gc       ] GC(110) Pause Young (Prepare Mixed) (G1 Evacuation Pause) 1041M->630M(1100M) 2.507ms
[127.333s][info][safepoint] Safepoint "G1CollectForAllocation", Time since last: 17673588800 ns, Reaching safepoint: 4900 ns, At safepoint: 2541500 ns, Leaving safepoint: 5500 ns, Total: 2551900 ns, Threads: 1 runnable, 53 total
[137.925s][info][gc       ] GC(111) Pause Young (Mixed) (G1 Evacuation Pause) 1042M->637M(1100M) 6.834ms
[137.925s][info][safepoint] Safepoint "G1CollectForAllocation", Time since last: 10584826400 ns, Reaching safepoint: 251500 ns, At safepoint: 6872500 ns, Leaving safepoint: 16400 ns, Total: 7140400 ns, Threads: 7 runnable, 62 total
[137.959s][info][gc       ] GC(112) Pause Young (Concurrent Start) (G1 Evacuation Pause) 1043M->664M(1104M) 8.553ms
[137.959s][info][gc       ] GC(113) Concurrent Mark Cycle
[137.959s][info][safepoint] Safepoint "G1CollectForAllocation", Time since last: 25273200 ns, Reaching safepoint: 29100 ns, At safepoint: 8588100 ns, Leaving safepoint: 16800 ns, Total: 8634000 ns, Threads: 7 runnable, 62 total
[138.004s][info][gc       ] GC(114) Pause Young (Normal) (G1 Evacuation Pause) 1044M->690M(1120M) 10.360ms
[138.004s][info][safepoint] Safepoint "G1CollectForAllocation", Time since last: 33940300 ns, Reaching safepoint: 55500 ns, At safepoint: 10395800 ns, Leaving safepoint: 24700 ns, Total: 10476000 ns, Threads: 6 runnable, 62 total
[138.161s][info][gc       ] GC(113) Pause Remark 958M->958M(1154M) 3.647ms
[138.161s][info][safepoint] Safepoint "G1PauseRemark", Time since last: 153867100 ns, Reaching safepoint: 5400 ns, At safepoint: 3673400 ns, Leaving safepoint: 4900 ns, Total: 3683700 ns, Threads: 0 runnable, 62 total
[138.215s][info][gc       ] GC(113) Pause Cleanup 961M->961M(1154M) 0.036ms
[138.215s][info][safepoint] Safepoint "G1PauseCleanup", Time since last: 54110700 ns, Reaching safepoint: 14600 ns, At safepoint: 64100 ns, Leaving safepoint: 3200 ns, Total: 81900 ns, Threads: 1 runnable, 62 total
[138.216s][info][gc       ] GC(113) Concurrent Mark Cycle 256.936ms
