# ./gradlew :26.3:runBenchmarkAutorun -PrigtuneAutorun=benchmark-world-tune (options.txt renderDistance:8), 2026-09-26, commit 3b2b2d4; the RigTune lines of latest.log
[05:02:42] [RigTune worker/INFO] (RigTune) Hardware: HardwareProfile[cpu=CpuInfo[name=AMD Ryzen 7 7800X3D 8-Core Processor, physicalCores=8, logicalCores=16, maxFreqMhz=4200], gpu=GpuInfo[vendorString=ATI Technologies Inc., renderer=AMD Radeon RX 7800 XT, driverVersion=3.3.0 Core Profile Context 26.8.1.260810, backend=OPENGL, vramMb=16368], totalRamMb=31849, maxHeapMb=7964, display=DisplayInfo[width=2560, height=1440, refreshRate=180, fullscreen=false], hasBattery=false, onBattery=false, osName=Windows 11 10.0, mcVersion=26.3, flags=[sodium-workaround:AMD_GAME_OPTIMIZATION_BROKEN]]
[05:02:44] [Render thread/INFO] (RigTune) Benchmark world: IDLE -> OPENING (creating the save)
[05:02:47] [Render thread/INFO] (RigTune) Dev autorun: mode benchmark-world-tune: start from the title screen at render distance 8 -> started
[05:02:49] [Render thread/INFO] (RigTune) Benchmark world: OPENING -> SETTING_UP (SET_UP Observation[worldLoaded=true, multiplayer=false, serverRunning=true, singleplayerReady=true, benchmarkSave=true, backOnMenu=false, atCamera=false])
[05:02:50] [Render thread/INFO] (RigTune) Benchmark world: SETTING_UP -> READY (READY Observation[worldLoaded=true, multiplayer=false, serverRunning=true, singleplayerReady=true, benchmarkSave=true, backOnMenu=false, atCamera=true])
[05:02:50] [Render thread/INFO] (RigTune) Benchmark world: ready at (0.5, 133.0, 192.5)
[05:02:51] [Render thread/INFO] (RigTune) Benchmark started: TUNE in BENCHMARK_WORLD, target 170.0 FPS (uncapped), start Knobs[renderDistance=8, simulationDistance=12, dhRendering=false, shaders=false]
[05:02:54] [Render thread/INFO] (RigTune) Benchmark settle RENDER_DISTANCE Knobs[renderDistance=8, simulationDistance=12, dhRendering=false, shaders=false]: 149 of 149 chunks within 7 present, client holds 271, 3.1 s
[05:03:11] [Render thread/INFO] (RigTune) Benchmark RENDER_DISTANCE Knobs[renderDistance=8, simulationDistance=12, dhRendering=false, shaders=false]: 52845 frames, avg 3293 FPS, 1% low 602 FPS, client chunks 329 (frame limit 260, NONE)
[05:03:13] [Render thread/INFO] (RigTune) Benchmark settle RENDER_DISTANCE Knobs[renderDistance=10, simulationDistance=12, dhRendering=false, shaders=false]: 253 of 253 chunks within 9 present, client holds 473, 2.0 s
[05:03:31] [Render thread/INFO] (RigTune) Benchmark RENDER_DISTANCE Knobs[renderDistance=10, simulationDistance=12, dhRendering=false, shaders=false]: 50051 frames, avg 3109 FPS, 1% low 646 FPS, client chunks 473 (frame limit 260, NONE)
[05:03:33] [Render thread/INFO] (RigTune) Benchmark settle RENDER_DISTANCE Knobs[renderDistance=14, simulationDistance=12, dhRendering=false, shaders=false]: 529 of 529 chunks within 13 present, client holds 726, 2.0 s
[05:03:51] [Render thread/INFO] (RigTune) Benchmark RENDER_DISTANCE Knobs[renderDistance=14, simulationDistance=12, dhRendering=false, shaders=false]: 40391 frames, avg 2517 FPS, 1% low 559 FPS, client chunks 841 (frame limit 260, NONE)
[05:03:57] [Render thread/INFO] (RigTune) Benchmark settle RENDER_DISTANCE Knobs[renderDistance=22, simulationDistance=12, dhRendering=false, shaders=false]: 1373 of 1373 chunks within 21 present, client holds 1708, 6.3 s
[05:04:15] [Render thread/INFO] (RigTune) Benchmark RENDER_DISTANCE Knobs[renderDistance=22, simulationDistance=12, dhRendering=false, shaders=false]: 28272 frames, avg 1756 FPS, 1% low 525 FPS, client chunks 1873 (frame limit 260, NONE)
[05:04:27] [Render thread/INFO] (RigTune) Benchmark settle RENDER_DISTANCE Knobs[renderDistance=32, simulationDistance=12, dhRendering=false, shaders=false]: 3001 of 3001 chunks within 31 present, client holds 3550, 12.3 s
[05:04:44] [Render thread/INFO] (RigTune) Benchmark RENDER_DISTANCE Knobs[renderDistance=32, simulationDistance=12, dhRendering=false, shaders=false]: 18514 frames, avg 1155 FPS, 1% low 290 FPS, client chunks 3725 (frame limit 260, NONE)
[05:04:47] [Render thread/INFO] (RigTune) Benchmark settle REPEAT Knobs[renderDistance=32, simulationDistance=12, dhRendering=false, shaders=false]: 3001 of 3001 chunks within 31 present, client holds 3725, 2.0 s
[05:05:04] [Render thread/INFO] (RigTune) Benchmark REPEAT Knobs[renderDistance=32, simulationDistance=12, dhRendering=false, shaders=false]: 19302 frames, avg 1206 FPS, 1% low 576 FPS, client chunks 3725 (frame limit 260, NONE)
[05:05:06] [Render thread/INFO] (RigTune) Benchmark settle REPEAT Knobs[renderDistance=32, simulationDistance=12, dhRendering=false, shaders=false]: 3001 of 3001 chunks within 31 present, client holds 3725, 2.0 s
[05:05:24] [Render thread/INFO] (RigTune) Benchmark REPEAT Knobs[renderDistance=32, simulationDistance=12, dhRendering=false, shaders=false]: 19351 frames, avg 1206 FPS, 1% low 622 FPS, client chunks 3725 (frame limit 260, NONE)
[05:05:24] [Render thread/INFO] (RigTune) Benchmark finished: chosen Knobs[renderDistance=32, simulationDistance=12, dhRendering=false, shaders=false], target 170.0 FPS met true, result Aggregate[avgFps=1206.0202337223302, onePercentLowFps=599.27335719608, p99FrameMs=1.4156, repeats=2, cv=0.05417774891364039], deadline hit false
[05:05:24] [Render thread/INFO] (RigTune) Benchmark world: READY -> LEAVING (save and quit)
[05:05:26] [Render thread/INFO] (RigTune) Benchmark world: LEAVING -> IDLE (FINISH_EXIT Observation[worldLoaded=false, multiplayer=false, serverRunning=false, singleplayerReady=false, benchmarkSave=false, backOnMenu=false, atCamera=false])
[05:05:26] [Render thread/INFO] (RigTune) Dev autorun: back from the benchmark world: world state IDLE, screen BenchmarkResultScreen, outcome finished, record 2026-09-25T19:05:24Z-f3fa
[05:05:26] [Render thread/INFO] (RigTune) Dev autorun: step 1 RENDER_DISTANCE RD 8: 149 of 149 chunks within 7 present, client holds 271, settle 3.1 s
[05:05:26] [Render thread/INFO] (RigTune) Dev autorun: step 2 RENDER_DISTANCE RD 10: 253 of 253 chunks within 9 present, client holds 473, settle 2.0 s
[05:05:26] [Render thread/INFO] (RigTune) Dev autorun: step 3 RENDER_DISTANCE RD 14: 529 of 529 chunks within 13 present, client holds 726, settle 2.0 s
[05:05:26] [Render thread/INFO] (RigTune) Dev autorun: step 4 RENDER_DISTANCE RD 22: 1373 of 1373 chunks within 21 present, client holds 1708, settle 6.3 s
[05:05:26] [Render thread/INFO] (RigTune) Dev autorun: step 5 RENDER_DISTANCE RD 32: 3001 of 3001 chunks within 31 present, client holds 3550, settle 12.3 s
[05:05:26] [Render thread/INFO] (RigTune) Dev autorun: step 6 REPEAT RD 32: 3001 of 3001 chunks within 31 present, client holds 3725, settle 2.0 s
[05:05:26] [Render thread/INFO] (RigTune) Dev autorun: step 7 REPEAT RD 32: 3001 of 3001 chunks within 31 present, client holds 3725, settle 2.0 s
[05:05:26] [Render thread/INFO] (RigTune) Dev autorun: render distance 8: avg 3293 FPS, 1% low 602 FPS, meets
[05:05:26] [Render thread/INFO] (RigTune) Dev autorun: render distance 10: avg 3109 FPS, 1% low 646 FPS, meets
[05:05:26] [Render thread/INFO] (RigTune) Dev autorun: render distance 14: avg 2517 FPS, 1% low 559 FPS, meets
[05:05:26] [Render thread/INFO] (RigTune) Dev autorun: render distance 22: avg 1756 FPS, 1% low 525 FPS, meets
[05:05:26] [Render thread/INFO] (RigTune) Dev autorun: render distance 32: avg 1155 FPS, 1% low 290 FPS, meets
[05:05:26] [Render thread/INFO] (RigTune) Dev autorun: target 170 FPS, chosen Knobs[renderDistance=32, simulationDistance=12, dhRendering=false, shaders=false], Target met at the maximum render distance (32)
[05:05:28] [Render thread/INFO] (RigTune) Dev autorun: screen now BenchmarkResultScreen; PASSED; stopping the client
